../Core/Src/main.c:118:9:getCommandCode	16	static
../Core/Src/main.c:122:9:getArguments	16	static
../Core/Src/main.c:126:6:ledOn	8	static
../Core/Src/main.c:130:6:ledOff	8	static
../Core/Src/main.c:134:6:toggle	8	static
../Core/Src/main.c:138:6:ledToggleOn	32	static
../Core/Src/main.c:145:6:ledToggleOff	16	static
../Core/Src/main.c:150:6:ledExit	16	static
../Core/Src/main.c:164:6:ledError	16	static
../Core/Src/main.c:169:6:ledStatus	24	static
../Core/Src/main.c:174:6:vApplicationIdleHook	4	static,ignoring_inline_asm
../Core/Src/main.c:179:6:HAL_UART_RxCpltCallback	32	static,ignoring_inline_asm
../Core/Src/main.c:206:6:sendMessage	16	static
../Core/Src/main.c:212:6:Task1_Menu_Display	32	static
../Core/Src/main.c:225:6:Task2_Command_Handling_Handler	32	static
../Core/Src/main.c:244:6:Task3_Command_Process_Handler	80	static
../Core/Src/main.c:283:6:Task4_Uart_Write_Handler	24	static
../Core/Src/main.c:306:5:main	16	static
../Core/Src/main.c:402:6:SystemClock_Config	88	static
../Core/Src/main.c:443:13:MX_NVIC_Init	8	static
../Core/Src/main.c:455:13:MX_USART2_UART_Init	8	static
../Core/Src/main.c:488:13:MX_GPIO_Init	40	static
../Core/Src/main.c:520:6:HAL_TIM_PeriodElapsedCallback	16	static
../Core/Src/main.c:537:6:Error_Handler	4	static,ignoring_inline_asm
