../Core/Src/main.c:65:6:sendMessage	16	static
../Core/Src/main.c:72:6:Periodic_Task_Handler	16	static
../Core/Src/main.c:83:6:Handler_Task_Handler	16	static
../Core/Src/main.c:92:6:softwareInterruptConfig	8	static
../Core/Src/main.c:99:6:softwareInterrupt	16	static,ignoring_inline_asm
../Core/Src/main.c:137:5:main	16	static
../Core/Src/main.c:212:6:SystemClock_Config	88	static
../Core/Src/main.c:254:13:MX_USART2_UART_Init	8	static
../Core/Src/main.c:287:13:MX_GPIO_Init	32	static
../Core/Src/main.c:318:6:HAL_TIM_PeriodElapsedCallback	16	static
../Core/Src/main.c:335:6:Error_Handler	4	static,ignoring_inline_asm
