Archive member included to satisfy reference by file (symbol)

c:/st/stm32cubeide_1.9.0/stm32cubeide/plugins/com.st.stm32cube.ide.mcu.externaltools.gnu-tools-for-stm32.10.3-2021.10.win32_1.0.0.202111181127/tools/bin/../lib/gcc/arm-none-eabi/10.3.1/../../../../arm-none-eabi/lib/thumb/v7e-m+fp/hard\libc_nano.a(lib_a-errno.o)
                              ./Core/Src/syscalls.o (__errno)
c:/st/stm32cubeide_1.9.0/stm32cubeide/plugins/com.st.stm32cube.ide.mcu.externaltools.gnu-tools-for-stm32.10.3-2021.10.win32_1.0.0.202111181127/tools/bin/../lib/gcc/arm-none-eabi/10.3.1/../../../../arm-none-eabi/lib/thumb/v7e-m+fp/hard\libc_nano.a(lib_a-exit.o)
                              c:/st/stm32cubeide_1.9.0/stm32cubeide/plugins/com.st.stm32cube.ide.mcu.externaltools.gnu-tools-for-stm32.10.3-2021.10.win32_1.0.0.202111181127/tools/bin/../lib/gcc/arm-none-eabi/10.3.1/../../../../arm-none-eabi/lib/thumb/v7e-m+fp/hard/crt0.o (exit)
c:/st/stm32cubeide_1.9.0/stm32cubeide/plugins/com.st.stm32cube.ide.mcu.externaltools.gnu-tools-for-stm32.10.3-2021.10.win32_1.0.0.202111181127/tools/bin/../lib/gcc/arm-none-eabi/10.3.1/../../../../arm-none-eabi/lib/thumb/v7e-m+fp/hard\libc_nano.a(lib_a-impure.o)
                              c:/st/stm32cubeide_1.9.0/stm32cubeide/plugins/com.st.stm32cube.ide.mcu.externaltools.gnu-tools-for-stm32.10.3-2021.10.win32_1.0.0.202111181127/tools/bin/../lib/gcc/arm-none-eabi/10.3.1/../../../../arm-none-eabi/lib/thumb/v7e-m+fp/hard\libc_nano.a(lib_a-exit.o) (_global_impure_ptr)
c:/st/stm32cubeide_1.9.0/stm32cubeide/plugins/com.st.stm32cube.ide.mcu.externaltools.gnu-tools-for-stm32.10.3-2021.10.win32_1.0.0.202111181127/tools/bin/../lib/gcc/arm-none-eabi/10.3.1/../../../../arm-none-eabi/lib/thumb/v7e-m+fp/hard\libc_nano.a(lib_a-init.o)
                              c:/st/stm32cubeide_1.9.0/stm32cubeide/plugins/com.st.stm32cube.ide.mcu.externaltools.gnu-tools-for-stm32.10.3-2021.10.win32_1.0.0.202111181127/tools/bin/../lib/gcc/arm-none-eabi/10.3.1/../../../../arm-none-eabi/lib/thumb/v7e-m+fp/hard/crt0.o (__libc_init_array)
c:/st/stm32cubeide_1.9.0/stm32cubeide/plugins/com.st.stm32cube.ide.mcu.externaltools.gnu-tools-for-stm32.10.3-2021.10.win32_1.0.0.202111181127/tools/bin/../lib/gcc/arm-none-eabi/10.3.1/../../../../arm-none-eabi/lib/thumb/v7e-m+fp/hard\libc_nano.a(lib_a-memcpy-stub.o)
                              ./MiddleWares/Third_Party/FreeRTOS/org/Source/queue.o (memcpy)
c:/st/stm32cubeide_1.9.0/stm32cubeide/plugins/com.st.stm32cube.ide.mcu.externaltools.gnu-tools-for-stm32.10.3-2021.10.win32_1.0.0.202111181127/tools/bin/../lib/gcc/arm-none-eabi/10.3.1/../../../../arm-none-eabi/lib/thumb/v7e-m+fp/hard\libc_nano.a(lib_a-memset.o)
                              c:/st/stm32cubeide_1.9.0/stm32cubeide/plugins/com.st.stm32cube.ide.mcu.externaltools.gnu-tools-for-stm32.10.3-2021.10.win32_1.0.0.202111181127/tools/bin/../lib/gcc/arm-none-eabi/10.3.1/../../../../arm-none-eabi/lib/thumb/v7e-m+fp/hard/crt0.o (memset)
c:/st/stm32cubeide_1.9.0/stm32cubeide/plugins/com.st.stm32cube.ide.mcu.externaltools.gnu-tools-for-stm32.10.3-2021.10.win32_1.0.0.202111181127/tools/bin/../lib/gcc/arm-none-eabi/10.3.1/../../../../arm-none-eabi/lib/thumb/v7e-m+fp/hard\libc_nano.a(lib_a-strlen.o)
                              ./Core/Src/main.o (strlen)
c:/st/stm32cubeide_1.9.0/stm32cubeide/plugins/com.st.stm32cube.ide.mcu.externaltools.gnu-tools-for-stm32.10.3-2021.10.win32_1.0.0.202111181127/tools/bin/../lib/gcc/arm-none-eabi/10.3.1/thumb/v7e-m+fp/hard\libgcc.a(_aeabi_uldivmod.o)
                              ./Drivers/STM32F4xx_HAL_Driver/Src/stm32f4xx_hal_rcc.o (__aeabi_uldivmod)
c:/st/stm32cubeide_1.9.0/stm32cubeide/plugins/com.st.stm32cube.ide.mcu.externaltools.gnu-tools-for-stm32.10.3-2021.10.win32_1.0.0.202111181127/tools/bin/../lib/gcc/arm-none-eabi/10.3.1/thumb/v7e-m+fp/hard\libgcc.a(_udivmoddi4.o)
                              c:/st/stm32cubeide_1.9.0/stm32cubeide/plugins/com.st.stm32cube.ide.mcu.externaltools.gnu-tools-for-stm32.10.3-2021.10.win32_1.0.0.202111181127/tools/bin/../lib/gcc/arm-none-eabi/10.3.1/thumb/v7e-m+fp/hard\libgcc.a(_aeabi_uldivmod.o) (__udivmoddi4)
c:/st/stm32cubeide_1.9.0/stm32cubeide/plugins/com.st.stm32cube.ide.mcu.externaltools.gnu-tools-for-stm32.10.3-2021.10.win32_1.0.0.202111181127/tools/bin/../lib/gcc/arm-none-eabi/10.3.1/thumb/v7e-m+fp/hard\libgcc.a(_dvmd_tls.o)
                              c:/st/stm32cubeide_1.9.0/stm32cubeide/plugins/com.st.stm32cube.ide.mcu.externaltools.gnu-tools-for-stm32.10.3-2021.10.win32_1.0.0.202111181127/tools/bin/../lib/gcc/arm-none-eabi/10.3.1/thumb/v7e-m+fp/hard\libgcc.a(_aeabi_uldivmod.o) (__aeabi_ldiv0)

Discarded input sections

 .text          0x0000000000000000        0x0 c:/st/stm32cubeide_1.9.0/stm32cubeide/plugins/com.st.stm32cube.ide.mcu.externaltools.gnu-tools-for-stm32.10.3-2021.10.win32_1.0.0.202111181127/tools/bin/../lib/gcc/arm-none-eabi/10.3.1/thumb/v7e-m+fp/hard/crti.o
[...]
Memory Configuration

Name             Origin             Length             Attributes
CCMRAM           0x0000000010000000 0x0000000000010000 xrw
RAM              0x0000000020000000 0x0000000000020000 xrw
FLASH            0x0000000008000000 0x0000000000100000 xr
*default*        0x0000000000000000 0xffffffffffffffff

Linker script and memory map

LOAD c:/st/stm32cubeide_1.9.0/stm32cubeide/plugins/com.st.stm32cube.ide.mcu.externaltools.gnu-tools-for-stm32.10.3-2021.10.win32_1.0.0.202111181127/tools/bin/../lib/gcc/arm-none-eabi/10.3.1/thumb/v7e-m+fp/hard/crti.o
LOAD c:/st/stm32cubeide_1.9.0/stm32cubeide/plugins/com.st.stm32cube.ide.mcu.externaltools.gnu-tools-for-stm32.10.3-2021.10.win32_1.0.0.202111181127/tools/bin/../lib/gcc/arm-none-eabi/10.3.1/thumb/v7e-m+fp/hard/crtbegin.o
LOAD c:/st/stm32cubeide_1.9.0/stm32cubeide/plugins/com.st.stm32cube.ide.mcu.externaltools.gnu-tools-for-stm32.10.3-2021.10.win32_1.0.0.202111181127/tools/bin/../lib/gcc/arm-none-eabi/10.3.1/../../../../arm-none-eabi/lib/thumb/v7e-m+fp/hard/crt0.o
LOAD ./Core/Src/main.o
LOAD ./Core/Src/stm32f4xx_hal_msp.o
LOAD ./Core/Src/stm32f4xx_hal_timebase_tim.o
LOAD ./Core/Src/stm32f4xx_it.o
LOAD ./Core/Src/syscalls.o
LOAD ./Core/Src/sysmem.o
LOAD ./Core/Src/system_stm32f4xx.o
LOAD ./Core/Startup/startup_stm32f407vgtx.o
LOAD ./Drivers/STM32F4xx_HAL_Driver/Src/stm32f4xx_hal.o
LOAD ./Drivers/STM32F4xx_HAL_Driver/Src/stm32f4xx_hal_cortex.o
LOAD ./Drivers/STM32F4xx_HAL_Driver/Src/stm32f4xx_hal_dma.o
LOAD ./Drivers/STM32F4xx_HAL_Driver/Src/stm32f4xx_hal_dma_ex.o
LOAD ./Drivers/STM32F4xx_HAL_Driver/Src/stm32f4xx_hal_exti.o
LOAD ./Drivers/STM32F4xx_HAL_Driver/Src/stm32f4xx_hal_flash.o
LOAD ./Drivers/STM32F4xx_HAL_Driver/Src/stm32f4xx_hal_flash_ex.o
LOAD ./Drivers/STM32F4xx_HAL_Driver/Src/stm32f4xx_hal_flash_ramfunc.o
LOAD ./Drivers/STM32F4xx_HAL_Driver/Src/stm32f4xx_hal_gpio.o
LOAD ./Drivers/STM32F4xx_HAL_Driver/Src/stm32f4xx_hal_pwr.o
LOAD ./Drivers/STM32F4xx_HAL_Driver/Src/stm32f4xx_hal_pwr_ex.o
LOAD ./Drivers/STM32F4xx_HAL_Driver/Src/stm32f4xx_hal_rcc.o
LOAD ./Drivers/STM32F4xx_HAL_Driver/Src/stm32f4xx_hal_rcc_ex.o
LOAD ./Drivers/STM32F4xx_HAL_Driver/Src/stm32f4xx_hal_tim.o
LOAD ./Drivers/STM32F4xx_HAL_Driver/Src/stm32f4xx_hal_tim_ex.o
LOAD ./Drivers/STM32F4xx_HAL_Driver/Src/stm32f4xx_hal_uart.o
LOAD ./MiddleWares/Third_Party/FreeRTOS/org/Source/croutine.o
LOAD ./MiddleWares/Third_Party/FreeRTOS/org/Source/event_groups.o
LOAD ./MiddleWares/Third_Party/FreeRTOS/org/Source/list.o
LOAD ./MiddleWares/Third_Party/FreeRTOS/org/Source/queue.o
LOAD ./MiddleWares/Third_Party/FreeRTOS/org/Source/stream_buffer.o
LOAD ./MiddleWares/Third_Party/FreeRTOS/org/Source/tasks.o
LOAD ./MiddleWares/Third_Party/FreeRTOS/org/Source/timers.o
LOAD ./MiddleWares/Third_Party/FreeRTOS/org/Source/portable/GCC/ARM_CM4F/port.o
LOAD ./MiddleWares/Third_Party/FreeRTOS/org/Source/portable/MemMang/heap_4.o
START GROUP
LOAD c:/st/stm32cubeide_1.9.0/stm32cubeide/plugins/com.st.stm32cube.ide.mcu.externaltools.gnu-tools-for-stm32.10.3-2021.10.win32_1.0.0.202111181127/tools/bin/../lib/gcc/arm-none-eabi/10.3.1/../../../../arm-none-eabi/lib/thumb/v7e-m+fp/hard\libc_nano.a
LOAD c:/st/stm32cubeide_1.9.0/stm32cubeide/plugins/com.st.stm32cube.ide.mcu.externaltools.gnu-tools-for-stm32.10.3-2021.10.win32_1.0.0.202111181127/tools/bin/../lib/gcc/arm-none-eabi/10.3.1/../../../../arm-none-eabi/lib/thumb/v7e-m+fp/hard\libm.a
END GROUP
START GROUP
LOAD c:/st/stm32cubeide_1.9.0/stm32cubeide/plugins/com.st.stm32cube.ide.mcu.externaltools.gnu-tools-for-stm32.10.3-2021.10.win32_1.0.0.202111181127/tools/bin/../lib/gcc/arm-none-eabi/10.3.1/thumb/v7e-m+fp/hard\libgcc.a
LOAD c:/st/stm32cubeide_1.9.0/stm32cubeide/plugins/com.st.stm32cube.ide.mcu.externaltools.gnu-tools-for-stm32.10.3-2021.10.win32_1.0.0.202111181127/tools/bin/../lib/gcc/arm-none-eabi/10.3.1/../../../../arm-none-eabi/lib/thumb/v7e-m+fp/hard\libc_nano.a
END GROUP
START GROUP
LOAD c:/st/stm32cubeide_1.9.0/stm32cubeide/plugins/com.st.stm32cube.ide.mcu.externaltools.gnu-tools-for-stm32.10.3-2021.10.win32_1.0.0.202111181127/tools/bin/../lib/gcc/arm-none-eabi/10.3.1/thumb/v7e-m+fp/hard\libgcc.a
LOAD c:/st/stm32cubeide_1.9.0/stm32cubeide/plugins/com.st.stm32cube.ide.mcu.externaltools.gnu-tools-for-stm32.10.3-2021.10.win32_1.0.0.202111181127/tools/bin/../lib/gcc/arm-none-eabi/10.3.1/../../../../arm-none-eabi/lib/thumb/v7e-m+fp/hard\libc_nano.a
LOAD c:/st/stm32cubeide_1.9.0/stm32cubeide/plugins/com.st.stm32cube.ide.mcu.externaltools.gnu-tools-for-stm32.10.3-2021.10.win32_1.0.0.202111181127/tools/bin/../lib/gcc/arm-none-eabi/10.3.1/../../../../arm-none-eabi/lib/thumb/v7e-m+fp/hard\libnosys.a
END GROUP
START GROUP
LOAD c:/st/stm32cubeide_1.9.0/stm32cubeide/plugins/com.st.stm32cube.ide.mcu.externaltools.gnu-tools-for-stm32.10.3-2021.10.win32_1.0.0.202111181127/tools/bin/../lib/gcc/arm-none-eabi/10.3.1/thumb/v7e-m+fp/hard\libgcc.a
LOAD c:/st/stm32cubeide_1.9.0/stm32cubeide/plugins/com.st.stm32cube.ide.mcu.externaltools.gnu-tools-for-stm32.10.3-2021.10.win32_1.0.0.202111181127/tools/bin/../lib/gcc/arm-none-eabi/10.3.1/../../../../arm-none-eabi/lib/thumb/v7e-m+fp/hard\libc_nano.a
LOAD c:/st/stm32cubeide_1.9.0/stm32cubeide/plugins/com.st.stm32cube.ide.mcu.externaltools.gnu-tools-for-stm32.10.3-2021.10.win32_1.0.0.202111181127/tools/bin/../lib/gcc/arm-none-eabi/10.3.1/../../../../arm-none-eabi/lib/thumb/v7e-m+fp/hard\libnosys.a
END GROUP
LOAD c:/st/stm32cubeide_1.9.0/stm32cubeide/plugins/com.st.stm32cube.ide.mcu.externaltools.gnu-tools-for-stm32.10.3-2021.10.win32_1.0.0.202111181127/tools/bin/../lib/gcc/arm-none-eabi/10.3.1/thumb/v7e-m+fp/hard/crtend.o
LOAD c:/st/stm32cubeide_1.9.0/stm32cubeide/plugins/com.st.stm32cube.ide.mcu.externaltools.gnu-tools-for-stm32.10.3-2021.10.win32_1.0.0.202111181127/tools/bin/../lib/gcc/arm-none-eabi/10.3.1/thumb/v7e-m+fp/hard/crtn.o
                0x0000000020020000                _estack = (ORIGIN (RAM) + LENGTH (RAM))
                0x0000000000000200                _Min_Heap_Size = 0x200
                0x0000000000000400                _Min_Stack_Size = 0x400

.isr_vector     0x0000000008000000      0x188
                0x0000000008000000                . = ALIGN (0x4)
 *(.isr_vector)
 .isr_vector    0x0000000008000000      0x188 ./Core/Startup/startup_stm32f407vgtx.o
                0x0000000008000000                g_pfnVectors
                0x0000000008000188                . = ALIGN (0x4)

.text           0x0000000008000190     0x5094
                0x0000000008000190                . = ALIGN (0x4)
 *(.text)
 .text          0x0000000008000190       0x40 c:/st/stm32cubeide_1.9.0/stm32cubeide/plugins/com.st.stm32cube.ide.mcu.externaltools.gnu-tools-for-stm32.10.3-2021.10.win32_1.0.0.202111181127/tools/bin/../lib/gcc/arm-none-eabi/10.3.1/thumb/v7e-m+fp/hard/crtbegin.o
 .text          0x00000000080001d0       0x10 c:/st/stm32cubeide_1.9.0/stm32cubeide/plugins/com.st.stm32cube.ide.mcu.externaltools.gnu-tools-for-stm32.10.3-2021.10.win32_1.0.0.202111181127/tools/bin/../lib/gcc/arm-none-eabi/10.3.1/../../../../arm-none-eabi/lib/thumb/v7e-m+fp/hard\libc_nano.a(lib_a-strlen.o)
                0x00000000080001d0                strlen
 .text          0x00000000080001e0       0x30 c:/st/stm32cubeide_1.9.0/stm32cubeide/plugins/com.st.stm32cube.ide.mcu.externaltools.gnu-tools-for-stm32.10.3-2021.10.win32_1.0.0.202111181127/tools/bin/../lib/gcc/arm-none-eabi/10.3.1/thumb/v7e-m+fp/hard\libgcc.a(_aeabi_uldivmod.o)
                0x00000000080001e0                __aeabi_uldivmod
 .text          0x0000000008000210      0x2d0 c:/st/stm32cubeide_1.9.0/stm32cubeide/plugins/com.st.stm32cube.ide.mcu.externaltools.gnu-tools-for-stm32.10.3-2021.10.win32_1.0.0.202111181127/tools/bin/../lib/gcc/arm-none-eabi/10.3.1/thumb/v7e-m+fp/hard\libgcc.a(_udivmoddi4.o)
                0x0000000008000210                __udivmoddi4
 .text          0x00000000080004e0        0x4 c:/st/stm32cubeide_1.9.0/stm32cubeide/plugins/com.st.stm32cube.ide.mcu.externaltools.gnu-tools-for-stm32.10.3-2021.10.win32_1.0.0.202111181127/tools/bin/../lib/gcc/arm-none-eabi/10.3.1/thumb/v7e-m+fp/hard\libgcc.a(_dvmd_tls.o)
                0x00000000080004e0                __aeabi_idiv0
                0x00000000080004e0                __aeabi_ldiv0
 *(.text*)
 .text.sendMessage
                0x00000000080004e4       0x3c ./Core/Src/main.o
                0x00000000080004e4                sendMessage
 .text.Periodic_Task_Handler
                0x0000000008000520       0x2c ./Core/Src/main.o
                0x0000000008000520                Periodic_Task_Handler
 .text.Handler_Task_Handler
                0x000000000800054c       0x28 ./Core/Src/main.o
                0x000000000800054c                Handler_Task_Handler
 .text.softwareInterruptConfig
                0x0000000008000574       0x18 ./Core/Src/main.o
                0x0000000008000574                softwareInterruptConfig
 .text.softwareInterrupt
                0x000000000800058c       0xc8 ./Core/Src/main.o
                0x000000000800058c                softwareInterrupt
 .text.main     0x0000000008000654       0xa0 ./Core/Src/main.o
                0x0000000008000654                main
 .text.SystemClock_Config
                0x00000000080006f4       0xbc ./Core/Src/main.o
                0x00000000080006f4                SystemClock_Config
 .text.MX_USART2_UART_Init
                0x00000000080007b0       0x54 ./Core/Src/main.o
 .text.MX_GPIO_Init
                0x0000000008000804       0x68 ./Core/Src/main.o
 .text.HAL_TIM_PeriodElapsedCallback
                0x000000000800086c       0x24 ./Core/Src/main.o
                0x000000000800086c                HAL_TIM_PeriodElapsedCallback
 .text.Error_Handler
                0x0000000008000890        0xa ./Core/Src/main.o
                0x0000000008000890                Error_Handler
 *fill*         0x000000000800089a        0x2 
 .text.HAL_MspInit
                0x000000000800089c       0x50 ./Core/Src/stm32f4xx_hal_msp.o
                0x000000000800089c                HAL_MspInit
 .text.HAL_UART_MspInit
                0x00000000080008ec       0x90 ./Core/Src/stm32f4xx_hal_msp.o
                0x00000000080008ec                HAL_UART_MspInit
 .text.HAL_InitTick
                0x000000000800097c       0xb0 ./Core/Src/stm32f4xx_hal_timebase_tim.o
                0x000000000800097c                HAL_InitTick
 .text.MemManage_Handler
                0x0000000008000a2c        0x6 ./Core/Src/stm32f4xx_it.o
                0x0000000008000a2c                MemManage_Handler
 .text.BusFault_Handler
                0x0000000008000a32        0x6 ./Core/Src/stm32f4xx_it.o
                0x0000000008000a32                BusFault_Handler
 .text.DebugMon_Handler
                0x0000000008000a38        0xe ./Core/Src/stm32f4xx_it.o
                0x0000000008000a38                DebugMon_Handler
 .text.EXTI0_IRQHandler
                0x0000000008000a46       0x12 ./Core/Src/stm32f4xx_it.o
                0x0000000008000a46                EXTI0_IRQHandler
 .text.TIM6_DAC_IRQHandler
                0x0000000008000a58       0x14 ./Core/Src/stm32f4xx_it.o
                0x0000000008000a58                TIM6_DAC_IRQHandler
 .text.SystemInit
                0x0000000008000a6c       0x24 ./Core/Src/system_stm32f4xx.o
                0x0000000008000a6c                SystemInit
 .text.Reset_Handler
                0x0000000008000a90       0x50 ./Core/Startup/startup_stm32f407vgtx.o
                0x0000000008000a90                Reset_Handler
 .text.Default_Handler
                0x0000000008000ae0        0x2 ./Core/Startup/startup_stm32f407vgtx.o
                0x0000000008000ae0                RTC_Alarm_IRQHandler
                0x0000000008000ae0                HASH_RNG_IRQHandler
                0x0000000008000ae0                EXTI2_IRQHandler
                0x0000000008000ae0                TIM8_CC_IRQHandler
                0x0000000008000ae0                TIM1_CC_IRQHandler
                0x0000000008000ae0                DMA2_Stream5_IRQHandler
                0x0000000008000ae0                HardFault_Handler
                0x0000000008000ae0                DMA1_Stream5_IRQHandler
                0x0000000008000ae0                PVD_IRQHandler
                0x0000000008000ae0                SDIO_IRQHandler
                0x0000000008000ae0                TAMP_STAMP_IRQHandler
                0x0000000008000ae0                NMI_Handler
                0x0000000008000ae0                CAN2_RX1_IRQHandler
                0x0000000008000ae0                EXTI3_IRQHandler
                0x0000000008000ae0                TIM8_TRG_COM_TIM14_IRQHandler
                0x0000000008000ae0                TIM1_UP_TIM10_IRQHandler
                0x0000000008000ae0                TIM8_UP_TIM13_IRQHandler
                0x0000000008000ae0                I2C3_ER_IRQHandler
                0x0000000008000ae0                I2C2_EV_IRQHandler
                0x0000000008000ae0                DMA1_Stream2_IRQHandler
                0x0000000008000ae0                CAN1_RX0_IRQHandler
                0x0000000008000ae0                FPU_IRQHandler
                0x0000000008000ae0                OTG_HS_WKUP_IRQHandler
                0x0000000008000ae0                UsageFault_Handler
                0x0000000008000ae0                CAN2_SCE_IRQHandler
                0x0000000008000ae0                DMA2_Stream2_IRQHandler
                0x0000000008000ae0                SPI1_IRQHandler
                0x0000000008000ae0                TIM1_BRK_TIM9_IRQHandler
                0x0000000008000ae0                DCMI_IRQHandler
                0x0000000008000ae0                CAN2_RX0_IRQHandler
                0x0000000008000ae0                DMA2_Stream3_IRQHandler
                0x0000000008000ae0                USART6_IRQHandler
                0x0000000008000ae0                USART3_IRQHandler
                0x0000000008000ae0                CAN1_RX1_IRQHandler
                0x0000000008000ae0                UART5_IRQHandler
                0x0000000008000ae0                DMA2_Stream0_IRQHandler
                0x0000000008000ae0                TIM4_IRQHandler
                0x0000000008000ae0                I2C1_EV_IRQHandler
                0x0000000008000ae0                DMA1_Stream6_IRQHandler
                0x0000000008000ae0                DMA1_Stream1_IRQHandler
                0x0000000008000ae0                UART4_IRQHandler
                0x0000000008000ae0                TIM3_IRQHandler
                0x0000000008000ae0                RCC_IRQHandler
                0x0000000008000ae0                TIM8_BRK_TIM12_IRQHandler
                0x0000000008000ae0                Default_Handler
                0x0000000008000ae0                EXTI15_10_IRQHandler
                0x0000000008000ae0                ADC_IRQHandler
                0x0000000008000ae0                DMA1_Stream7_IRQHandler
                0x0000000008000ae0                TIM7_IRQHandler
                0x0000000008000ae0                CAN2_TX_IRQHandler
                0x0000000008000ae0                TIM5_IRQHandler
                0x0000000008000ae0                DMA2_Stream7_IRQHandler
                0x0000000008000ae0                I2C3_EV_IRQHandler
                0x0000000008000ae0                EXTI9_5_IRQHandler
                0x0000000008000ae0                RTC_WKUP_IRQHandler
                0x0000000008000ae0                ETH_WKUP_IRQHandler
                0x0000000008000ae0                SPI2_IRQHandler
                0x0000000008000ae0                OTG_HS_EP1_IN_IRQHandler
                0x0000000008000ae0                DMA1_Stream0_IRQHandler
                0x0000000008000ae0                CAN1_TX_IRQHandler
                0x0000000008000ae0                EXTI4_IRQHandler
                0x0000000008000ae0                FSMC_IRQHandler
                0x0000000008000ae0                ETH_IRQHandler
                0x0000000008000ae0                OTG_HS_EP1_OUT_IRQHandler
                0x0000000008000ae0                WWDG_IRQHandler
                0x0000000008000ae0                TIM2_IRQHandler
                0x0000000008000ae0                OTG_FS_WKUP_IRQHandler
                0x0000000008000ae0                TIM1_TRG_COM_TIM11_IRQHandler
                0x0000000008000ae0                OTG_HS_IRQHandler
                0x0000000008000ae0                EXTI1_IRQHandler
                0x0000000008000ae0                USART2_IRQHandler
                0x0000000008000ae0                I2C2_ER_IRQHandler
                0x0000000008000ae0                DMA2_Stream1_IRQHandler
                0x0000000008000ae0                CAN1_SCE_IRQHandler
                0x0000000008000ae0                FLASH_IRQHandler
                0x0000000008000ae0                DMA2_Stream4_IRQHandler
                0x0000000008000ae0                USART1_IRQHandler
                0x0000000008000ae0                OTG_FS_IRQHandler
                0x0000000008000ae0                SPI3_IRQHandler
                0x0000000008000ae0                DMA1_Stream4_IRQHandler
                0x0000000008000ae0                I2C1_ER_IRQHandler
                0x0000000008000ae0                DMA2_Stream6_IRQHandler
                0x0000000008000ae0                DMA1_Stream3_IRQHandler
 *fill*         0x0000000008000ae2        0x2 
 .text.HAL_Init
                0x0000000008000ae4       0x44 ./Drivers/STM32F4xx_HAL_Driver/Src/stm32f4xx_hal.o
                0x0000000008000ae4                HAL_Init
 .text.HAL_IncTick
                0x0000000008000b28       0x28 ./Drivers/STM32F4xx_HAL_Driver/Src/stm32f4xx_hal.o
                0x0000000008000b28                HAL_IncTick
 .text.HAL_GetTick
                0x0000000008000b50       0x18 ./Drivers/STM32F4xx_HAL_Driver/Src/stm32f4xx_hal.o
                0x0000000008000b50                HAL_GetTick
 .text.__NVIC_SetPriorityGrouping
                0x0000000008000b68       0x48 ./Drivers/STM32F4xx_HAL_Driver/Src/stm32f4xx_hal_cortex.o
 .text.__NVIC_GetPriorityGrouping
                0x0000000008000bb0       0x1c ./Drivers/STM32F4xx_HAL_Driver/Src/stm32f4xx_hal_cortex.o
 .text.__NVIC_EnableIRQ
                0x0000000008000bcc       0x3c ./Drivers/STM32F4xx_HAL_Driver/Src/stm32f4xx_hal_cortex.o
 .text.__NVIC_SetPendingIRQ
                0x0000000008000c08       0x3c ./Drivers/STM32F4xx_HAL_Driver/Src/stm32f4xx_hal_cortex.o
 .text.__NVIC_SetPriority
                0x0000000008000c44       0x54 ./Drivers/STM32F4xx_HAL_Driver/Src/stm32f4xx_hal_cortex.o
 .text.NVIC_EncodePriority
                0x0000000008000c98       0x66 ./Drivers/STM32F4xx_HAL_Driver/Src/stm32f4xx_hal_cortex.o
 .text.HAL_NVIC_SetPriorityGrouping
                0x0000000008000cfe       0x16 ./Drivers/STM32F4xx_HAL_Driver/Src/stm32f4xx_hal_cortex.o
                0x0000000008000cfe                HAL_NVIC_SetPriorityGrouping
 .text.HAL_NVIC_SetPriority
                0x0000000008000d14       0x38 ./Drivers/STM32F4xx_HAL_Driver/Src/stm32f4xx_hal_cortex.o
                0x0000000008000d14                HAL_NVIC_SetPriority
 .text.HAL_NVIC_EnableIRQ
                0x0000000008000d4c       0x1c ./Drivers/STM32F4xx_HAL_Driver/Src/stm32f4xx_hal_cortex.o
                0x0000000008000d4c                HAL_NVIC_EnableIRQ
 .text.HAL_NVIC_SetPendingIRQ
                0x0000000008000d68       0x1c ./Drivers/STM32F4xx_HAL_Driver/Src/stm32f4xx_hal_cortex.o
                0x0000000008000d68                HAL_NVIC_SetPendingIRQ
 .text.HAL_GPIO_Init
                0x0000000008000d84      0x338 ./Drivers/STM32F4xx_HAL_Driver/Src/stm32f4xx_hal_gpio.o
                0x0000000008000d84                HAL_GPIO_Init
 .text.HAL_GPIO_EXTI_IRQHandler
                0x00000000080010bc       0x30 ./Drivers/STM32F4xx_HAL_Driver/Src/stm32f4xx_hal_gpio.o
                0x00000000080010bc                HAL_GPIO_EXTI_IRQHandler
 .text.HAL_GPIO_EXTI_Callback
                0x00000000080010ec       0x16 ./Drivers/STM32F4xx_HAL_Driver/Src/stm32f4xx_hal_gpio.o
                0x00000000080010ec                HAL_GPIO_EXTI_Callback
 *fill*         0x0000000008001102        0x2 
 .text.HAL_RCC_OscConfig
                0x0000000008001104      0x4f0 ./Drivers/STM32F4xx_HAL_Driver/Src/stm32f4xx_hal_rcc.o
                0x0000000008001104                HAL_RCC_OscConfig
 .text.HAL_RCC_ClockConfig
                0x00000000080015f4      0x1cc ./Drivers/STM32F4xx_HAL_Driver/Src/stm32f4xx_hal_rcc.o
                0x00000000080015f4                HAL_RCC_ClockConfig
 .text.HAL_RCC_GetSysClockFreq
                0x00000000080017c0      0x18c ./Drivers/STM32F4xx_HAL_Driver/Src/stm32f4xx_hal_rcc.o
                0x00000000080017c0                HAL_RCC_GetSysClockFreq
 .text.HAL_RCC_GetHCLKFreq
                0x000000000800194c       0x18 ./Drivers/STM32F4xx_HAL_Driver/Src/stm32f4xx_hal_rcc.o
                0x000000000800194c                HAL_RCC_GetHCLKFreq
 .text.HAL_RCC_GetPCLK1Freq
                0x0000000008001964       0x28 ./Drivers/STM32F4xx_HAL_Driver/Src/stm32f4xx_hal_rcc.o
                0x0000000008001964                HAL_RCC_GetPCLK1Freq
 .text.HAL_RCC_GetPCLK2Freq
                0x000000000800198c       0x28 ./Drivers/STM32F4xx_HAL_Driver/Src/stm32f4xx_hal_rcc.o
                0x000000000800198c                HAL_RCC_GetPCLK2Freq
 .text.HAL_RCC_GetClockConfig
                0x00000000080019b4       0x64 ./Drivers/STM32F4xx_HAL_Driver/Src/stm32f4xx_hal_rcc.o
                0x00000000080019b4                HAL_RCC_GetClockConfig
 .text.HAL_TIM_Base_Init
                0x0000000008001a18       0x9e ./Drivers/STM32F4xx_HAL_Driver/Src/stm32f4xx_hal_tim.o
                0x0000000008001a18                HAL_TIM_Base_Init
 .text.HAL_TIM_Base_MspInit
                0x0000000008001ab6       0x14 ./Drivers/STM32F4xx_HAL_Driver/Src/stm32f4xx_hal_tim.o
                0x0000000008001ab6                HAL_TIM_Base_MspInit
 *fill*         0x0000000008001aca        0x2 
 .text.HAL_TIM_Base_Start_IT
                0x0000000008001acc       0xe0 ./Drivers/STM32F4xx_HAL_Driver/Src/stm32f4xx_hal_tim.o
                0x0000000008001acc                HAL_TIM_Base_Start_IT
 .text.HAL_TIM_IRQHandler
                0x0000000008001bac      0x210 ./Drivers/STM32F4xx_HAL_Driver/Src/stm32f4xx_hal_tim.o
                0x0000000008001bac                HAL_TIM_IRQHandler
 .text.HAL_TIM_OC_DelayElapsedCallback
                0x0000000008001dbc       0x14 ./Drivers/STM32F4xx_HAL_Driver/Src/stm32f4xx_hal_tim.o
                0x0000000008001dbc                HAL_TIM_OC_DelayElapsedCallback
 .text.HAL_TIM_IC_CaptureCallback
                0x0000000008001dd0       0x14 ./Drivers/STM32F4xx_HAL_Driver/Src/stm32f4xx_hal_tim.o
                0x0000000008001dd0                HAL_TIM_IC_CaptureCallback
 .text.HAL_TIM_PWM_PulseFinishedCallback
                0x0000000008001de4       0x14 ./Drivers/STM32F4xx_HAL_Driver/Src/stm32f4xx_hal_tim.o
                0x0000000008001de4                HAL_TIM_PWM_PulseFinishedCallback
 .text.HAL_TIM_TriggerCallback
                0x0000000008001df8       0x14 ./Drivers/STM32F4xx_HAL_Driver/Src/stm32f4xx_hal_tim.o
                0x0000000008001df8                HAL_TIM_TriggerCallback
 .text.TIM_Base_SetConfig
                0x0000000008001e0c      0x140 ./Drivers/STM32F4xx_HAL_Driver/Src/stm32f4xx_hal_tim.o
                0x0000000008001e0c                TIM_Base_SetConfig
 .text.HAL_TIMEx_CommutCallback
                0x0000000008001f4c       0x14 ./Drivers/STM32F4xx_HAL_Driver/Src/stm32f4xx_hal_tim_ex.o
                0x0000000008001f4c                HAL_TIMEx_CommutCallback
 .text.HAL_TIMEx_BreakCallback
                0x0000000008001f60       0x14 ./Drivers/STM32F4xx_HAL_Driver/Src/stm32f4xx_hal_tim_ex.o
                0x0000000008001f60                HAL_TIMEx_BreakCallback
 .text.HAL_UART_Init
                0x0000000008001f74       0x9a ./Drivers/STM32F4xx_HAL_Driver/Src/stm32f4xx_hal_uart.o
                0x0000000008001f74                HAL_UART_Init
 .text.HAL_UART_Transmit
                0x000000000800200e      0x124 ./Drivers/STM32F4xx_HAL_Driver/Src/stm32f4xx_hal_uart.o
                0x000000000800200e                HAL_UART_Transmit
 .text.UART_WaitOnFlagUntilTimeout
                0x0000000008002132       0xdc ./Drivers/STM32F4xx_HAL_Driver/Src/stm32f4xx_hal_uart.o
 *fill*         0x000000000800220e        0x2 
 .text.UART_SetConfig
                0x0000000008002210      0x4e8 ./Drivers/STM32F4xx_HAL_Driver/Src/stm32f4xx_hal_uart.o
 .text.vListInitialise
                0x00000000080026f8       0x40 ./MiddleWares/Third_Party/FreeRTOS/org/Source/list.o
                0x00000000080026f8                vListInitialise
 .text.vListInitialiseItem
                0x0000000008002738       0x1a ./MiddleWares/Third_Party/FreeRTOS/org/Source/list.o
                0x0000000008002738                vListInitialiseItem
 .text.vListInsert
                0x0000000008002752       0x72 ./MiddleWares/Third_Party/FreeRTOS/org/Source/list.o
                0x0000000008002752                vListInsert
 .text.uxListRemove
                0x00000000080027c4       0x54 ./MiddleWares/Third_Party/FreeRTOS/org/Source/list.o
                0x00000000080027c4                uxListRemove
 .text.xQueueGenericReset
                0x0000000008002818      0x120 ./MiddleWares/Third_Party/FreeRTOS/org/Source/queue.o
                0x0000000008002818                xQueueGenericReset
 .text.xQueueGenericCreate
                0x0000000008002938       0x9c ./MiddleWares/Third_Party/FreeRTOS/org/Source/queue.o
                0x0000000008002938                xQueueGenericCreate
 .text.prvInitialiseNewQueue
                0x00000000080029d4       0x46 ./MiddleWares/Third_Party/FreeRTOS/org/Source/queue.o
 .text.xQueueCreateCountingSemaphore
                0x0000000008002a1a       0x5c ./MiddleWares/Third_Party/FreeRTOS/org/Source/queue.o
                0x0000000008002a1a                xQueueCreateCountingSemaphore
 .text.xQueueGiveFromISR
                0x0000000008002a76      0x138 ./MiddleWares/Third_Party/FreeRTOS/org/Source/queue.o
                0x0000000008002a76                xQueueGiveFromISR
 *fill*         0x0000000008002bae        0x2 
 .text.xQueueReceive
                0x0000000008002bb0      0x1c0 ./MiddleWares/Third_Party/FreeRTOS/org/Source/queue.o
                0x0000000008002bb0                xQueueReceive
 .text.xQueueSemaphoreTake
                0x0000000008002d70      0x218 ./MiddleWares/Third_Party/FreeRTOS/org/Source/queue.o
                0x0000000008002d70                xQueueSemaphoreTake
 .text.prvGetDisinheritPriorityAfterTimeout
                0x0000000008002f88       0x30 ./MiddleWares/Third_Party/FreeRTOS/org/Source/queue.o
 .text.prvCopyDataFromQueue
                0x0000000008002fb8       0x4c ./MiddleWares/Third_Party/FreeRTOS/org/Source/queue.o
 .text.prvUnlockQueue
                0x0000000008003004       0xa4 ./MiddleWares/Third_Party/FreeRTOS/org/Source/queue.o
 .text.prvIsQueueEmpty
                0x00000000080030a8       0x2c ./MiddleWares/Third_Party/FreeRTOS/org/Source/queue.o
 .text.vQueueAddToRegistry
                0x00000000080030d4       0x9c ./MiddleWares/Third_Party/FreeRTOS/org/Source/queue.o
                0x00000000080030d4                vQueueAddToRegistry
 .text.vQueueWaitForMessageRestricted
                0x0000000008003170       0x68 ./MiddleWares/Third_Party/FreeRTOS/org/Source/queue.o
                0x0000000008003170                vQueueWaitForMessageRestricted
 .text.xTaskCreate
                0x00000000080031d8       0x82 ./MiddleWares/Third_Party/FreeRTOS/org/Source/tasks.o
                0x00000000080031d8                xTaskCreate
 .text.prvInitialiseNewTask
                0x000000000800325a      0x148 ./MiddleWares/Third_Party/FreeRTOS/org/Source/tasks.o
 *fill*         0x00000000080033a2        0x2 
 .text.prvAddNewTaskToReadyList
                0x00000000080033a4      0x12c ./MiddleWares/Third_Party/FreeRTOS/org/Source/tasks.o
 .text.vTaskDelay
                0x00000000080034d0       0x68 ./MiddleWares/Third_Party/FreeRTOS/org/Source/tasks.o
                0x00000000080034d0                vTaskDelay
 .text.vTaskStartScheduler
                0x0000000008003538       0xa4 ./MiddleWares/Third_Party/FreeRTOS/org/Source/tasks.o
                0x0000000008003538                vTaskStartScheduler
 .text.vTaskSuspendAll
                0x00000000080035dc       0x1c ./MiddleWares/Third_Party/FreeRTOS/org/Source/tasks.o
                0x00000000080035dc                vTaskSuspendAll
 .text.xTaskResumeAll
                0x00000000080035f8      0x1f8 ./MiddleWares/Third_Party/FreeRTOS/org/Source/tasks.o
                0x00000000080035f8                xTaskResumeAll
 .text.xTaskGetTickCount
                0x00000000080037f0       0x20 ./MiddleWares/Third_Party/FreeRTOS/org/Source/tasks.o
                0x00000000080037f0                xTaskGetTickCount
 .text.xTaskIncrementTick
                0x0000000008003810      0x22c ./MiddleWares/Third_Party/FreeRTOS/org/Source/tasks.o
                0x0000000008003810                xTaskIncrementTick
 .text.vTaskSwitchContext
                0x0000000008003a3c       0xb8 ./MiddleWares/Third_Party/FreeRTOS/org/Source/tasks.o
                0x0000000008003a3c                vTaskSwitchContext
 .text.vTaskPlaceOnEventList
                0x0000000008003af4       0x48 ./MiddleWares/Third_Party/FreeRTOS/org/Source/tasks.o
                0x0000000008003af4                vTaskPlaceOnEventList
 .text.vTaskPlaceOnEventListRestricted
                0x0000000008003b3c       0x8c ./MiddleWares/Third_Party/FreeRTOS/org/Source/tasks.o
                0x0000000008003b3c                vTaskPlaceOnEventListRestricted
 .text.xTaskRemoveFromEventList
                0x0000000008003bc8      0x1ac ./MiddleWares/Third_Party/FreeRTOS/org/Source/tasks.o
                0x0000000008003bc8                xTaskRemoveFromEventList
 .text.vTaskInternalSetTimeOutState
                0x0000000008003d74       0x2c ./MiddleWares/Third_Party/FreeRTOS/org/Source/tasks.o
                0x0000000008003d74                vTaskInternalSetTimeOutState
 .text.xTaskCheckForTimeOut
                0x0000000008003da0       0xcc ./MiddleWares/Third_Party/FreeRTOS/org/Source/tasks.o
                0x0000000008003da0                xTaskCheckForTimeOut
 .text.vTaskMissedYield
                0x0000000008003e6c       0x18 ./MiddleWares/Third_Party/FreeRTOS/org/Source/tasks.o
                0x0000000008003e6c                vTaskMissedYield
 .text.prvIdleTask
                0x0000000008003e84       0x30 ./MiddleWares/Third_Party/FreeRTOS/org/Source/tasks.o
 .text.prvInitialiseTaskLists
                0x0000000008003eb4       0x80 ./MiddleWares/Third_Party/FreeRTOS/org/Source/tasks.o
 .text.prvCheckTasksWaitingTermination
                0x0000000008003f34       0x5c ./MiddleWares/Third_Party/FreeRTOS/org/Source/tasks.o
 .text.prvDeleteTCB
                0x0000000008003f90       0x20 ./MiddleWares/Third_Party/FreeRTOS/org/Source/tasks.o
 .text.prvResetNextTaskUnblockTime
                0x0000000008003fb0       0x38 ./MiddleWares/Third_Party/FreeRTOS/org/Source/tasks.o
 .text.xTaskGetSchedulerState
                0x0000000008003fe8       0x3c ./MiddleWares/Third_Party/FreeRTOS/org/Source/tasks.o
                0x0000000008003fe8                xTaskGetSchedulerState
 .text.xTaskPriorityInherit
                0x0000000008004024      0x13c ./MiddleWares/Third_Party/FreeRTOS/org/Source/tasks.o
                0x0000000008004024                xTaskPriorityInherit
 .text.vTaskPriorityDisinheritAfterTimeout
                0x0000000008004160      0x170 ./MiddleWares/Third_Party/FreeRTOS/org/Source/tasks.o
                0x0000000008004160                vTaskPriorityDisinheritAfterTimeout
 .text.pvTaskIncrementMutexHeldCount
                0x00000000080042d0       0x28 ./MiddleWares/Third_Party/FreeRTOS/org/Source/tasks.o
                0x00000000080042d0                pvTaskIncrementMutexHeldCount
 .text.prvAddCurrentTaskToDelayedList
                0x00000000080042f8      0x100 ./MiddleWares/Third_Party/FreeRTOS/org/Source/tasks.o
 .text.xTimerCreateTimerTask
                0x00000000080043f8       0x64 ./MiddleWares/Third_Party/FreeRTOS/org/Source/timers.o
                0x00000000080043f8                xTimerCreateTimerTask
 .text.prvReloadTimer
                0x000000000800445c       0x42 ./MiddleWares/Third_Party/FreeRTOS/org/Source/timers.o
 *fill*         0x000000000800449e        0x2 
 .text.prvProcessExpiredTimer
                0x00000000080044a0       0x60 ./MiddleWares/Third_Party/FreeRTOS/org/Source/timers.o
 .text.prvTimerTask
                0x0000000008004500       0x24 ./MiddleWares/Third_Party/FreeRTOS/org/Source/timers.o
 .text.prvProcessTimerOrBlockTask
                0x0000000008004524       0x9c ./MiddleWares/Third_Party/FreeRTOS/org/Source/timers.o
 .text.prvGetNextExpireTime
                0x00000000080045c0       0x48 ./MiddleWares/Third_Party/FreeRTOS/org/Source/timers.o
 .text.prvSampleTimeNow
                0x0000000008004608       0x40 ./MiddleWares/Third_Party/FreeRTOS/org/Source/timers.o
 .text.prvInsertTimerInActiveList
                0x0000000008004648       0x84 ./MiddleWares/Third_Party/FreeRTOS/org/Source/timers.o
 .text.prvProcessReceivedCommands
                0x00000000080046cc      0x17c ./MiddleWares/Third_Party/FreeRTOS/org/Source/timers.o
 .text.prvSwitchTimerLists
                0x0000000008004848       0x4c ./MiddleWares/Third_Party/FreeRTOS/org/Source/timers.o
 .text.prvCheckForValidListAndQueue
                0x0000000008004894       0x6c ./MiddleWares/Third_Party/FreeRTOS/org/Source/timers.o
 .text.pxPortInitialiseStack
                0x0000000008004900       0x68 ./MiddleWares/Third_Party/FreeRTOS/org/Source/portable/GCC/ARM_CM4F/port.o
                0x0000000008004900                pxPortInitialiseStack
 .text.prvTaskExitError
                0x0000000008004968       0x58 ./MiddleWares/Third_Party/FreeRTOS/org/Source/portable/GCC/ARM_CM4F/port.o
 .text.SVC_Handler
                0x00000000080049c0       0x28 ./MiddleWares/Third_Party/FreeRTOS/org/Source/portable/GCC/ARM_CM4F/port.o
                0x00000000080049c0                SVC_Handler
 .text.prvPortStartFirstTask
                0x00000000080049e8       0x2c ./MiddleWares/Third_Party/FreeRTOS/org/Source/portable/GCC/ARM_CM4F/port.o
 .text.xPortStartScheduler
                0x0000000008004a14      0x144 ./MiddleWares/Third_Party/FreeRTOS/org/Source/portable/GCC/ARM_CM4F/port.o
                0x0000000008004a14                xPortStartScheduler
 .text.vPortEnterCritical
                0x0000000008004b58       0x60 ./MiddleWares/Third_Party/FreeRTOS/org/Source/portable/GCC/ARM_CM4F/port.o
                0x0000000008004b58                vPortEnterCritical
 .text.vPortExitCritical
                0x0000000008004bb8       0x54 ./MiddleWares/Third_Party/FreeRTOS/org/Source/portable/GCC/ARM_CM4F/port.o
                0x0000000008004bb8                vPortExitCritical
 *fill*         0x0000000008004c0c        0x4 
 .text.PendSV_Handler
                0x0000000008004c10       0x68 ./MiddleWares/Third_Party/FreeRTOS/org/Source/portable/GCC/ARM_CM4F/port.o
                0x0000000008004c10                PendSV_Handler
 .text.SysTick_Handler
                0x0000000008004c78       0x44 ./MiddleWares/Third_Party/FreeRTOS/org/Source/portable/GCC/ARM_CM4F/port.o
                0x0000000008004c78                SysTick_Handler
 .text.vPortSetupTimerInterrupt
                0x0000000008004cbc       0x48 ./MiddleWares/Third_Party/FreeRTOS/org/Source/portable/GCC/ARM_CM4F/port.o
                0x0000000008004cbc                vPortSetupTimerInterrupt
 .text.vPortEnableVFP
                0x0000000008004d04       0x18 ./MiddleWares/Third_Party/FreeRTOS/org/Source/portable/GCC/ARM_CM4F/port.o
 .text.vPortValidateInterruptPriority
                0x0000000008004d1c       0x80 ./MiddleWares/Third_Party/FreeRTOS/org/Source/portable/GCC/ARM_CM4F/port.o
                0x0000000008004d1c                vPortValidateInterruptPriority
 .text.pvPortMalloc
                0x0000000008004d9c      0x1c0 ./MiddleWares/Third_Party/FreeRTOS/org/Source/portable/MemMang/heap_4.o
                0x0000000008004d9c                pvPortMalloc
 .text.vPortFree
                0x0000000008004f5c       0xc4 ./MiddleWares/Third_Party/FreeRTOS/org/Source/portable/MemMang/heap_4.o
                0x0000000008004f5c                vPortFree
 .text.prvHeapInit
                0x0000000008005020       0xc4 ./MiddleWares/Third_Party/FreeRTOS/org/Source/portable/MemMang/heap_4.o
 .text.prvInsertBlockIntoFreeList
                0x00000000080050e4       0xb4 ./MiddleWares/Third_Party/FreeRTOS/org/Source/portable/MemMang/heap_4.o
 .text.__libc_init_array
                0x0000000008005198       0x48 c:/st/stm32cubeide_1.9.0/stm32cubeide/plugins/com.st.stm32cube.ide.mcu.externaltools.gnu-tools-for-stm32.10.3-2021.10.win32_1.0.0.202111181127/tools/bin/../lib/gcc/arm-none-eabi/10.3.1/../../../../arm-none-eabi/lib/thumb/v7e-m+fp/hard\libc_nano.a(lib_a-init.o)
                0x0000000008005198                __libc_init_array
 .text.memcpy   0x00000000080051e0       0x1c c:/st/stm32cubeide_1.9.0/stm32cubeide/plugins/com.st.stm32cube.ide.mcu.externaltools.gnu-tools-for-stm32.10.3-2021.10.win32_1.0.0.202111181127/tools/bin/../lib/gcc/arm-none-eabi/10.3.1/../../../../arm-none-eabi/lib/thumb/v7e-m+fp/hard\libc_nano.a(lib_a-memcpy-stub.o)
                0x00000000080051e0                memcpy
 .text.memset   0x00000000080051fc       0x10 c:/st/stm32cubeide_1.9.0/stm32cubeide/plugins/com.st.stm32cube.ide.mcu.externaltools.gnu-tools-for-stm32.10.3-2021.10.win32_1.0.0.202111181127/tools/bin/../lib/gcc/arm-none-eabi/10.3.1/../../../../arm-none-eabi/lib/thumb/v7e-m+fp/hard\libc_nano.a(lib_a-memset.o)
                0x00000000080051fc                memset
 *(.glue_7)
 .glue_7        0x000000000800520c        0x0 linker stubs
 *(.glue_7t)
 .glue_7t       0x000000000800520c        0x0 linker stubs
 *(.eh_frame)
 .eh_frame      0x000000000800520c        0x0 c:/st/stm32cubeide_1.9.0/stm32cubeide/plugins/com.st.stm32cube.ide.mcu.externaltools.gnu-tools-for-stm32.10.3-2021.10.win32_1.0.0.202111181127/tools/bin/../lib/gcc/arm-none-eabi/10.3.1/thumb/v7e-m+fp/hard/crtbegin.o
 *(.init)
 .init          0x000000000800520c        0x4 c:/st/stm32cubeide_1.9.0/stm32cubeide/plugins/com.st.stm32cube.ide.mcu.externaltools.gnu-tools-for-stm32.10.3-2021.10.win32_1.0.0.202111181127/tools/bin/../lib/gcc/arm-none-eabi/10.3.1/thumb/v7e-m+fp/hard/crti.o
                0x000000000800520c                _init
 .init          0x0000000008005210        0x8 c:/st/stm32cubeide_1.9.0/stm32cubeide/plugins/com.st.stm32cube.ide.mcu.externaltools.gnu-tools-for-stm32.10.3-2021.10.win32_1.0.0.202111181127/tools/bin/../lib/gcc/arm-none-eabi/10.3.1/thumb/v7e-m+fp/hard/crtn.o
 *(.fini)
 .fini          0x0000000008005218        0x4 c:/st/stm32cubeide_1.9.0/stm32cubeide/plugins/com.st.stm32cube.ide.mcu.externaltools.gnu-tools-for-stm32.10.3-2021.10.win32_1.0.0.202111181127/tools/bin/../lib/gcc/arm-none-eabi/10.3.1/thumb/v7e-m+fp/hard/crti.o
                0x0000000008005218                _fini
 .fini          0x000000000800521c        0x8 c:/st/stm32cubeide_1.9.0/stm32cubeide/plugins/com.st.stm32cube.ide.mcu.externaltools.gnu-tools-for-stm32.10.3-2021.10.win32_1.0.0.202111181127/tools/bin/../lib/gcc/arm-none-eabi/10.3.1/thumb/v7e-m+fp/hard/crtn.o
                0x0000000008005224                . = ALIGN (0x4)
                0x0000000008005224                _etext = .

.vfp11_veneer   0x0000000008005224        0x0
 .vfp11_veneer  0x0000000008005224        0x0 linker stubs

.v4_bx          0x0000000008005224        0x0
 .v4_bx         0x0000000008005224        0x0 linker stubs

.iplt           0x0000000008005224        0x0
 .iplt          0x0000000008005224        0x0 c:/st/stm32cubeide_1.9.0/stm32cubeide/plugins/com.st.stm32cube.ide.mcu.externaltools.gnu-tools-for-stm32.10.3-2021.10.win32_1.0.0.202111181127/tools/bin/../lib/gcc/arm-none-eabi/10.3.1/thumb/v7e-m+fp/hard/crtbegin.o

.rodata         0x0000000008005224      0x14c
                0x0000000008005224                . = ALIGN (0x4)
 *(.rodata)
 .rodata        0x0000000008005224      0x11a ./Core/Src/main.o
 *fill*         0x000000000800533e        0x2 
 .rodata        0x0000000008005340        0x5 ./MiddleWares/Third_Party/FreeRTOS/org/Source/tasks.o
 *fill*         0x0000000008005345        0x3 
 .rodata        0x0000000008005348        0xd ./MiddleWares/Third_Party/FreeRTOS/org/Source/timers.o
 *(.rodata*)
 *fill*         0x0000000008005355        0x3 
 .rodata.AHBPrescTable
                0x0000000008005358       0x10 ./Core/Src/system_stm32f4xx.o
                0x0000000008005358                AHBPrescTable
 .rodata.APBPrescTable
                0x0000000008005368        0x8 ./Core/Src/system_stm32f4xx.o
                0x0000000008005368                APBPrescTable
                0x0000000008005370                . = ALIGN (0x4)

.ARM.extab      0x0000000008005370        0x0
                0x0000000008005370                . = ALIGN (0x4)
 *(.ARM.extab* .gnu.linkonce.armextab.*)
                0x0000000008005370                . = ALIGN (0x4)

.ARM            0x0000000008005370        0x8
                0x0000000008005370                . = ALIGN (0x4)
                0x0000000008005370                __exidx_start = .
 *(.ARM.exidx*)
 .ARM.exidx     0x0000000008005370        0x8 c:/st/stm32cubeide_1.9.0/stm32cubeide/plugins/com.st.stm32cube.ide.mcu.externaltools.gnu-tools-for-stm32.10.3-2021.10.win32_1.0.0.202111181127/tools/bin/../lib/gcc/arm-none-eabi/10.3.1/thumb/v7e-m+fp/hard\libgcc.a(_udivmoddi4.o)
                0x0000000008005378                __exidx_end = .
                0x0000000008005378                . = ALIGN (0x4)

.rel.dyn        0x0000000008005378        0x0
 .rel.iplt      0x0000000008005378        0x0 c:/st/stm32cubeide_1.9.0/stm32cubeide/plugins/com.st.stm32cube.ide.mcu.externaltools.gnu-tools-for-stm32.10.3-2021.10.win32_1.0.0.202111181127/tools/bin/../lib/gcc/arm-none-eabi/10.3.1/thumb/v7e-m+fp/hard/crtbegin.o

.preinit_array  0x0000000008005378        0x0
                0x0000000008005378                . = ALIGN (0x4)
                0x0000000008005378                PROVIDE (__preinit_array_start = .)
 *(.preinit_array*)
                0x0000000008005378                PROVIDE (__preinit_array_end = .)
                0x0000000008005378                . = ALIGN (0x4)

.init_array     0x0000000008005378        0x4
                0x0000000008005378                . = ALIGN (0x4)
                0x0000000008005378                PROVIDE (__init_array_start = .)
 *(SORT_BY_NAME(.init_array.*))
 *(.init_array*)
 .init_array    0x0000000008005378        0x4 c:/st/stm32cubeide_1.9.0/stm32cubeide/plugins/com.st.stm32cube.ide.mcu.externaltools.gnu-tools-for-stm32.10.3-2021.10.win32_1.0.0.202111181127/tools/bin/../lib/gcc/arm-none-eabi/10.3.1/thumb/v7e-m+fp/hard/crtbegin.o
                0x000000000800537c                PROVIDE (__init_array_end = .)
                0x000000000800537c                . = ALIGN (0x4)

.fini_array     0x000000000800537c        0x4
                0x000000000800537c                . = ALIGN (0x4)
                [!provide]                        PROVIDE (__fini_array_start = .)
 *(SORT_BY_NAME(.fini_array.*))
 *(.fini_array*)
 .fini_array    0x000000000800537c        0x4 c:/st/stm32cubeide_1.9.0/stm32cubeide/plugins/com.st.stm32cube.ide.mcu.externaltools.gnu-tools-for-stm32.10.3-2021.10.win32_1.0.0.202111181127/tools/bin/../lib/gcc/arm-none-eabi/10.3.1/thumb/v7e-m+fp/hard/crtbegin.o
                [!provide]                        PROVIDE (__fini_array_end = .)
                0x0000000008005380                . = ALIGN (0x4)
                0x0000000008005380                _sidata = LOADADDR (.data)

.data           0x0000000020000000       0x14 load address 0x0000000008005380
                0x0000000020000000                . = ALIGN (0x4)
                0x0000000020000000                _sdata = .
 *(.data)
 *(.data*)
 .data.SystemCoreClock
                0x0000000020000000        0x4 ./Core/Src/system_stm32f4xx.o
                0x0000000020000000                SystemCoreClock
 .data.uwTickPrio
                0x0000000020000004        0x4 ./Drivers/STM32F4xx_HAL_Driver/Src/stm32f4xx_hal.o
                0x0000000020000004                uwTickPrio
 .data.uwTickFreq
                0x0000000020000008        0x1 ./Drivers/STM32F4xx_HAL_Driver/Src/stm32f4xx_hal.o
                0x0000000020000008                uwTickFreq
 *fill*         0x0000000020000009        0x3 
 .data.uxTopUsedPriority
                0x000000002000000c        0x4 ./MiddleWares/Third_Party/FreeRTOS/org/Source/tasks.o
                0x000000002000000c                uxTopUsedPriority
 .data.uxCriticalNesting
                0x0000000020000010        0x4 ./MiddleWares/Third_Party/FreeRTOS/org/Source/portable/GCC/ARM_CM4F/port.o
 *(.RamFunc)
 *(.RamFunc*)
                0x0000000020000014                . = ALIGN (0x4)
                0x0000000020000014                _edata = .
                0x0000000008005394                _siccmram = LOADADDR (.ccmram)

.igot.plt       0x0000000020000014        0x0 load address 0x0000000008005394
 .igot.plt      0x0000000020000014        0x0 c:/st/stm32cubeide_1.9.0/stm32cubeide/plugins/com.st.stm32cube.ide.mcu.externaltools.gnu-tools-for-stm32.10.3-2021.10.win32_1.0.0.202111181127/tools/bin/../lib/gcc/arm-none-eabi/10.3.1/thumb/v7e-m+fp/hard/crtbegin.o

.ccmram         0x0000000010000000        0x0 load address 0x0000000008005394
                0x0000000010000000                . = ALIGN (0x4)
                0x0000000010000000                _sccmram = .
 *(.ccmram)
 *(.ccmram*)
                0x0000000010000000                . = ALIGN (0x4)
                0x0000000010000000                _eccmram = .
                0x0000000010000000                . = ALIGN (0x4)

.bss            0x0000000020000014    0x12e60
                0x0000000020000014                _sbss = .
                0x0000000020000014                __bss_start__ = _sbss
 *(.bss)
 .bss           0x0000000020000014       0x1c c:/st/stm32cubeide_1.9.0/stm32cubeide/plugins/com.st.stm32cube.ide.mcu.externaltools.gnu-tools-for-stm32.10.3-2021.10.win32_1.0.0.202111181127/tools/bin/../lib/gcc/arm-none-eabi/10.3.1/thumb/v7e-m+fp/hard/crtbegin.o
 *(.bss*)
 .bss.huart2    0x0000000020000030       0x44 ./Core/Src/main.o
                0x0000000020000030                huart2
 .bss.task1Handler
                0x0000000020000074        0x4 ./Core/Src/main.o
                0x0000000020000074                task1Handler
 .bss.task2Periodic
                0x0000000020000078        0x4 ./Core/Src/main.o
                0x0000000020000078                task2Periodic
 .bss.xCountingSemaphore
                0x000000002000007c        0x4 ./Core/Src/main.o
                0x000000002000007c                xCountingSemaphore
 .bss.htim6     0x0000000020000080       0x48 ./Core/Src/stm32f4xx_hal_timebase_tim.o
                0x0000000020000080                htim6
 .bss.uwTick    0x00000000200000c8        0x4 ./Drivers/STM32F4xx_HAL_Driver/Src/stm32f4xx_hal.o
                0x00000000200000c8                uwTick
 .bss.xQueueRegistry
                0x00000000200000cc       0x40 ./MiddleWares/Third_Party/FreeRTOS/org/Source/queue.o
                0x00000000200000cc                xQueueRegistry
 .bss.pxCurrentTCB
                0x000000002000010c        0x4 ./MiddleWares/Third_Party/FreeRTOS/org/Source/tasks.o
                0x000000002000010c                pxCurrentTCB
 .bss.pxReadyTasksLists
                0x0000000020000110       0x64 ./MiddleWares/Third_Party/FreeRTOS/org/Source/tasks.o
 .bss.xDelayedTaskList1
                0x0000000020000174       0x14 ./MiddleWares/Third_Party/FreeRTOS/org/Source/tasks.o
 .bss.xDelayedTaskList2
                0x0000000020000188       0x14 ./MiddleWares/Third_Party/FreeRTOS/org/Source/tasks.o
 .bss.pxDelayedTaskList
                0x000000002000019c        0x4 ./MiddleWares/Third_Party/FreeRTOS/org/Source/tasks.o
 .bss.pxOverflowDelayedTaskList
                0x00000000200001a0        0x4 ./MiddleWares/Third_Party/FreeRTOS/org/Source/tasks.o
 .bss.xPendingReadyList
                0x00000000200001a4       0x14 ./MiddleWares/Third_Party/FreeRTOS/org/Source/tasks.o
 .bss.xTasksWaitingTermination
                0x00000000200001b8       0x14 ./MiddleWares/Third_Party/FreeRTOS/org/Source/tasks.o
 .bss.uxDeletedTasksWaitingCleanUp
                0x00000000200001cc        0x4 ./MiddleWares/Third_Party/FreeRTOS/org/Source/tasks.o
 .bss.xSuspendedTaskList
                0x00000000200001d0       0x14 ./MiddleWares/Third_Party/FreeRTOS/org/Source/tasks.o
 .bss.uxCurrentNumberOfTasks
                0x00000000200001e4        0x4 ./MiddleWares/Third_Party/FreeRTOS/org/Source/tasks.o
 .bss.xTickCount
                0x00000000200001e8        0x4 ./MiddleWares/Third_Party/FreeRTOS/org/Source/tasks.o
 .bss.uxTopReadyPriority
                0x00000000200001ec        0x4 ./MiddleWares/Third_Party/FreeRTOS/org/Source/tasks.o
 .bss.xSchedulerRunning
                0x00000000200001f0        0x4 ./MiddleWares/Third_Party/FreeRTOS/org/Source/tasks.o
 .bss.xPendedTicks
                0x00000000200001f4        0x4 ./MiddleWares/Third_Party/FreeRTOS/org/Source/tasks.o
 .bss.xYieldPending
                0x00000000200001f8        0x4 ./MiddleWares/Third_Party/FreeRTOS/org/Source/tasks.o
 .bss.xNumOfOverflows
                0x00000000200001fc        0x4 ./MiddleWares/Third_Party/FreeRTOS/org/Source/tasks.o
 .bss.uxTaskNumber
                0x0000000020000200        0x4 ./MiddleWares/Third_Party/FreeRTOS/org/Source/tasks.o
 .bss.xNextTaskUnblockTime
                0x0000000020000204        0x4 ./MiddleWares/Third_Party/FreeRTOS/org/Source/tasks.o
 .bss.xIdleTaskHandle
                0x0000000020000208        0x4 ./MiddleWares/Third_Party/FreeRTOS/org/Source/tasks.o
 .bss.uxSchedulerSuspended
                0x000000002000020c        0x4 ./MiddleWares/Third_Party/FreeRTOS/org/Source/tasks.o
 .bss.xActiveTimerList1
                0x0000000020000210       0x14 ./MiddleWares/Third_Party/FreeRTOS/org/Source/timers.o
 .bss.xActiveTimerList2
                0x0000000020000224       0x14 ./MiddleWares/Third_Party/FreeRTOS/org/Source/timers.o
 .bss.pxCurrentTimerList
                0x0000000020000238        0x4 ./MiddleWares/Third_Party/FreeRTOS/org/Source/timers.o
 .bss.pxOverflowTimerList
                0x000000002000023c        0x4 ./MiddleWares/Third_Party/FreeRTOS/org/Source/timers.o
 .bss.xTimerQueue
                0x0000000020000240        0x4 ./MiddleWares/Third_Party/FreeRTOS/org/Source/timers.o
 .bss.xTimerTaskHandle
                0x0000000020000244        0x4 ./MiddleWares/Third_Party/FreeRTOS/org/Source/timers.o
 .bss.xLastTime.0
                0x0000000020000248        0x4 ./MiddleWares/Third_Party/FreeRTOS/org/Source/timers.o
 .bss.ucMaxSysCallPriority
                0x000000002000024c        0x1 ./MiddleWares/Third_Party/FreeRTOS/org/Source/portable/GCC/ARM_CM4F/port.o
 *fill*         0x000000002000024d        0x3 
 .bss.ulMaxPRIGROUPValue
                0x0000000020000250        0x4 ./MiddleWares/Third_Party/FreeRTOS/org/Source/portable/GCC/ARM_CM4F/port.o
 .bss.ucHeap    0x0000000020000254    0x12c00 ./MiddleWares/Third_Party/FreeRTOS/org/Source/portable/MemMang/heap_4.o
 .bss.xStart    0x0000000020012e54        0x8 ./MiddleWares/Third_Party/FreeRTOS/org/Source/portable/MemMang/heap_4.o
 .bss.pxEnd     0x0000000020012e5c        0x4 ./MiddleWares/Third_Party/FreeRTOS/org/Source/portable/MemMang/heap_4.o
 .bss.xFreeBytesRemaining
                0x0000000020012e60        0x4 ./MiddleWares/Third_Party/FreeRTOS/org/Source/portable/MemMang/heap_4.o
 .bss.xMinimumEverFreeBytesRemaining
                0x0000000020012e64        0x4 ./MiddleWares/Third_Party/FreeRTOS/org/Source/portable/MemMang/heap_4.o
 .bss.xNumberOfSuccessfulAllocations
                0x0000000020012e68        0x4 ./MiddleWares/Third_Party/FreeRTOS/org/Source/portable/MemMang/heap_4.o
 .bss.xNumberOfSuccessfulFrees
                0x0000000020012e6c        0x4 ./MiddleWares/Third_Party/FreeRTOS/org/Source/portable/MemMang/heap_4.o
 .bss.xBlockAllocatedBit
                0x0000000020012e70        0x4 ./MiddleWares/Third_Party/FreeRTOS/org/Source/portable/MemMang/heap_4.o
 *(COMMON)
                0x0000000020012e74                . = ALIGN (0x4)
                0x0000000020012e74                _ebss = .
                0x0000000020012e74                __bss_end__ = _ebss

._user_heap_stack
                0x0000000020012e74      0x604
                0x0000000020012e78                . = ALIGN (0x8)
 *fill*         0x0000000020012e74        0x4 
                [!provide]                        PROVIDE (end = .)
                0x0000000020012e78                PROVIDE (_end = .)
                0x0000000020013078                . = (. + _Min_Heap_Size)
 *fill*         0x0000000020012e78      0x200 
                0x0000000020013478                . = (. + _Min_Stack_Size)
 *fill*         0x0000000020013078      0x400 
                0x0000000020013478                . = ALIGN (0x8)

/DISCARD/
 libc.a(*)
 libm.a(*)
 libgcc.a(*)

.ARM.attributes
                0x0000000000000000       0x30
 *(.ARM.attributes)
 .ARM.attributes
                0x0000000000000000       0x1e c:/st/stm32cubeide_1.9.0/stm32cubeide/plugins/com.st.stm32cube.ide.mcu.externaltools.gnu-tools-for-stm32.10.3-2021.10.win32_1.0.0.202111181127/tools/bin/../lib/gcc/arm-none-eabi/10.3.1/thumb/v7e-m+fp/hard/crti.o
 .ARM.attributes
                0x000000000000001e       0x34 c:/st/stm32cubeide_1.9.0/stm32cubeide/plugins/com.st.stm32cube.ide.mcu.externaltools.gnu-tools-for-stm32.10.3-2021.10.win32_1.0.0.202111181127/tools/bin/../lib/gcc/arm-none-eabi/10.3.1/thumb/v7e-m+fp/hard/crtbegin.o
 .ARM.attributes
                0x0000000000000052       0x34 ./Core/Src/main.o
 .ARM.attributes
                0x0000000000000086       0x34 ./Core/Src/stm32f4xx_hal_msp.o
 .ARM.attributes
                0x00000000000000ba       0x34 ./Core/Src/stm32f4xx_hal_timebase_tim.o
 .ARM.attributes
                0x00000000000000ee       0x34 ./Core/Src/stm32f4xx_it.o
 .ARM.attributes
                0x0000000000000122       0x34 ./Core/Src/system_stm32f4xx.o
 .ARM.attributes
                0x0000000000000156       0x21 ./Core/Startup/startup_stm32f407vgtx.o
 .ARM.attributes
                0x0000000000000177       0x34 ./Drivers/STM32F4xx_HAL_Driver/Src/stm32f4xx_hal.o
 .ARM.attributes
                0x00000000000001ab       0x34 ./Drivers/STM32F4xx_HAL_Driver/Src/stm32f4xx_hal_cortex.o
 .ARM.attributes
                0x00000000000001df       0x34 ./Drivers/STM32F4xx_HAL_Driver/Src/stm32f4xx_hal_gpio.o
 .ARM.attributes
                0x0000000000000213       0x34 ./Drivers/STM32F4xx_HAL_Driver/Src/stm32f4xx_hal_rcc.o
 .ARM.attributes
                0x0000000000000247       0x34 ./Drivers/STM32F4xx_HAL_Driver/Src/stm32f4xx_hal_tim.o
 .ARM.attributes
                0x000000000000027b       0x34 ./Drivers/STM32F4xx_HAL_Driver/Src/stm32f4xx_hal_tim_ex.o
 .ARM.attributes
                0x00000000000002af       0x34 ./Drivers/STM32F4xx_HAL_Driver/Src/stm32f4xx_hal_uart.o
 .ARM.attributes
                0x00000000000002e3       0x34 ./MiddleWares/Third_Party/FreeRTOS/org/Source/list.o
 .ARM.attributes
                0x0000000000000317       0x34 ./MiddleWares/Third_Party/FreeRTOS/org/Source/queue.o
 .ARM.attributes
                0x000000000000034b       0x34 ./MiddleWares/Third_Party/FreeRTOS/org/Source/tasks.o
 .ARM.attributes
                0x000000000000037f       0x34 ./MiddleWares/Third_Party/FreeRTOS/org/Source/timers.o
 .ARM.attributes
                0x00000000000003b3       0x34 ./MiddleWares/Third_Party/FreeRTOS/org/Source/portable/GCC/ARM_CM4F/port.o
 .ARM.attributes
                0x00000000000003e7       0x34 ./MiddleWares/Third_Party/FreeRTOS/org/Source/portable/MemMang/heap_4.o
 .ARM.attributes
                0x000000000000041b       0x34 c:/st/stm32cubeide_1.9.0/stm32cubeide/plugins/com.st.stm32cube.ide.mcu.externaltools.gnu-tools-for-stm32.10.3-2021.10.win32_1.0.0.202111181127/tools/bin/../lib/gcc/arm-none-eabi/10.3.1/../../../../arm-none-eabi/lib/thumb/v7e-m+fp/hard\libc_nano.a(lib_a-init.o)
 .ARM.attributes
                0x000000000000044f       0x34 c:/st/stm32cubeide_1.9.0/stm32cubeide/plugins/com.st.stm32cube.ide.mcu.externaltools.gnu-tools-for-stm32.10.3-2021.10.win32_1.0.0.202111181127/tools/bin/../lib/gcc/arm-none-eabi/10.3.1/../../../../arm-none-eabi/lib/thumb/v7e-m+fp/hard\libc_nano.a(lib_a-memcpy-stub.o)
 .ARM.attributes
                0x0000000000000483       0x34 c:/st/stm32cubeide_1.9.0/stm32cubeide/plugins/com.st.stm32cube.ide.mcu.externaltools.gnu-tools-for-stm32.10.3-2021.10.win32_1.0.0.202111181127/tools/bin/../lib/gcc/arm-none-eabi/10.3.1/../../../../arm-none-eabi/lib/thumb/v7e-m+fp/hard\libc_nano.a(lib_a-memset.o)
 .ARM.attributes
                0x00000000000004b7       0x17 c:/st/stm32cubeide_1.9.0/stm32cubeide/plugins/com.st.stm32cube.ide.mcu.externaltools.gnu-tools-for-stm32.10.3-2021.10.win32_1.0.0.202111181127/tools/bin/../lib/gcc/arm-none-eabi/10.3.1/../../../../arm-none-eabi/lib/thumb/v7e-m+fp/hard\libc_nano.a(lib_a-strlen.o)
 .ARM.attributes
                0x00000000000004ce       0x1e c:/st/stm32cubeide_1.9.0/stm32cubeide/plugins/com.st.stm32cube.ide.mcu.externaltools.gnu-tools-for-stm32.10.3-2021.10.win32_1.0.0.202111181127/tools/bin/../lib/gcc/arm-none-eabi/10.3.1/thumb/v7e-m+fp/hard\libgcc.a(_aeabi_uldivmod.o)
 .ARM.attributes
                0x00000000000004ec       0x34 c:/st/stm32cubeide_1.9.0/stm32cubeide/plugins/com.st.stm32cube.ide.mcu.externaltools.gnu-tools-for-stm32.10.3-2021.10.win32_1.0.0.202111181127/tools/bin/../lib/gcc/arm-none-eabi/10.3.1/thumb/v7e-m+fp/hard\libgcc.a(_udivmoddi4.o)
 .ARM.attributes
                0x0000000000000520       0x1e c:/st/stm32cubeide_1.9.0/stm32cubeide/plugins/com.st.stm32cube.ide.mcu.externaltools.gnu-tools-for-stm32.10.3-2021.10.win32_1.0.0.202111181127/tools/bin/../lib/gcc/arm-none-eabi/10.3.1/thumb/v7e-m+fp/hard\libgcc.a(_dvmd_tls.o)
 .ARM.attributes
                0x000000000000053e       0x1e c:/st/stm32cubeide_1.9.0/stm32cubeide/plugins/com.st.stm32cube.ide.mcu.externaltools.gnu-tools-for-stm32.10.3-2021.10.win32_1.0.0.202111181127/tools/bin/../lib/gcc/arm-none-eabi/10.3.1/thumb/v7e-m+fp/hard/crtn.o
OUTPUT(freeRTOS_HAL_CountingSemaphore.elf elf32-littlearm)
LOAD linker stubs
LOAD c:/st/stm32cubeide_1.9.0/stm32cubeide/plugins/com.st.stm32cube.ide.mcu.externaltools.gnu-tools-for-stm32.10.3-2021.10.win32_1.0.0.202111181127/tools/bin/../lib/gcc/arm-none-eabi/10.3.1/../../../../arm-none-eabi/lib/thumb/v7e-m+fp/hard\libc.a
LOAD c:/st/stm32cubeide_1.9.0/stm32cubeide/plugins/com.st.stm32cube.ide.mcu.externaltools.gnu-tools-for-stm32.10.3-2021.10.win32_1.0.0.202111181127/tools/bin/../lib/gcc/arm-none-eabi/10.3.1/../../../../arm-none-eabi/lib/thumb/v7e-m+fp/hard\libm.a
LOAD c:/st/stm32cubeide_1.9.0/stm32cubeide/plugins/com.st.stm32cube.ide.mcu.externaltools.gnu-tools-for-stm32.10.3-2021.10.win32_1.0.0.202111181127/tools/bin/../lib/gcc/arm-none-eabi/10.3.1/thumb/v7e-m+fp/hard\libgcc.a

.debug_info     0x0000000000000000    0x12c10
 .debug_info    0x0000000000000000     0x143f ./Core/Src/main.o
 .debug_info    0x000000000000143f      0x96b ./Core/Src/stm32f4xx_hal_msp.o
 .debug_info    0x0000000000001daa      0xc21 ./Core/Src/stm32f4xx_hal_timebase_tim.o
 .debug_info    0x00000000000029cb      0x706 ./Core/Src/stm32f4xx_it.o
 .debug_info    0x00000000000030d1      0x523 ./Core/Src/system_stm32f4xx.o
 .debug_info    0x00000000000035f4       0x22 ./Core/Startup/startup_stm32f407vgtx.o
 .debug_info    0x0000000000003616      0x97c ./Drivers/STM32F4xx_HAL_Driver/Src/stm32f4xx_hal.o
 .debug_info    0x0000000000003f92      0xe1b ./Drivers/STM32F4xx_HAL_Driver/Src/stm32f4xx_hal_cortex.o
 .debug_info    0x0000000000004dad      0x76a ./Drivers/STM32F4xx_HAL_Driver/Src/stm32f4xx_hal_gpio.o
 .debug_info    0x0000000000005517      0x966 ./Drivers/STM32F4xx_HAL_Driver/Src/stm32f4xx_hal_rcc.o
 .debug_info    0x0000000000005e7d     0x2bbe ./Drivers/STM32F4xx_HAL_Driver/Src/stm32f4xx_hal_tim.o
 .debug_info    0x0000000000008a3b     0x15e0 ./Drivers/STM32F4xx_HAL_Driver/Src/stm32f4xx_hal_tim_ex.o
 .debug_info    0x000000000000a01b     0x31bc ./Drivers/STM32F4xx_HAL_Driver/Src/stm32f4xx_hal_uart.o
 .debug_info    0x000000000000d1d7      0x2d1 ./MiddleWares/Third_Party/FreeRTOS/org/Source/list.o
 .debug_info    0x000000000000d4a8     0x1926 ./MiddleWares/Third_Party/FreeRTOS/org/Source/queue.o
 .debug_info    0x000000000000edce     0x25ab ./MiddleWares/Third_Party/FreeRTOS/org/Source/tasks.o
 .debug_info    0x0000000000011379      0xe83 ./MiddleWares/Third_Party/FreeRTOS/org/Source/timers.o
 .debug_info    0x00000000000121fc      0x507 ./MiddleWares/Third_Party/FreeRTOS/org/Source/portable/GCC/ARM_CM4F/port.o
 .debug_info    0x0000000000012703      0x50d ./MiddleWares/Third_Party/FreeRTOS/org/Source/portable/MemMang/heap_4.o

.debug_abbrev   0x0000000000000000     0x293a
 .debug_abbrev  0x0000000000000000      0x324 ./Core/Src/main.o
 .debug_abbrev  0x0000000000000324      0x19b ./Core/Src/stm32f4xx_hal_msp.o
 .debug_abbrev  0x00000000000004bf      0x1d3 ./Core/Src/stm32f4xx_hal_timebase_tim.o
 .debug_abbrev  0x0000000000000692      0x199 ./Core/Src/stm32f4xx_it.o
 .debug_abbrev  0x000000000000082b      0x116 ./Core/Src/system_stm32f4xx.o
 .debug_abbrev  0x0000000000000941       0x12 ./Core/Startup/startup_stm32f407vgtx.o
 .debug_abbrev  0x0000000000000953      0x20d ./Drivers/STM32F4xx_HAL_Driver/Src/stm32f4xx_hal.o
 .debug_abbrev  0x0000000000000b60      0x316 ./Drivers/STM32F4xx_HAL_Driver/Src/stm32f4xx_hal_cortex.o
 .debug_abbrev  0x0000000000000e76      0x1c4 ./Drivers/STM32F4xx_HAL_Driver/Src/stm32f4xx_hal_gpio.o
 .debug_abbrev  0x000000000000103a      0x2aa ./Drivers/STM32F4xx_HAL_Driver/Src/stm32f4xx_hal_rcc.o
 .debug_abbrev  0x00000000000012e4      0x25d ./Drivers/STM32F4xx_HAL_Driver/Src/stm32f4xx_hal_tim.o
 .debug_abbrev  0x0000000000001541      0x265 ./Drivers/STM32F4xx_HAL_Driver/Src/stm32f4xx_hal_tim_ex.o
 .debug_abbrev  0x00000000000017a6      0x2f4 ./Drivers/STM32F4xx_HAL_Driver/Src/stm32f4xx_hal_uart.o
 .debug_abbrev  0x0000000000001a9a       0xf2 ./MiddleWares/Third_Party/FreeRTOS/org/Source/list.o
 .debug_abbrev  0x0000000000001b8c      0x312 ./MiddleWares/Third_Party/FreeRTOS/org/Source/queue.o
 .debug_abbrev  0x0000000000001e9e      0x36c ./MiddleWares/Third_Party/FreeRTOS/org/Source/tasks.o
 .debug_abbrev  0x000000000000220a      0x2c5 ./MiddleWares/Third_Party/FreeRTOS/org/Source/timers.o
 .debug_abbrev  0x00000000000024cf      0x259 ./MiddleWares/Third_Party/FreeRTOS/org/Source/portable/GCC/ARM_CM4F/port.o
 .debug_abbrev  0x0000000000002728      0x212 ./MiddleWares/Third_Party/FreeRTOS/org/Source/portable/MemMang/heap_4.o

.debug_aranges  0x0000000000000000     0x10a0
 .debug_aranges
                0x0000000000000000       0x70 ./Core/Src/main.o
 .debug_aranges
                0x0000000000000070       0x30 ./Core/Src/stm32f4xx_hal_msp.o
 .debug_aranges
                0x00000000000000a0       0x30 ./Core/Src/stm32f4xx_hal_timebase_tim.o
 .debug_aranges
                0x00000000000000d0       0x40 ./Core/Src/stm32f4xx_it.o
 .debug_aranges
                0x0000000000000110       0x28 ./Core/Src/system_stm32f4xx.o
 .debug_aranges
                0x0000000000000138       0x28 ./Core/Startup/startup_stm32f407vgtx.o
 .debug_aranges
                0x0000000000000160       0xf0 ./Drivers/STM32F4xx_HAL_Driver/Src/stm32f4xx_hal.o
 .debug_aranges
                0x0000000000000250      0x118 ./Drivers/STM32F4xx_HAL_Driver/Src/stm32f4xx_hal_cortex.o
 .debug_aranges
                0x0000000000000368       0x58 ./Drivers/STM32F4xx_HAL_Driver/Src/stm32f4xx_hal_gpio.o
 .debug_aranges
                0x00000000000003c0       0x88 ./Drivers/STM32F4xx_HAL_Driver/Src/stm32f4xx_hal_rcc.o
 .debug_aranges
                0x0000000000000448      0x3d0 ./Drivers/STM32F4xx_HAL_Driver/Src/stm32f4xx_hal_tim.o
 .debug_aranges
                0x0000000000000818      0x168 ./Drivers/STM32F4xx_HAL_Driver/Src/stm32f4xx_hal_tim_ex.o
 .debug_aranges
                0x0000000000000980      0x200 ./Drivers/STM32F4xx_HAL_Driver/Src/stm32f4xx_hal_uart.o
 .debug_aranges
                0x0000000000000b80       0x40 ./MiddleWares/Third_Party/FreeRTOS/org/Source/list.o
 .debug_aranges
                0x0000000000000bc0      0x130 ./MiddleWares/Third_Party/FreeRTOS/org/Source/queue.o
 .debug_aranges
                0x0000000000000cf0      0x1f8 ./MiddleWares/Third_Party/FreeRTOS/org/Source/tasks.o
 .debug_aranges
                0x0000000000000ee8       0xe0 ./MiddleWares/Third_Party/FreeRTOS/org/Source/timers.o
 .debug_aranges
                0x0000000000000fc8       0x80 ./MiddleWares/Third_Party/FreeRTOS/org/Source/portable/GCC/ARM_CM4F/port.o
 .debug_aranges
                0x0000000000001048       0x58 ./MiddleWares/Third_Party/FreeRTOS/org/Source/portable/MemMang/heap_4.o

.debug_ranges   0x0000000000000000      0xfa8
 .debug_ranges  0x0000000000000000       0x60 ./Core/Src/main.o
 .debug_ranges  0x0000000000000060       0x20 ./Core/Src/stm32f4xx_hal_msp.o
 .debug_ranges  0x0000000000000080       0x20 ./Core/Src/stm32f4xx_hal_timebase_tim.o
 .debug_ranges  0x00000000000000a0       0x30 ./Core/Src/stm32f4xx_it.o
 .debug_ranges  0x00000000000000d0       0x18 ./Core/Src/system_stm32f4xx.o
 .debug_ranges  0x00000000000000e8       0x20 ./Core/Startup/startup_stm32f407vgtx.o
 .debug_ranges  0x0000000000000108       0xe0 ./Drivers/STM32F4xx_HAL_Driver/Src/stm32f4xx_hal.o
 .debug_ranges  0x00000000000001e8      0x108 ./Drivers/STM32F4xx_HAL_Driver/Src/stm32f4xx_hal_cortex.o
 .debug_ranges  0x00000000000002f0       0x48 ./Drivers/STM32F4xx_HAL_Driver/Src/stm32f4xx_hal_gpio.o
 .debug_ranges  0x0000000000000338       0x78 ./Drivers/STM32F4xx_HAL_Driver/Src/stm32f4xx_hal_rcc.o
 .debug_ranges  0x00000000000003b0      0x3c0 ./Drivers/STM32F4xx_HAL_Driver/Src/stm32f4xx_hal_tim.o
 .debug_ranges  0x0000000000000770      0x158 ./Drivers/STM32F4xx_HAL_Driver/Src/stm32f4xx_hal_tim_ex.o
 .debug_ranges  0x00000000000008c8      0x220 ./Drivers/STM32F4xx_HAL_Driver/Src/stm32f4xx_hal_uart.o
 .debug_ranges  0x0000000000000ae8       0x30 ./MiddleWares/Third_Party/FreeRTOS/org/Source/list.o
 .debug_ranges  0x0000000000000b18      0x120 ./MiddleWares/Third_Party/FreeRTOS/org/Source/queue.o
 .debug_ranges  0x0000000000000c38      0x1e8 ./MiddleWares/Third_Party/FreeRTOS/org/Source/tasks.o
 .debug_ranges  0x0000000000000e20       0xd0 ./MiddleWares/Third_Party/FreeRTOS/org/Source/timers.o
 .debug_ranges  0x0000000000000ef0       0x70 ./MiddleWares/Third_Party/FreeRTOS/org/Source/portable/GCC/ARM_CM4F/port.o
 .debug_ranges  0x0000000000000f60       0x48 ./MiddleWares/Third_Party/FreeRTOS/org/Source/portable/MemMang/heap_4.o

.debug_macro    0x0000000000000000    0x22210
 .debug_macro   0x0000000000000000      0x369 ./Core/Src/main.o
 .debug_macro   0x0000000000000369      0xa78 ./Core/Src/main.o
 .debug_macro   0x0000000000000de1      0x29b ./Core/Src/main.o
 .debug_macro   0x000000000000107c       0x2e ./Core/Src/main.o
 .debug_macro   0x00000000000010aa       0x2f ./Core/Src/main.o
 .debug_macro   0x00000000000010d9       0x22 ./Core/Src/main.o
 .debug_macro   0x00000000000010fb       0x8e ./Core/Src/main.o
 .debug_macro   0x0000000000001189       0x51 ./Core/Src/main.o
 .debug_macro   0x00000000000011da      0x103 ./Core/Src/main.o
 .debug_macro   0x00000000000012dd       0x6a ./Core/Src/main.o
 .debug_macro   0x0000000000001347      0x1df ./Core/Src/main.o
 .debug_macro   0x0000000000001526       0x1c ./Core/Src/main.o
 .debug_macro   0x0000000000001542       0x22 ./Core/Src/main.o
 .debug_macro   0x0000000000001564       0xd9 ./Core/Src/main.o
 .debug_macro   0x000000000000163d     0x102d ./Core/Src/main.o
 .debug_macro   0x000000000000266a      0x11f ./Core/Src/main.o
 .debug_macro   0x0000000000002789    0x15e82 ./Core/Src/main.o
 .debug_macro   0x000000000001860b       0x6d ./Core/Src/main.o
 .debug_macro   0x0000000000018678     0x367e ./Core/Src/main.o
 .debug_macro   0x000000000001bcf6      0x174 ./Core/Src/main.o
 .debug_macro   0x000000000001be6a       0x5c ./Core/Src/main.o
 .debug_macro   0x000000000001bec6      0x96b ./Core/Src/main.o
 .debug_macro   0x000000000001c831      0x9fe ./Core/Src/main.o
 .debug_macro   0x000000000001d22f      0x115 ./Core/Src/main.o
 .debug_macro   0x000000000001d344      0x13e ./Core/Src/main.o
 .debug_macro   0x000000000001d482       0xa5 ./Core/Src/main.o
 .debug_macro   0x000000000001d527      0x174 ./Core/Src/main.o
 .debug_macro   0x000000000001d69b      0x287 ./Core/Src/main.o
 .debug_macro   0x000000000001d922       0x5f ./Core/Src/main.o
 .debug_macro   0x000000000001d981      0x236 ./Core/Src/main.o
 .debug_macro   0x000000000001dbb7      0x12c ./Core/Src/main.o
 .debug_macro   0x000000000001dce3      0x21e ./Core/Src/main.o
 .debug_macro   0x000000000001df01       0x2e ./Core/Src/main.o
 .debug_macro   0x000000000001df2f      0x11a ./Core/Src/main.o
 .debug_macro   0x000000000001e049       0x7e ./Core/Src/main.o
 .debug_macro   0x000000000001e0c7       0x89 ./Core/Src/main.o
 .debug_macro   0x000000000001e150      0x8e6 ./Core/Src/main.o
 .debug_macro   0x000000000001ea36       0x47 ./Core/Src/main.o
 .debug_macro   0x000000000001ea7d      0x295 ./Core/Src/main.o
 .debug_macro   0x000000000001ed12      0x12d ./Core/Src/main.o
 .debug_macro   0x000000000001ee3f      0x106 ./Core/Src/main.o
 .debug_macro   0x000000000001ef45      0x15a ./Core/Src/main.o
 .debug_macro   0x000000000001f09f       0xea ./Core/Src/main.o
 .debug_macro   0x000000000001f189       0x28 ./Core/Src/main.o
 .debug_macro   0x000000000001f1b1       0x1f ./Core/Src/main.o
 .debug_macro   0x000000000001f1d0       0x12 ./Core/Src/main.o
 .debug_macro   0x000000000001f1e2      0x50b ./Core/Src/main.o
 .debug_macro   0x000000000001f6ed       0xc3 ./Core/Src/main.o
 .debug_macro   0x000000000001f7b0      0x120 ./Core/Src/main.o
 .debug_macro   0x000000000001f8d0       0x80 ./Core/Src/main.o
 .debug_macro   0x000000000001f950       0x85 ./Core/Src/main.o
 .debug_macro   0x000000000001f9d5       0x52 ./Core/Src/main.o
 .debug_macro   0x000000000001fa27       0x1e ./Core/Src/main.o
 .debug_macro   0x000000000001fa45       0x3c ./Core/Src/main.o
 .debug_macro   0x000000000001fa81       0x34 ./Core/Src/main.o
 .debug_macro   0x000000000001fab5       0x16 ./Core/Src/main.o
 .debug_macro   0x000000000001facb       0x43 ./Core/Src/main.o
 .debug_macro   0x000000000001fb0e       0x34 ./Core/Src/main.o
 .debug_macro   0x000000000001fb42       0x10 ./Core/Src/main.o
 .debug_macro   0x000000000001fb52       0x58 ./Core/Src/main.o
 .debug_macro   0x000000000001fbaa       0x71 ./Core/Src/main.o
 .debug_macro   0x000000000001fc1b       0x1c ./Core/Src/main.o
 .debug_macro   0x000000000001fc37      0x12a ./Core/Src/main.o
 .debug_macro   0x000000000001fd61      0x341 ./Core/Src/main.o
 .debug_macro   0x00000000000200a2       0x10 ./Core/Src/main.o
 .debug_macro   0x00000000000200b2       0x35 ./Core/Src/main.o
 .debug_macro   0x00000000000200e7       0x20 ./Core/Src/main.o
 .debug_macro   0x0000000000020107       0x16 ./Core/Src/main.o
 .debug_macro   0x000000000002011d       0x16 ./Core/Src/main.o
 .debug_macro   0x0000000000020133       0x29 ./Core/Src/main.o
 .debug_macro   0x000000000002015c      0x1d8 ./Core/Src/stm32f4xx_hal_msp.o
 .debug_macro   0x0000000000020334      0x1ce ./Core/Src/stm32f4xx_hal_timebase_tim.o
 .debug_macro   0x0000000000020502      0x1e2 ./Core/Src/stm32f4xx_it.o
 .debug_macro   0x00000000000206e4      0x1ce ./Core/Src/system_stm32f4xx.o
 .debug_macro   0x00000000000208b2      0x22e ./Drivers/STM32F4xx_HAL_Driver/Src/stm32f4xx_hal.o
 .debug_macro   0x0000000000020ae0      0x1ce ./Drivers/STM32F4xx_HAL_Driver/Src/stm32f4xx_hal_cortex.o
 .debug_macro   0x0000000000020cae      0x1d4 ./Drivers/STM32F4xx_HAL_Driver/Src/stm32f4xx_hal_gpio.o
 .debug_macro   0x0000000000020e82      0x1f2 ./Drivers/STM32F4xx_HAL_Driver/Src/stm32f4xx_hal_rcc.o
 .debug_macro   0x0000000000021074      0x1cf ./Drivers/STM32F4xx_HAL_Driver/Src/stm32f4xx_hal_tim.o
 .debug_macro   0x0000000000021243      0x1ce ./Drivers/STM32F4xx_HAL_Driver/Src/stm32f4xx_hal_tim_ex.o
 .debug_macro   0x0000000000021411      0x1cf ./Drivers/STM32F4xx_HAL_Driver/Src/stm32f4xx_hal_uart.o
 .debug_macro   0x00000000000215e0      0x198 ./MiddleWares/Third_Party/FreeRTOS/org/Source/list.o
 .debug_macro   0x0000000000021778      0x221 ./MiddleWares/Third_Party/FreeRTOS/org/Source/queue.o
 .debug_macro   0x0000000000021999       0x16 ./MiddleWares/Third_Party/FreeRTOS/org/Source/queue.o
 .debug_macro   0x00000000000219af      0x27e ./MiddleWares/Third_Party/FreeRTOS/org/Source/tasks.o
 .debug_macro   0x0000000000021c2d       0x17 ./MiddleWares/Third_Party/FreeRTOS/org/Source/tasks.o
 .debug_macro   0x0000000000021c44      0x1e7 ./MiddleWares/Third_Party/FreeRTOS/org/Source/timers.o
 .debug_macro   0x0000000000021e2b       0x97 ./MiddleWares/Third_Party/FreeRTOS/org/Source/timers.o
 .debug_macro   0x0000000000021ec2      0x19b ./MiddleWares/Third_Party/FreeRTOS/org/Source/portable/GCC/ARM_CM4F/port.o
 .debug_macro   0x000000000002205d      0x1b3 ./MiddleWares/Third_Party/FreeRTOS/org/Source/portable/MemMang/heap_4.o

.debug_line     0x0000000000000000    0x12e8a
 .debug_line    0x0000000000000000      0xc00 ./Core/Src/main.o
 .debug_line    0x0000000000000c00      0x704 ./Core/Src/stm32f4xx_hal_msp.o
 .debug_line    0x0000000000001304      0x714 ./Core/Src/stm32f4xx_hal_timebase_tim.o
 .debug_line    0x0000000000001a18      0x722 ./Core/Src/stm32f4xx_it.o
 .debug_line    0x000000000000213a      0x739 ./Core/Src/system_stm32f4xx.o
 .debug_line    0x0000000000002873       0x88 ./Core/Startup/startup_stm32f407vgtx.o
 .debug_line    0x00000000000028fb      0x99f ./Drivers/STM32F4xx_HAL_Driver/Src/stm32f4xx_hal.o
 .debug_line    0x000000000000329a      0xc4e ./Drivers/STM32F4xx_HAL_Driver/Src/stm32f4xx_hal_cortex.o
 .debug_line    0x0000000000003ee8      0xb13 ./Drivers/STM32F4xx_HAL_Driver/Src/stm32f4xx_hal_gpio.o
 .debug_line    0x00000000000049fb      0xd19 ./Drivers/STM32F4xx_HAL_Driver/Src/stm32f4xx_hal_rcc.o
 .debug_line    0x0000000000005714     0x3693 ./Drivers/STM32F4xx_HAL_Driver/Src/stm32f4xx_hal_tim.o
 .debug_line    0x0000000000008da7     0x199c ./Drivers/STM32F4xx_HAL_Driver/Src/stm32f4xx_hal_tim_ex.o
 .debug_line    0x000000000000a743     0x2a44 ./Drivers/STM32F4xx_HAL_Driver/Src/stm32f4xx_hal_uart.o
 .debug_line    0x000000000000d187      0x7e4 ./MiddleWares/Third_Party/FreeRTOS/org/Source/list.o
 .debug_line    0x000000000000d96b     0x170d ./MiddleWares/Third_Party/FreeRTOS/org/Source/queue.o
 .debug_line    0x000000000000f078     0x1e28 ./MiddleWares/Third_Party/FreeRTOS/org/Source/tasks.o
 .debug_line    0x0000000000010ea0      0xcf0 ./MiddleWares/Third_Party/FreeRTOS/org/Source/timers.o
 .debug_line    0x0000000000011b90      0x8cb ./MiddleWares/Third_Party/FreeRTOS/org/Source/portable/GCC/ARM_CM4F/port.o
 .debug_line    0x000000000001245b      0xa2f ./MiddleWares/Third_Party/FreeRTOS/org/Source/portable/MemMang/heap_4.o

.debug_str      0x0000000000000000    0xd30d4
 .debug_str     0x0000000000000000    0xcd146 ./Core/Src/main.o
                                      0xcd53d (size before relaxing)
 .debug_str     0x00000000000cd146       0x66 ./Core/Src/stm32f4xx_hal_msp.o
                                      0xc3c8e (size before relaxing)
 .debug_str     0x00000000000cd1ac       0xec ./Core/Src/stm32f4xx_hal_timebase_tim.o
                                      0xc431c (size before relaxing)
 .debug_str     0x00000000000cd298       0xb2 ./Core/Src/stm32f4xx_it.o
                                      0xc3c67 (size before relaxing)
 .debug_str     0x00000000000cd34a       0xdb ./Core/Src/system_stm32f4xx.o
                                      0xc3847 (size before relaxing)
 .debug_str     0x00000000000cd425       0x36 ./Core/Startup/startup_stm32f407vgtx.o
                                         0x86 (size before relaxing)
 .debug_str     0x00000000000cd45b      0x5de ./Drivers/STM32F4xx_HAL_Driver/Src/stm32f4xx_hal.o
                                      0xc43cb (size before relaxing)
 .debug_str     0x00000000000cda39      0x323 ./Drivers/STM32F4xx_HAL_Driver/Src/stm32f4xx_hal_cortex.o
                                      0xc40fe (size before relaxing)
 .debug_str     0x00000000000cdd5c      0x144 ./Drivers/STM32F4xx_HAL_Driver/Src/stm32f4xx_hal_gpio.o
                                      0xc39c2 (size before relaxing)
 .debug_str     0x00000000000cdea0      0x1fd ./Drivers/STM32F4xx_HAL_Driver/Src/stm32f4xx_hal_rcc.o
                                      0xc3c7b (size before relaxing)
 .debug_str     0x00000000000ce09d      0xe69 ./Drivers/STM32F4xx_HAL_Driver/Src/stm32f4xx_hal_tim.o
                                      0xc4bc1 (size before relaxing)
 .debug_str     0x00000000000cef06      0x503 ./Drivers/STM32F4xx_HAL_Driver/Src/stm32f4xx_hal_tim_ex.o
                                      0xc43dd (size before relaxing)
 .debug_str     0x00000000000cf409      0x60a ./Drivers/STM32F4xx_HAL_Driver/Src/stm32f4xx_hal_uart.o
                                      0xc421a (size before relaxing)
 .debug_str     0x00000000000cfa13      0x19b ./MiddleWares/Third_Party/FreeRTOS/org/Source/list.o
                                       0xac88 (size before relaxing)
 .debug_str     0x00000000000cfbae      0xa44 ./MiddleWares/Third_Party/FreeRTOS/org/Source/queue.o
                                       0xd122 (size before relaxing)
 .debug_str     0x00000000000d05f2     0x1ade ./MiddleWares/Third_Party/FreeRTOS/org/Source/tasks.o
                                       0xdd81 (size before relaxing)
 .debug_str     0x00000000000d20d0      0x55d ./MiddleWares/Third_Party/FreeRTOS/org/Source/timers.o
                                       0xd4e5 (size before relaxing)
 .debug_str     0x00000000000d262d      0x77f ./MiddleWares/Third_Party/FreeRTOS/org/Source/portable/GCC/ARM_CM4F/port.o
                                       0x9774 (size before relaxing)
 .debug_str     0x00000000000d2dac      0x328 ./MiddleWares/Third_Party/FreeRTOS/org/Source/portable/MemMang/heap_4.o
                                       0xc151 (size before relaxing)

.comment        0x0000000000000000       0x50
 .comment       0x0000000000000000       0x50 ./Core/Src/main.o
                                         0x51 (size before relaxing)
 .comment       0x0000000000000050       0x51 ./Core/Src/stm32f4xx_hal_msp.o
 .comment       0x0000000000000050       0x51 ./Core/Src/stm32f4xx_hal_timebase_tim.o
 .comment       0x0000000000000050       0x51 ./Core/Src/stm32f4xx_it.o
 .comment       0x0000000000000050       0x51 ./Core/Src/system_stm32f4xx.o
 .comment       0x0000000000000050       0x51 ./Drivers/STM32F4xx_HAL_Driver/Src/stm32f4xx_hal.o
 .comment       0x0000000000000050       0x51 ./Drivers/STM32F4xx_HAL_Driver/Src/stm32f4xx_hal_cortex.o
 .comment       0x0000000000000050       0x51 ./Drivers/STM32F4xx_HAL_Driver/Src/stm32f4xx_hal_gpio.o
 .comment       0x0000000000000050       0x51 ./Drivers/STM32F4xx_HAL_Driver/Src/stm32f4xx_hal_rcc.o
 .comment       0x0000000000000050       0x51 ./Drivers/STM32F4xx_HAL_Driver/Src/stm32f4xx_hal_tim.o
 .comment       0x0000000000000050       0x51 ./Drivers/STM32F4xx_HAL_Driver/Src/stm32f4xx_hal_tim_ex.o
 .comment       0x0000000000000050       0x51 ./Drivers/STM32F4xx_HAL_Driver/Src/stm32f4xx_hal_uart.o
 .comment       0x0000000000000050       0x51 ./MiddleWares/Third_Party/FreeRTOS/org/Source/list.o
 .comment       0x0000000000000050       0x51 ./MiddleWares/Third_Party/FreeRTOS/org/Source/queue.o
 .comment       0x0000000000000050       0x51 ./MiddleWares/Third_Party/FreeRTOS/org/Source/tasks.o
 .comment       0x0000000000000050       0x51 ./MiddleWares/Third_Party/FreeRTOS/org/Source/timers.o
 .comment       0x0000000000000050       0x51 ./MiddleWares/Third_Party/FreeRTOS/org/Source/portable/GCC/ARM_CM4F/port.o
 .comment       0x0000000000000050       0x51 ./MiddleWares/Third_Party/FreeRTOS/org/Source/portable/MemMang/heap_4.o

.debug_frame    0x0000000000000000     0x45c8
 .debug_frame   0x0000000000000000      0x174 ./Core/Src/main.o
 .debug_frame   0x0000000000000174       0x80 ./Core/Src/stm32f4xx_hal_msp.o
 .debug_frame   0x00000000000001f4       0x74 ./Core/Src/stm32f4xx_hal_timebase_tim.o
 .debug_frame   0x0000000000000268       0x98 ./Core/Src/stm32f4xx_it.o
 .debug_frame   0x0000000000000300       0x58 ./Core/Src/system_stm32f4xx.o
 .debug_frame   0x0000000000000358      0x374 ./Drivers/STM32F4xx_HAL_Driver/Src/stm32f4xx_hal.o
 .debug_frame   0x00000000000006cc      0x498 ./Drivers/STM32F4xx_HAL_Driver/Src/stm32f4xx_hal_cortex.o
 .debug_frame   0x0000000000000b64      0x14c ./Drivers/STM32F4xx_HAL_Driver/Src/stm32f4xx_hal_gpio.o
 .debug_frame   0x0000000000000cb0      0x1f4 ./Drivers/STM32F4xx_HAL_Driver/Src/stm32f4xx_hal_rcc.o
 .debug_frame   0x0000000000000ea4     0x11c4 ./Drivers/STM32F4xx_HAL_Driver/Src/stm32f4xx_hal_tim.o
 .debug_frame   0x0000000000002068      0x638 ./Drivers/STM32F4xx_HAL_Driver/Src/stm32f4xx_hal_tim_ex.o
 .debug_frame   0x00000000000026a0      0x92c ./Drivers/STM32F4xx_HAL_Driver/Src/stm32f4xx_hal_uart.o
 .debug_frame   0x0000000000002fcc       0xd8 ./MiddleWares/Third_Party/FreeRTOS/org/Source/list.o
 .debug_frame   0x00000000000030a4      0x534 ./MiddleWares/Third_Party/FreeRTOS/org/Source/queue.o
 .debug_frame   0x00000000000035d8      0x8a4 ./MiddleWares/Third_Party/FreeRTOS/org/Source/tasks.o
 .debug_frame   0x0000000000003e7c      0x3a4 ./MiddleWares/Third_Party/FreeRTOS/org/Source/timers.o
 .debug_frame   0x0000000000004220      0x1a8 ./MiddleWares/Third_Party/FreeRTOS/org/Source/portable/GCC/ARM_CM4F/port.o
 .debug_frame   0x00000000000043c8      0x12c ./MiddleWares/Third_Party/FreeRTOS/org/Source/portable/MemMang/heap_4.o
 .debug_frame   0x00000000000044f4       0x2c c:/st/stm32cubeide_1.9.0/stm32cubeide/plugins/com.st.stm32cube.ide.mcu.externaltools.gnu-tools-for-stm32.10.3-2021.10.win32_1.0.0.202111181127/tools/bin/../lib/gcc/arm-none-eabi/10.3.1/../../../../arm-none-eabi/lib/thumb/v7e-m+fp/hard\libc_nano.a(lib_a-init.o)
 .debug_frame   0x0000000000004520       0x28 c:/st/stm32cubeide_1.9.0/stm32cubeide/plugins/com.st.stm32cube.ide.mcu.externaltools.gnu-tools-for-stm32.10.3-2021.10.win32_1.0.0.202111181127/tools/bin/../lib/gcc/arm-none-eabi/10.3.1/../../../../arm-none-eabi/lib/thumb/v7e-m+fp/hard\libc_nano.a(lib_a-memcpy-stub.o)
 .debug_frame   0x0000000000004548       0x20 c:/st/stm32cubeide_1.9.0/stm32cubeide/plugins/com.st.stm32cube.ide.mcu.externaltools.gnu-tools-for-stm32.10.3-2021.10.win32_1.0.0.202111181127/tools/bin/../lib/gcc/arm-none-eabi/10.3.1/../../../../arm-none-eabi/lib/thumb/v7e-m+fp/hard\libc_nano.a(lib_a-memset.o)
 .debug_frame   0x0000000000004568       0x2c c:/st/stm32cubeide_1.9.0/stm32cubeide/plugins/com.st.stm32cube.ide.mcu.externaltools.gnu-tools-for-stm32.10.3-2021.10.win32_1.0.0.202111181127/tools/bin/../lib/gcc/arm-none-eabi/10.3.1/thumb/v7e-m+fp/hard\libgcc.a(_aeabi_uldivmod.o)
 .debug_frame   0x0000000000004594       0x34 c:/st/stm32cubeide_1.9.0/stm32cubeide/plugins/com.st.stm32cube.ide.mcu.externaltools.gnu-tools-for-stm32.10.3-2021.10.win32_1.0.0.202111181127/tools/bin/../lib/gcc/arm-none-eabi/10.3.1/thumb/v7e-m+fp/hard\libgcc.a(_udivmoddi4.o)
