../Core/Src/main.c:79:6:sendMessage	16	static
../Core/Src/main.c:85:6:Master_Task_Handler	24	static,ignoring_inline_asm
../Core/Src/main.c:109:6:slaveWorkFunc	72	static
../Core/Src/main.c:116:6:Slave_Task_Handler	24	static
../Core/Src/main.c:141:5:main	16	static
../Core/Src/main.c:208:6:SystemClock_Config	88	static
../Core/Src/main.c:250:13:MX_USART2_UART_Init	8	static
../Core/Src/main.c:283:13:MX_GPIO_Init	16	static
../Core/Src/main.c:303:6:HAL_TIM_PeriodElapsedCallback	16	static
../Core/Src/main.c:320:6:Error_Handler	4	static,ignoring_inline_asm
