Archive member included to satisfy reference by file (symbol)

c:/st/stm32cubeide_1.9.0/stm32cubeide/plugins/com.st.stm32cube.ide.mcu.externaltools.gnu-tools-for-stm32.10.3-2021.10.win32_1.0.0.202111181127/tools/bin/../lib/gcc/arm-none-eabi/10.3.1/../../../../arm-none-eabi/lib/thumb/v7e-m+fp/hard\libc_nano.a(lib_a-errno.o)
                              ./Core/Src/syscalls.o (__errno)
c:/st/stm32cubeide_1.9.0/stm32cubeide/plugins/com.st.stm32cube.ide.mcu.externaltools.gnu-tools-for-stm32.10.3-2021.10.win32_1.0.0.202111181127/tools/bin/../lib/gcc/arm-none-eabi/10.3.1/../../../../arm-none-eabi/lib/thumb/v7e-m+fp/hard\libc_nano.a(lib_a-exit.o)
                              c:/st/stm32cubeide_1.9.0/stm32cubeide/plugins/com.st.stm32cube.ide.mcu.externaltools.gnu-tools-for-stm32.10.3-2021.10.win32_1.0.0.202111181127/tools/bin/../lib/gcc/arm-none-eabi/10.3.1/../../../../arm-none-eabi/lib/thumb/v7e-m+fp/hard/crt0.o (exit)
c:/st/stm32cubeide_1.9.0/stm32cubeide/plugins/com.st.stm32cube.ide.mcu.externaltools.gnu-tools-for-stm32.10.3-2021.10.win32_1.0.0.202111181127/tools/bin/../lib/gcc/arm-none-eabi/10.3.1/../../../../arm-none-eabi/lib/thumb/v7e-m+fp/hard\libc_nano.a(lib_a-impure.o)
                              c:/st/stm32cubeide_1.9.0/stm32cubeide/plugins/com.st.stm32cube.ide.mcu.externaltools.gnu-tools-for-stm32.10.3-2021.10.win32_1.0.0.202111181127/tools/bin/../lib/gcc/arm-none-eabi/10.3.1/../../../../arm-none-eabi/lib/thumb/v7e-m+fp/hard\libc_nano.a(lib_a-exit.o) (_global_impure_ptr)
c:/st/stm32cubeide_1.9.0/stm32cubeide/plugins/com.st.stm32cube.ide.mcu.externaltools.gnu-tools-for-stm32.10.3-2021.10.win32_1.0.0.202111181127/tools/bin/../lib/gcc/arm-none-eabi/10.3.1/../../../../arm-none-eabi/lib/thumb/v7e-m+fp/hard\libc_nano.a(lib_a-init.o)
                              c:/st/stm32cubeide_1.9.0/stm32cubeide/plugins/com.st.stm32cube.ide.mcu.externaltools.gnu-tools-for-stm32.10.3-2021.10.win32_1.0.0.202111181127/tools/bin/../lib/gcc/arm-none-eabi/10.3.1/../../../../arm-none-eabi/lib/thumb/v7e-m+fp/hard/crt0.o (__libc_init_array)
c:/st/stm32cubeide_1.9.0/stm32cubeide/plugins/com.st.stm32cube.ide.mcu.externaltools.gnu-tools-for-stm32.10.3-2021.10.win32_1.0.0.202111181127/tools/bin/../lib/gcc/arm-none-eabi/10.3.1/../../../../arm-none-eabi/lib/thumb/v7e-m+fp/hard\libc_nano.a(lib_a-memcpy-stub.o)
                              ./MiddleWares/Third_Party/FreeRTOS/org/Source/queue.o (memcpy)
c:/st/stm32cubeide_1.9.0/stm32cubeide/plugins/com.st.stm32cube.ide.mcu.externaltools.gnu-tools-for-stm32.10.3-2021.10.win32_1.0.0.202111181127/tools/bin/../lib/gcc/arm-none-eabi/10.3.1/../../../../arm-none-eabi/lib/thumb/v7e-m+fp/hard\libc_nano.a(lib_a-memset.o)
                              c:/st/stm32cubeide_1.9.0/stm32cubeide/plugins/com.st.stm32cube.ide.mcu.externaltools.gnu-tools-for-stm32.10.3-2021.10.win32_1.0.0.202111181127/tools/bin/../lib/gcc/arm-none-eabi/10.3.1/../../../../arm-none-eabi/lib/thumb/v7e-m+fp/hard/crt0.o (memset)
c:/st/stm32cubeide_1.9.0/stm32cubeide/plugins/com.st.stm32cube.ide.mcu.externaltools.gnu-tools-for-stm32.10.3-2021.10.win32_1.0.0.202111181127/tools/bin/../lib/gcc/arm-none-eabi/10.3.1/thumb/v7e-m+fp/hard\libgcc.a(_aeabi_uldivmod.o)
                              ./Drivers/STM32F4xx_HAL_Driver/Src/stm32f4xx_hal_rcc.o (__aeabi_uldivmod)
c:/st/stm32cubeide_1.9.0/stm32cubeide/plugins/com.st.stm32cube.ide.mcu.externaltools.gnu-tools-for-stm32.10.3-2021.10.win32_1.0.0.202111181127/tools/bin/../lib/gcc/arm-none-eabi/10.3.1/thumb/v7e-m+fp/hard\libgcc.a(_udivmoddi4.o)
                              c:/st/stm32cubeide_1.9.0/stm32cubeide/plugins/com.st.stm32cube.ide.mcu.externaltools.gnu-tools-for-stm32.10.3-2021.10.win32_1.0.0.202111181127/tools/bin/../lib/gcc/arm-none-eabi/10.3.1/thumb/v7e-m+fp/hard\libgcc.a(_aeabi_uldivmod.o) (__udivmoddi4)
c:/st/stm32cubeide_1.9.0/stm32cubeide/plugins/com.st.stm32cube.ide.mcu.externaltools.gnu-tools-for-stm32.10.3-2021.10.win32_1.0.0.202111181127/tools/bin/../lib/gcc/arm-none-eabi/10.3.1/thumb/v7e-m+fp/hard\libgcc.a(_dvmd_tls.o)
                              c:/st/stm32cubeide_1.9.0/stm32cubeide/plugins/com.st.stm32cube.ide.mcu.externaltools.gnu-tools-for-stm32.10.3-2021.10.win32_1.0.0.202111181127/tools/bin/../lib/gcc/arm-none-eabi/10.3.1/thumb/v7e-m+fp/hard\libgcc.a(_aeabi_uldivmod.o) (__aeabi_ldiv0)

Discarded input sections

 .text          0x0000000000000000        0x0 c:/st/stm32cubeide_1.9.0/stm32cubeide/plugins/com.st.stm32cube.ide.mcu.externaltools.gnu-tools-for-stm32.10.3-2021.10.win32_1.0.0.202111181127/tools/bin/../lib/gcc/arm-none-eabi/10.3.1/thumb/v7e-m+fp/hard/crti.o
 .data          0x0000000000000000        0x0 c:/st/stm32cubeide_1.9.0/stm32cubeide/plugins/com.st.stm32cube.ide.mcu.externaltools.gnu-tools-for-stm32.10.3-2021.10.win32_1.0.0.202111181127/tools/bin/../lib/gcc/arm-none-eabi/10.3.1/thumb/v7e-m+fp/hard/crti.o
[...]
Memory Configuration

Name             Origin             Length             Attributes
CCMRAM           0x0000000010000000 0x0000000000010000 xrw
RAM              0x0000000020000000 0x0000000000020000 xrw
FLASH            0x0000000008000000 0x0000000000100000 xr
*default*        0x0000000000000000 0xffffffffffffffff

Linker script and memory map

LOAD c:/st/stm32cubeide_1.9.0/stm32cubeide/plugins/com.st.stm32cube.ide.mcu.externaltools.gnu-tools-for-stm32.10.3-2021.10.win32_1.0.0.202111181127/tools/bin/../lib/gcc/arm-none-eabi/10.3.1/thumb/v7e-m+fp/hard/crti.o
LOAD c:/st/stm32cubeide_1.9.0/stm32cubeide/plugins/com.st.stm32cube.ide.mcu.externaltools.gnu-tools-for-stm32.10.3-2021.10.win32_1.0.0.202111181127/tools/bin/../lib/gcc/arm-none-eabi/10.3.1/thumb/v7e-m+fp/hard/crtbegin.o
LOAD c:/st/stm32cubeide_1.9.0/stm32cubeide/plugins/com.st.stm32cube.ide.mcu.externaltools.gnu-tools-for-stm32.10.3-2021.10.win32_1.0.0.202111181127/tools/bin/../lib/gcc/arm-none-eabi/10.3.1/../../../../arm-none-eabi/lib/thumb/v7e-m+fp/hard/crt0.o
LOAD ./Core/Src/main.o
LOAD ./Core/Src/stm32f4xx_hal_msp.o
LOAD ./Core/Src/stm32f4xx_it.o
LOAD ./Core/Src/syscalls.o
LOAD ./Core/Src/sysmem.o
LOAD ./Core/Src/system_stm32f4xx.o
LOAD ./Core/Startup/startup_stm32f407vgtx.o
LOAD ./Drivers/STM32F4xx_HAL_Driver/Src/stm32f4xx_hal.o
LOAD ./Drivers/STM32F4xx_HAL_Driver/Src/stm32f4xx_hal_cortex.o
LOAD ./Drivers/STM32F4xx_HAL_Driver/Src/stm32f4xx_hal_dma.o
LOAD ./Drivers/STM32F4xx_HAL_Driver/Src/stm32f4xx_hal_dma_ex.o
LOAD ./Drivers/STM32F4xx_HAL_Driver/Src/stm32f4xx_hal_exti.o
LOAD ./Drivers/STM32F4xx_HAL_Driver/Src/stm32f4xx_hal_flash.o
LOAD ./Drivers/STM32F4xx_HAL_Driver/Src/stm32f4xx_hal_flash_ex.o
LOAD ./Drivers/STM32F4xx_HAL_Driver/Src/stm32f4xx_hal_flash_ramfunc.o
LOAD ./Drivers/STM32F4xx_HAL_Driver/Src/stm32f4xx_hal_gpio.o
LOAD ./Drivers/STM32F4xx_HAL_Driver/Src/stm32f4xx_hal_pwr.o
LOAD ./Drivers/STM32F4xx_HAL_Driver/Src/stm32f4xx_hal_pwr_ex.o
LOAD ./Drivers/STM32F4xx_HAL_Driver/Src/stm32f4xx_hal_rcc.o
LOAD ./Drivers/STM32F4xx_HAL_Driver/Src/stm32f4xx_hal_rcc_ex.o
LOAD ./Drivers/STM32F4xx_HAL_Driver/Src/stm32f4xx_hal_tim.o
LOAD ./Drivers/STM32F4xx_HAL_Driver/Src/stm32f4xx_hal_tim_ex.o
LOAD ./MiddleWares/Third_Party/FreeRTOS/org/Source/croutine.o
LOAD ./MiddleWares/Third_Party/FreeRTOS/org/Source/event_groups.o
LOAD ./MiddleWares/Third_Party/FreeRTOS/org/Source/list.o
LOAD ./MiddleWares/Third_Party/FreeRTOS/org/Source/queue.o
LOAD ./MiddleWares/Third_Party/FreeRTOS/org/Source/stream_buffer.o
LOAD ./MiddleWares/Third_Party/FreeRTOS/org/Source/tasks.o
LOAD ./MiddleWares/Third_Party/FreeRTOS/org/Source/timers.o
LOAD ./MiddleWares/Third_Party/FreeRTOS/org/Source/portable/GCC/ARM_CM4F/port.o
LOAD ./MiddleWares/Third_Party/FreeRTOS/org/Source/portable/MemMang/heap_4.o
START GROUP
LOAD c:/st/stm32cubeide_1.9.0/stm32cubeide/plugins/com.st.stm32cube.ide.mcu.externaltools.gnu-tools-for-stm32.10.3-2021.10.win32_1.0.0.202111181127/tools/bin/../lib/gcc/arm-none-eabi/10.3.1/../../../../arm-none-eabi/lib/thumb/v7e-m+fp/hard\libc_nano.a
LOAD c:/st/stm32cubeide_1.9.0/stm32cubeide/plugins/com.st.stm32cube.ide.mcu.externaltools.gnu-tools-for-stm32.10.3-2021.10.win32_1.0.0.202111181127/tools/bin/../lib/gcc/arm-none-eabi/10.3.1/../../../../arm-none-eabi/lib/thumb/v7e-m+fp/hard\libm.a
END GROUP
START GROUP
LOAD c:/st/stm32cubeide_1.9.0/stm32cubeide/plugins/com.st.stm32cube.ide.mcu.externaltools.gnu-tools-for-stm32.10.3-2021.10.win32_1.0.0.202111181127/tools/bin/../lib/gcc/arm-none-eabi/10.3.1/thumb/v7e-m+fp/hard\libgcc.a
LOAD c:/st/stm32cubeide_1.9.0/stm32cubeide/plugins/com.st.stm32cube.ide.mcu.externaltools.gnu-tools-for-stm32.10.3-2021.10.win32_1.0.0.202111181127/tools/bin/../lib/gcc/arm-none-eabi/10.3.1/../../../../arm-none-eabi/lib/thumb/v7e-m+fp/hard\libc_nano.a
END GROUP
START GROUP
LOAD c:/st/stm32cubeide_1.9.0/stm32cubeide/plugins/com.st.stm32cube.ide.mcu.externaltools.gnu-tools-for-stm32.10.3-2021.10.win32_1.0.0.202111181127/tools/bin/../lib/gcc/arm-none-eabi/10.3.1/thumb/v7e-m+fp/hard\libgcc.a
LOAD c:/st/stm32cubeide_1.9.0/stm32cubeide/plugins/com.st.stm32cube.ide.mcu.externaltools.gnu-tools-for-stm32.10.3-2021.10.win32_1.0.0.202111181127/tools/bin/../lib/gcc/arm-none-eabi/10.3.1/../../../../arm-none-eabi/lib/thumb/v7e-m+fp/hard\libc_nano.a
LOAD c:/st/stm32cubeide_1.9.0/stm32cubeide/plugins/com.st.stm32cube.ide.mcu.externaltools.gnu-tools-for-stm32.10.3-2021.10.win32_1.0.0.202111181127/tools/bin/../lib/gcc/arm-none-eabi/10.3.1/../../../../arm-none-eabi/lib/thumb/v7e-m+fp/hard\libnosys.a
END GROUP
START GROUP
LOAD c:/st/stm32cubeide_1.9.0/stm32cubeide/plugins/com.st.stm32cube.ide.mcu.externaltools.gnu-tools-for-stm32.10.3-2021.10.win32_1.0.0.202111181127/tools/bin/../lib/gcc/arm-none-eabi/10.3.1/thumb/v7e-m+fp/hard\libgcc.a
LOAD c:/st/stm32cubeide_1.9.0/stm32cubeide/plugins/com.st.stm32cube.ide.mcu.externaltools.gnu-tools-for-stm32.10.3-2021.10.win32_1.0.0.202111181127/tools/bin/../lib/gcc/arm-none-eabi/10.3.1/../../../../arm-none-eabi/lib/thumb/v7e-m+fp/hard\libc_nano.a
LOAD c:/st/stm32cubeide_1.9.0/stm32cubeide/plugins/com.st.stm32cube.ide.mcu.externaltools.gnu-tools-for-stm32.10.3-2021.10.win32_1.0.0.202111181127/tools/bin/../lib/gcc/arm-none-eabi/10.3.1/../../../../arm-none-eabi/lib/thumb/v7e-m+fp/hard\libnosys.a
END GROUP
LOAD c:/st/stm32cubeide_1.9.0/stm32cubeide/plugins/com.st.stm32cube.ide.mcu.externaltools.gnu-tools-for-stm32.10.3-2021.10.win32_1.0.0.202111181127/tools/bin/../lib/gcc/arm-none-eabi/10.3.1/thumb/v7e-m+fp/hard/crtend.o
LOAD c:/st/stm32cubeide_1.9.0/stm32cubeide/plugins/com.st.stm32cube.ide.mcu.externaltools.gnu-tools-for-stm32.10.3-2021.10.win32_1.0.0.202111181127/tools/bin/../lib/gcc/arm-none-eabi/10.3.1/thumb/v7e-m+fp/hard/crtn.o
                0x0000000020020000                _estack = (ORIGIN (RAM) + LENGTH (RAM))
                0x0000000000000200                _Min_Heap_Size = 0x200
                0x0000000000000400                _Min_Stack_Size = 0x400

.isr_vector     0x0000000008000000      0x188
                0x0000000008000000                . = ALIGN (0x4)
 *(.isr_vector)
 .isr_vector    0x0000000008000000      0x188 ./Core/Startup/startup_stm32f407vgtx.o
                0x0000000008000000                g_pfnVectors
                0x0000000008000188                . = ALIGN (0x4)

.text           0x0000000008000190     0x3984
                0x0000000008000190                . = ALIGN (0x4)
 *(.text)
 .text          0x0000000008000190       0x40 c:/st/stm32cubeide_1.9.0/stm32cubeide/plugins/com.st.stm32cube.ide.mcu.externaltools.gnu-tools-for-stm32.10.3-2021.10.win32_1.0.0.202111181127/tools/bin/../lib/gcc/arm-none-eabi/10.3.1/thumb/v7e-m+fp/hard/crtbegin.o
 .text          0x00000000080001d0       0x30 c:/st/stm32cubeide_1.9.0/stm32cubeide/plugins/com.st.stm32cube.ide.mcu.externaltools.gnu-tools-for-stm32.10.3-2021.10.win32_1.0.0.202111181127/tools/bin/../lib/gcc/arm-none-eabi/10.3.1/thumb/v7e-m+fp/hard\libgcc.a(_aeabi_uldivmod.o)
                0x00000000080001d0                __aeabi_uldivmod
 .text          0x0000000008000200      0x2d0 c:/st/stm32cubeide_1.9.0/stm32cubeide/plugins/com.st.stm32cube.ide.mcu.externaltools.gnu-tools-for-stm32.10.3-2021.10.win32_1.0.0.202111181127/tools/bin/../lib/gcc/arm-none-eabi/10.3.1/thumb/v7e-m+fp/hard\libgcc.a(_udivmoddi4.o)
                0x0000000008000200                __udivmoddi4
 .text          0x00000000080004d0        0x4 c:/st/stm32cubeide_1.9.0/stm32cubeide/plugins/com.st.stm32cube.ide.mcu.externaltools.gnu-tools-for-stm32.10.3-2021.10.win32_1.0.0.202111181127/tools/bin/../lib/gcc/arm-none-eabi/10.3.1/thumb/v7e-m+fp/hard\libgcc.a(_dvmd_tls.o)
                0x00000000080004d0                __aeabi_idiv0
                0x00000000080004d0                __aeabi_ldiv0
 *(.text*)
 .text.main     0x00000000080004d4       0x58 ./Core/Src/main.o
                0x00000000080004d4                main
 .text.SystemClock_Config
                0x000000000800052c       0xbc ./Core/Src/main.o
                0x000000000800052c                SystemClock_Config
 .text.MX_GPIO_Init
                0x00000000080005e8       0xa4 ./Core/Src/main.o
 .text.readButtonStateTask
                0x000000000800068c       0x4c ./Core/Src/main.o
                0x000000000800068c                readButtonStateTask
 .text.ledFlashTask
                0x00000000080006d8       0xa4 ./Core/Src/main.o
                0x00000000080006d8                ledFlashTask
 .text.Error_Handler
                0x000000000800077c        0xa ./Core/Src/main.o
                0x000000000800077c                Error_Handler
 *fill*         0x0000000008000786        0x2 
 .text.HAL_MspInit
                0x0000000008000788       0x50 ./Core/Src/stm32f4xx_hal_msp.o
                0x0000000008000788                HAL_MspInit
 .text.MemManage_Handler
                0x00000000080007d8        0x6 ./Core/Src/stm32f4xx_it.o
                0x00000000080007d8                MemManage_Handler
 .text.BusFault_Handler
                0x00000000080007de        0x6 ./Core/Src/stm32f4xx_it.o
                0x00000000080007de                BusFault_Handler
 .text.UsageFault_Handler
                0x00000000080007e4        0x6 ./Core/Src/stm32f4xx_it.o
                0x00000000080007e4                UsageFault_Handler
 .text.DebugMon_Handler
                0x00000000080007ea        0xe ./Core/Src/stm32f4xx_it.o
                0x00000000080007ea                DebugMon_Handler
 .text.SystemInit
                0x00000000080007f8       0x24 ./Core/Src/system_stm32f4xx.o
                0x00000000080007f8                SystemInit
 .text.Reset_Handler
                0x000000000800081c       0x50 ./Core/Startup/startup_stm32f407vgtx.o
                0x000000000800081c                Reset_Handler
 .text.Default_Handler
                0x000000000800086c        0x2 ./Core/Startup/startup_stm32f407vgtx.o
                0x000000000800086c                RTC_Alarm_IRQHandler
                0x000000000800086c                HASH_RNG_IRQHandler
                0x000000000800086c                EXTI2_IRQHandler
                0x000000000800086c                TIM8_CC_IRQHandler
                0x000000000800086c                TIM1_CC_IRQHandler
                0x000000000800086c                DMA2_Stream5_IRQHandler
                0x000000000800086c                HardFault_Handler
                0x000000000800086c                DMA1_Stream5_IRQHandler
                0x000000000800086c                PVD_IRQHandler
                0x000000000800086c                SDIO_IRQHandler
                0x000000000800086c                TAMP_STAMP_IRQHandler
                0x000000000800086c                NMI_Handler
                0x000000000800086c                CAN2_RX1_IRQHandler
                0x000000000800086c                EXTI3_IRQHandler
                0x000000000800086c                TIM8_TRG_COM_TIM14_IRQHandler
                0x000000000800086c                TIM1_UP_TIM10_IRQHandler
                0x000000000800086c                TIM8_UP_TIM13_IRQHandler
                0x000000000800086c                I2C3_ER_IRQHandler
                0x000000000800086c                EXTI0_IRQHandler
                0x000000000800086c                I2C2_EV_IRQHandler
                0x000000000800086c                DMA1_Stream2_IRQHandler
                0x000000000800086c                CAN1_RX0_IRQHandler
                0x000000000800086c                FPU_IRQHandler
                0x000000000800086c                OTG_HS_WKUP_IRQHandler
                0x000000000800086c                CAN2_SCE_IRQHandler
                0x000000000800086c                DMA2_Stream2_IRQHandler
                0x000000000800086c                SPI1_IRQHandler
                0x000000000800086c                TIM6_DAC_IRQHandler
                0x000000000800086c                TIM1_BRK_TIM9_IRQHandler
                0x000000000800086c                DCMI_IRQHandler
                0x000000000800086c                CAN2_RX0_IRQHandler
                0x000000000800086c                DMA2_Stream3_IRQHandler
                0x000000000800086c                USART6_IRQHandler
                0x000000000800086c                USART3_IRQHandler
                0x000000000800086c                CAN1_RX1_IRQHandler
                0x000000000800086c                UART5_IRQHandler
                0x000000000800086c                DMA2_Stream0_IRQHandler
                0x000000000800086c                TIM4_IRQHandler
                0x000000000800086c                I2C1_EV_IRQHandler
                0x000000000800086c                DMA1_Stream6_IRQHandler
                0x000000000800086c                DMA1_Stream1_IRQHandler
                0x000000000800086c                UART4_IRQHandler
                0x000000000800086c                TIM3_IRQHandler
                0x000000000800086c                RCC_IRQHandler
                0x000000000800086c                TIM8_BRK_TIM12_IRQHandler
                0x000000000800086c                Default_Handler
                0x000000000800086c                EXTI15_10_IRQHandler
                0x000000000800086c                ADC_IRQHandler
                0x000000000800086c                DMA1_Stream7_IRQHandler
                0x000000000800086c                TIM7_IRQHandler
                0x000000000800086c                CAN2_TX_IRQHandler
                0x000000000800086c                TIM5_IRQHandler
                0x000000000800086c                DMA2_Stream7_IRQHandler
                0x000000000800086c                I2C3_EV_IRQHandler
                0x000000000800086c                EXTI9_5_IRQHandler
                0x000000000800086c                RTC_WKUP_IRQHandler
                0x000000000800086c                ETH_WKUP_IRQHandler
                0x000000000800086c                SPI2_IRQHandler
                0x000000000800086c                OTG_HS_EP1_IN_IRQHandler
                0x000000000800086c                DMA1_Stream0_IRQHandler
                0x000000000800086c                CAN1_TX_IRQHandler
                0x000000000800086c                EXTI4_IRQHandler
                0x000000000800086c                FSMC_IRQHandler
                0x000000000800086c                ETH_IRQHandler
                0x000000000800086c                OTG_HS_EP1_OUT_IRQHandler
                0x000000000800086c                WWDG_IRQHandler
                0x000000000800086c                TIM2_IRQHandler
                0x000000000800086c                OTG_FS_WKUP_IRQHandler
                0x000000000800086c                TIM1_TRG_COM_TIM11_IRQHandler
                0x000000000800086c                OTG_HS_IRQHandler
                0x000000000800086c                EXTI1_IRQHandler
                0x000000000800086c                USART2_IRQHandler
                0x000000000800086c                I2C2_ER_IRQHandler
                0x000000000800086c                DMA2_Stream1_IRQHandler
                0x000000000800086c                CAN1_SCE_IRQHandler
                0x000000000800086c                FLASH_IRQHandler
                0x000000000800086c                DMA2_Stream4_IRQHandler
                0x000000000800086c                USART1_IRQHandler
                0x000000000800086c                OTG_FS_IRQHandler
                0x000000000800086c                SPI3_IRQHandler
                0x000000000800086c                DMA1_Stream4_IRQHandler
                0x000000000800086c                I2C1_ER_IRQHandler
                0x000000000800086c                DMA2_Stream6_IRQHandler
                0x000000000800086c                DMA1_Stream3_IRQHandler
 *fill*         0x000000000800086e        0x2 
 .text.HAL_Init
                0x0000000008000870       0x44 ./Drivers/STM32F4xx_HAL_Driver/Src/stm32f4xx_hal.o
                0x0000000008000870                HAL_Init
 .text.HAL_InitTick
                0x00000000080008b4       0x60 ./Drivers/STM32F4xx_HAL_Driver/Src/stm32f4xx_hal.o
                0x00000000080008b4                HAL_InitTick
 .text.HAL_GetTick
                0x0000000008000914       0x18 ./Drivers/STM32F4xx_HAL_Driver/Src/stm32f4xx_hal.o
                0x0000000008000914                HAL_GetTick
 .text.__NVIC_SetPriorityGrouping
                0x000000000800092c       0x48 ./Drivers/STM32F4xx_HAL_Driver/Src/stm32f4xx_hal_cortex.o
 .text.__NVIC_GetPriorityGrouping
                0x0000000008000974       0x1c ./Drivers/STM32F4xx_HAL_Driver/Src/stm32f4xx_hal_cortex.o
 .text.__NVIC_SetPriority
                0x0000000008000990       0x54 ./Drivers/STM32F4xx_HAL_Driver/Src/stm32f4xx_hal_cortex.o
 .text.NVIC_EncodePriority
                0x00000000080009e4       0x66 ./Drivers/STM32F4xx_HAL_Driver/Src/stm32f4xx_hal_cortex.o
 *fill*         0x0000000008000a4a        0x2 
 .text.SysTick_Config
                0x0000000008000a4c       0x44 ./Drivers/STM32F4xx_HAL_Driver/Src/stm32f4xx_hal_cortex.o
 .text.HAL_NVIC_SetPriorityGrouping
                0x0000000008000a90       0x16 ./Drivers/STM32F4xx_HAL_Driver/Src/stm32f4xx_hal_cortex.o
                0x0000000008000a90                HAL_NVIC_SetPriorityGrouping
 .text.HAL_NVIC_SetPriority
                0x0000000008000aa6       0x38 ./Drivers/STM32F4xx_HAL_Driver/Src/stm32f4xx_hal_cortex.o
                0x0000000008000aa6                HAL_NVIC_SetPriority
 .text.HAL_SYSTICK_Config
                0x0000000008000ade       0x18 ./Drivers/STM32F4xx_HAL_Driver/Src/stm32f4xx_hal_cortex.o
                0x0000000008000ade                HAL_SYSTICK_Config
 *fill*         0x0000000008000af6        0x2 
 .text.HAL_GPIO_Init
                0x0000000008000af8      0x338 ./Drivers/STM32F4xx_HAL_Driver/Src/stm32f4xx_hal_gpio.o
                0x0000000008000af8                HAL_GPIO_Init
 .text.HAL_GPIO_ReadPin
                0x0000000008000e30       0x30 ./Drivers/STM32F4xx_HAL_Driver/Src/stm32f4xx_hal_gpio.o
                0x0000000008000e30                HAL_GPIO_ReadPin
 .text.HAL_GPIO_WritePin
                0x0000000008000e60       0x32 ./Drivers/STM32F4xx_HAL_Driver/Src/stm32f4xx_hal_gpio.o
                0x0000000008000e60                HAL_GPIO_WritePin
 .text.HAL_GPIO_TogglePin
                0x0000000008000e92       0x34 ./Drivers/STM32F4xx_HAL_Driver/Src/stm32f4xx_hal_gpio.o
                0x0000000008000e92                HAL_GPIO_TogglePin
 *fill*         0x0000000008000ec6        0x2 
 .text.HAL_RCC_OscConfig
                0x0000000008000ec8      0x4f0 ./Drivers/STM32F4xx_HAL_Driver/Src/stm32f4xx_hal_rcc.o
                0x0000000008000ec8                HAL_RCC_OscConfig
 .text.HAL_RCC_ClockConfig
                0x00000000080013b8      0x1cc ./Drivers/STM32F4xx_HAL_Driver/Src/stm32f4xx_hal_rcc.o
                0x00000000080013b8                HAL_RCC_ClockConfig
 .text.HAL_RCC_GetSysClockFreq
                0x0000000008001584      0x18c ./Drivers/STM32F4xx_HAL_Driver/Src/stm32f4xx_hal_rcc.o
                0x0000000008001584                HAL_RCC_GetSysClockFreq
 .text.vListInitialise
                0x0000000008001710       0x40 ./MiddleWares/Third_Party/FreeRTOS/org/Source/list.o
                0x0000000008001710                vListInitialise
 .text.vListInitialiseItem
                0x0000000008001750       0x1a ./MiddleWares/Third_Party/FreeRTOS/org/Source/list.o
                0x0000000008001750                vListInitialiseItem
 .text.vListInsert
                0x000000000800176a       0x72 ./MiddleWares/Third_Party/FreeRTOS/org/Source/list.o
                0x000000000800176a                vListInsert
 .text.uxListRemove
                0x00000000080017dc       0x54 ./MiddleWares/Third_Party/FreeRTOS/org/Source/list.o
                0x00000000080017dc                uxListRemove
 .text.xQueueGenericReset
                0x0000000008001830      0x120 ./MiddleWares/Third_Party/FreeRTOS/org/Source/queue.o
                0x0000000008001830                xQueueGenericReset
 .text.xQueueGenericCreate
                0x0000000008001950       0x9c ./MiddleWares/Third_Party/FreeRTOS/org/Source/queue.o
                0x0000000008001950                xQueueGenericCreate
 .text.prvInitialiseNewQueue
                0x00000000080019ec       0x46 ./MiddleWares/Third_Party/FreeRTOS/org/Source/queue.o
 *fill*         0x0000000008001a32        0x2 
 .text.xQueueReceive
                0x0000000008001a34      0x1c0 ./MiddleWares/Third_Party/FreeRTOS/org/Source/queue.o
                0x0000000008001a34                xQueueReceive
 .text.prvCopyDataFromQueue
                0x0000000008001bf4       0x4c ./MiddleWares/Third_Party/FreeRTOS/org/Source/queue.o
 .text.prvUnlockQueue
                0x0000000008001c40       0xa4 ./MiddleWares/Third_Party/FreeRTOS/org/Source/queue.o
 .text.prvIsQueueEmpty
                0x0000000008001ce4       0x2c ./MiddleWares/Third_Party/FreeRTOS/org/Source/queue.o
 .text.vQueueAddToRegistry
                0x0000000008001d10       0x9c ./MiddleWares/Third_Party/FreeRTOS/org/Source/queue.o
                0x0000000008001d10                vQueueAddToRegistry
 .text.vQueueWaitForMessageRestricted
                0x0000000008001dac       0x68 ./MiddleWares/Third_Party/FreeRTOS/org/Source/queue.o
                0x0000000008001dac                vQueueWaitForMessageRestricted
 .text.xTaskCreate
                0x0000000008001e14       0x82 ./MiddleWares/Third_Party/FreeRTOS/org/Source/tasks.o
                0x0000000008001e14                xTaskCreate
 .text.prvInitialiseNewTask
                0x0000000008001e96      0x148 ./MiddleWares/Third_Party/FreeRTOS/org/Source/tasks.o
 *fill*         0x0000000008001fde        0x2 
 .text.prvAddNewTaskToReadyList
                0x0000000008001fe0      0x12c ./MiddleWares/Third_Party/FreeRTOS/org/Source/tasks.o
 .text.vTaskDelay
                0x000000000800210c       0x68 ./MiddleWares/Third_Party/FreeRTOS/org/Source/tasks.o
                0x000000000800210c                vTaskDelay
 .text.vTaskStartScheduler
                0x0000000008002174       0xa4 ./MiddleWares/Third_Party/FreeRTOS/org/Source/tasks.o
                0x0000000008002174                vTaskStartScheduler
 .text.vTaskSuspendAll
                0x0000000008002218       0x1c ./MiddleWares/Third_Party/FreeRTOS/org/Source/tasks.o
                0x0000000008002218                vTaskSuspendAll
 .text.xTaskResumeAll
                0x0000000008002234      0x1f8 ./MiddleWares/Third_Party/FreeRTOS/org/Source/tasks.o
                0x0000000008002234                xTaskResumeAll
 .text.xTaskGetTickCount
                0x000000000800242c       0x20 ./MiddleWares/Third_Party/FreeRTOS/org/Source/tasks.o
                0x000000000800242c                xTaskGetTickCount
 .text.xTaskIncrementTick
                0x000000000800244c      0x22c ./MiddleWares/Third_Party/FreeRTOS/org/Source/tasks.o
                0x000000000800244c                xTaskIncrementTick
 .text.vTaskSwitchContext
                0x0000000008002678       0xb8 ./MiddleWares/Third_Party/FreeRTOS/org/Source/tasks.o
                0x0000000008002678                vTaskSwitchContext
 .text.vTaskPlaceOnEventList
                0x0000000008002730       0x48 ./MiddleWares/Third_Party/FreeRTOS/org/Source/tasks.o
                0x0000000008002730                vTaskPlaceOnEventList
 .text.vTaskPlaceOnEventListRestricted
                0x0000000008002778       0x8c ./MiddleWares/Third_Party/FreeRTOS/org/Source/tasks.o
                0x0000000008002778                vTaskPlaceOnEventListRestricted
 .text.xTaskRemoveFromEventList
                0x0000000008002804      0x1ac ./MiddleWares/Third_Party/FreeRTOS/org/Source/tasks.o
                0x0000000008002804                xTaskRemoveFromEventList
 .text.vTaskInternalSetTimeOutState
                0x00000000080029b0       0x2c ./MiddleWares/Third_Party/FreeRTOS/org/Source/tasks.o
                0x00000000080029b0                vTaskInternalSetTimeOutState
 .text.xTaskCheckForTimeOut
                0x00000000080029dc       0xcc ./MiddleWares/Third_Party/FreeRTOS/org/Source/tasks.o
                0x00000000080029dc                xTaskCheckForTimeOut
 .text.vTaskMissedYield
                0x0000000008002aa8       0x18 ./MiddleWares/Third_Party/FreeRTOS/org/Source/tasks.o
                0x0000000008002aa8                vTaskMissedYield
 .text.prvIdleTask
                0x0000000008002ac0       0x30 ./MiddleWares/Third_Party/FreeRTOS/org/Source/tasks.o
 .text.prvInitialiseTaskLists
                0x0000000008002af0       0x80 ./MiddleWares/Third_Party/FreeRTOS/org/Source/tasks.o
 .text.prvCheckTasksWaitingTermination
                0x0000000008002b70       0x5c ./MiddleWares/Third_Party/FreeRTOS/org/Source/tasks.o
 .text.prvDeleteTCB
                0x0000000008002bcc       0x20 ./MiddleWares/Third_Party/FreeRTOS/org/Source/tasks.o
 .text.prvResetNextTaskUnblockTime
                0x0000000008002bec       0x38 ./MiddleWares/Third_Party/FreeRTOS/org/Source/tasks.o
 .text.xTaskGetSchedulerState
                0x0000000008002c24       0x3c ./MiddleWares/Third_Party/FreeRTOS/org/Source/tasks.o
                0x0000000008002c24                xTaskGetSchedulerState
 .text.prvAddCurrentTaskToDelayedList
                0x0000000008002c60      0x100 ./MiddleWares/Third_Party/FreeRTOS/org/Source/tasks.o
 .text.xTimerCreateTimerTask
                0x0000000008002d60       0x64 ./MiddleWares/Third_Party/FreeRTOS/org/Source/timers.o
                0x0000000008002d60                xTimerCreateTimerTask
 .text.prvReloadTimer
                0x0000000008002dc4       0x42 ./MiddleWares/Third_Party/FreeRTOS/org/Source/timers.o
 *fill*         0x0000000008002e06        0x2 
 .text.prvProcessExpiredTimer
                0x0000000008002e08       0x60 ./MiddleWares/Third_Party/FreeRTOS/org/Source/timers.o
 .text.prvTimerTask
                0x0000000008002e68       0x24 ./MiddleWares/Third_Party/FreeRTOS/org/Source/timers.o
 .text.prvProcessTimerOrBlockTask
                0x0000000008002e8c       0x9c ./MiddleWares/Third_Party/FreeRTOS/org/Source/timers.o
 .text.prvGetNextExpireTime
                0x0000000008002f28       0x48 ./MiddleWares/Third_Party/FreeRTOS/org/Source/timers.o
 .text.prvSampleTimeNow
                0x0000000008002f70       0x40 ./MiddleWares/Third_Party/FreeRTOS/org/Source/timers.o
 .text.prvInsertTimerInActiveList
                0x0000000008002fb0       0x84 ./MiddleWares/Third_Party/FreeRTOS/org/Source/timers.o
 .text.prvProcessReceivedCommands
                0x0000000008003034      0x17c ./MiddleWares/Third_Party/FreeRTOS/org/Source/timers.o
 .text.prvSwitchTimerLists
                0x00000000080031b0       0x4c ./MiddleWares/Third_Party/FreeRTOS/org/Source/timers.o
 .text.prvCheckForValidListAndQueue
                0x00000000080031fc       0x6c ./MiddleWares/Third_Party/FreeRTOS/org/Source/timers.o
 .text.pxPortInitialiseStack
                0x0000000008003268       0x68 ./MiddleWares/Third_Party/FreeRTOS/org/Source/portable/GCC/ARM_CM4F/port.o
                0x0000000008003268                pxPortInitialiseStack
 .text.prvTaskExitError
                0x00000000080032d0       0x58 ./MiddleWares/Third_Party/FreeRTOS/org/Source/portable/GCC/ARM_CM4F/port.o
 *fill*         0x0000000008003328        0x8 
 .text.SVC_Handler
                0x0000000008003330       0x28 ./MiddleWares/Third_Party/FreeRTOS/org/Source/portable/GCC/ARM_CM4F/port.o
                0x0000000008003330                SVC_Handler
 .text.prvPortStartFirstTask
                0x0000000008003358       0x2c ./MiddleWares/Third_Party/FreeRTOS/org/Source/portable/GCC/ARM_CM4F/port.o
 .text.xPortStartScheduler
                0x0000000008003384      0x144 ./MiddleWares/Third_Party/FreeRTOS/org/Source/portable/GCC/ARM_CM4F/port.o
                0x0000000008003384                xPortStartScheduler
 .text.vPortEnterCritical
                0x00000000080034c8       0x60 ./MiddleWares/Third_Party/FreeRTOS/org/Source/portable/GCC/ARM_CM4F/port.o
                0x00000000080034c8                vPortEnterCritical
 .text.vPortExitCritical
                0x0000000008003528       0x54 ./MiddleWares/Third_Party/FreeRTOS/org/Source/portable/GCC/ARM_CM4F/port.o
                0x0000000008003528                vPortExitCritical
 *fill*         0x000000000800357c        0x4 
 .text.PendSV_Handler
                0x0000000008003580       0x68 ./MiddleWares/Third_Party/FreeRTOS/org/Source/portable/GCC/ARM_CM4F/port.o
                0x0000000008003580                PendSV_Handler
 .text.SysTick_Handler
                0x00000000080035e8       0x44 ./MiddleWares/Third_Party/FreeRTOS/org/Source/portable/GCC/ARM_CM4F/port.o
                0x00000000080035e8                SysTick_Handler
 .text.vPortSetupTimerInterrupt
                0x000000000800362c       0x48 ./MiddleWares/Third_Party/FreeRTOS/org/Source/portable/GCC/ARM_CM4F/port.o
                0x000000000800362c                vPortSetupTimerInterrupt
 .text.vPortEnableVFP
                0x0000000008003674       0x18 ./MiddleWares/Third_Party/FreeRTOS/org/Source/portable/GCC/ARM_CM4F/port.o
 .text.pvPortMalloc
                0x000000000800368c      0x1c0 ./MiddleWares/Third_Party/FreeRTOS/org/Source/portable/MemMang/heap_4.o
                0x000000000800368c                pvPortMalloc
 .text.vPortFree
                0x000000000800384c       0xc4 ./MiddleWares/Third_Party/FreeRTOS/org/Source/portable/MemMang/heap_4.o
                0x000000000800384c                vPortFree
 .text.prvHeapInit
                0x0000000008003910       0xc4 ./MiddleWares/Third_Party/FreeRTOS/org/Source/portable/MemMang/heap_4.o
 .text.prvInsertBlockIntoFreeList
                0x00000000080039d4       0xb4 ./MiddleWares/Third_Party/FreeRTOS/org/Source/portable/MemMang/heap_4.o
 .text.__libc_init_array
                0x0000000008003a88       0x48 c:/st/stm32cubeide_1.9.0/stm32cubeide/plugins/com.st.stm32cube.ide.mcu.externaltools.gnu-tools-for-stm32.10.3-2021.10.win32_1.0.0.202111181127/tools/bin/../lib/gcc/arm-none-eabi/10.3.1/../../../../arm-none-eabi/lib/thumb/v7e-m+fp/hard\libc_nano.a(lib_a-init.o)
                0x0000000008003a88                __libc_init_array
 .text.memcpy   0x0000000008003ad0       0x1c c:/st/stm32cubeide_1.9.0/stm32cubeide/plugins/com.st.stm32cube.ide.mcu.externaltools.gnu-tools-for-stm32.10.3-2021.10.win32_1.0.0.202111181127/tools/bin/../lib/gcc/arm-none-eabi/10.3.1/../../../../arm-none-eabi/lib/thumb/v7e-m+fp/hard\libc_nano.a(lib_a-memcpy-stub.o)
                0x0000000008003ad0                memcpy
 .text.memset   0x0000000008003aec       0x10 c:/st/stm32cubeide_1.9.0/stm32cubeide/plugins/com.st.stm32cube.ide.mcu.externaltools.gnu-tools-for-stm32.10.3-2021.10.win32_1.0.0.202111181127/tools/bin/../lib/gcc/arm-none-eabi/10.3.1/../../../../arm-none-eabi/lib/thumb/v7e-m+fp/hard\libc_nano.a(lib_a-memset.o)
                0x0000000008003aec                memset
 *(.glue_7)
 .glue_7        0x0000000008003afc        0x0 linker stubs
 *(.glue_7t)
 .glue_7t       0x0000000008003afc        0x0 linker stubs
 *(.eh_frame)
 .eh_frame      0x0000000008003afc        0x0 c:/st/stm32cubeide_1.9.0/stm32cubeide/plugins/com.st.stm32cube.ide.mcu.externaltools.gnu-tools-for-stm32.10.3-2021.10.win32_1.0.0.202111181127/tools/bin/../lib/gcc/arm-none-eabi/10.3.1/thumb/v7e-m+fp/hard/crtbegin.o
 *(.init)
 .init          0x0000000008003afc        0x4 c:/st/stm32cubeide_1.9.0/stm32cubeide/plugins/com.st.stm32cube.ide.mcu.externaltools.gnu-tools-for-stm32.10.3-2021.10.win32_1.0.0.202111181127/tools/bin/../lib/gcc/arm-none-eabi/10.3.1/thumb/v7e-m+fp/hard/crti.o
                0x0000000008003afc                _init
 .init          0x0000000008003b00        0x8 c:/st/stm32cubeide_1.9.0/stm32cubeide/plugins/com.st.stm32cube.ide.mcu.externaltools.gnu-tools-for-stm32.10.3-2021.10.win32_1.0.0.202111181127/tools/bin/../lib/gcc/arm-none-eabi/10.3.1/thumb/v7e-m+fp/hard/crtn.o
 *(.fini)
 .fini          0x0000000008003b08        0x4 c:/st/stm32cubeide_1.9.0/stm32cubeide/plugins/com.st.stm32cube.ide.mcu.externaltools.gnu-tools-for-stm32.10.3-2021.10.win32_1.0.0.202111181127/tools/bin/../lib/gcc/arm-none-eabi/10.3.1/thumb/v7e-m+fp/hard/crti.o
                0x0000000008003b08                _fini
 .fini          0x0000000008003b0c        0x8 c:/st/stm32cubeide_1.9.0/stm32cubeide/plugins/com.st.stm32cube.ide.mcu.externaltools.gnu-tools-for-stm32.10.3-2021.10.win32_1.0.0.202111181127/tools/bin/../lib/gcc/arm-none-eabi/10.3.1/thumb/v7e-m+fp/hard/crtn.o
                0x0000000008003b14                . = ALIGN (0x4)
                0x0000000008003b14                _etext = .

.vfp11_veneer   0x0000000008003b14        0x0
 .vfp11_veneer  0x0000000008003b14        0x0 linker stubs

.v4_bx          0x0000000008003b14        0x0
 .v4_bx         0x0000000008003b14        0x0 linker stubs

.iplt           0x0000000008003b14        0x0
 .iplt          0x0000000008003b14        0x0 c:/st/stm32cubeide_1.9.0/stm32cubeide/plugins/com.st.stm32cube.ide.mcu.externaltools.gnu-tools-for-stm32.10.3-2021.10.win32_1.0.0.202111181127/tools/bin/../lib/gcc/arm-none-eabi/10.3.1/thumb/v7e-m+fp/hard/crtbegin.o

.rodata         0x0000000008003b14       0x50
                0x0000000008003b14                . = ALIGN (0x4)
 *(.rodata)
 .rodata        0x0000000008003b14       0x28 ./Core/Src/main.o
 .rodata        0x0000000008003b3c        0x5 ./MiddleWares/Third_Party/FreeRTOS/org/Source/tasks.o
 *fill*         0x0000000008003b41        0x3 
 .rodata        0x0000000008003b44        0xd ./MiddleWares/Third_Party/FreeRTOS/org/Source/timers.o
 *(.rodata*)
 *fill*         0x0000000008003b51        0x3 
 .rodata.AHBPrescTable
                0x0000000008003b54       0x10 ./Core/Src/system_stm32f4xx.o
                0x0000000008003b54                AHBPrescTable
                0x0000000008003b64                . = ALIGN (0x4)

.ARM.extab      0x0000000008003b64        0x0
                0x0000000008003b64                . = ALIGN (0x4)
 *(.ARM.extab* .gnu.linkonce.armextab.*)
                0x0000000008003b64                . = ALIGN (0x4)

.ARM            0x0000000008003b64        0x8
                0x0000000008003b64                . = ALIGN (0x4)
                0x0000000008003b64                __exidx_start = .
 *(.ARM.exidx*)
 .ARM.exidx     0x0000000008003b64        0x8 c:/st/stm32cubeide_1.9.0/stm32cubeide/plugins/com.st.stm32cube.ide.mcu.externaltools.gnu-tools-for-stm32.10.3-2021.10.win32_1.0.0.202111181127/tools/bin/../lib/gcc/arm-none-eabi/10.3.1/thumb/v7e-m+fp/hard\libgcc.a(_udivmoddi4.o)
                0x0000000008003b6c                __exidx_end = .
                0x0000000008003b6c                . = ALIGN (0x4)

.rel.dyn        0x0000000008003b6c        0x0
 .rel.iplt      0x0000000008003b6c        0x0 c:/st/stm32cubeide_1.9.0/stm32cubeide/plugins/com.st.stm32cube.ide.mcu.externaltools.gnu-tools-for-stm32.10.3-2021.10.win32_1.0.0.202111181127/tools/bin/../lib/gcc/arm-none-eabi/10.3.1/thumb/v7e-m+fp/hard/crtbegin.o

.preinit_array  0x0000000008003b6c        0x0
                0x0000000008003b6c                . = ALIGN (0x4)
                0x0000000008003b6c                PROVIDE (__preinit_array_start = .)
 *(.preinit_array*)
                0x0000000008003b6c                PROVIDE (__preinit_array_end = .)
                0x0000000008003b6c                . = ALIGN (0x4)

.init_array     0x0000000008003b6c        0x4
                0x0000000008003b6c                . = ALIGN (0x4)
                0x0000000008003b6c                PROVIDE (__init_array_start = .)
 *(SORT_BY_NAME(.init_array.*))
 *(.init_array*)
 .init_array    0x0000000008003b6c        0x4 c:/st/stm32cubeide_1.9.0/stm32cubeide/plugins/com.st.stm32cube.ide.mcu.externaltools.gnu-tools-for-stm32.10.3-2021.10.win32_1.0.0.202111181127/tools/bin/../lib/gcc/arm-none-eabi/10.3.1/thumb/v7e-m+fp/hard/crtbegin.o
                0x0000000008003b70                PROVIDE (__init_array_end = .)
                0x0000000008003b70                . = ALIGN (0x4)

.fini_array     0x0000000008003b70        0x4
                0x0000000008003b70                . = ALIGN (0x4)
                [!provide]                        PROVIDE (__fini_array_start = .)
 *(SORT_BY_NAME(.fini_array.*))
 *(.fini_array*)
 .fini_array    0x0000000008003b70        0x4 c:/st/stm32cubeide_1.9.0/stm32cubeide/plugins/com.st.stm32cube.ide.mcu.externaltools.gnu-tools-for-stm32.10.3-2021.10.win32_1.0.0.202111181127/tools/bin/../lib/gcc/arm-none-eabi/10.3.1/thumb/v7e-m+fp/hard/crtbegin.o
                [!provide]                        PROVIDE (__fini_array_end = .)
                0x0000000008003b74                . = ALIGN (0x4)
                0x0000000008003b74                _sidata = LOADADDR (.data)

.data           0x0000000020000000       0x14 load address 0x0000000008003b74
                0x0000000020000000                . = ALIGN (0x4)
                0x0000000020000000                _sdata = .
 *(.data)
 *(.data*)
 .data.SystemCoreClock
                0x0000000020000000        0x4 ./Core/Src/system_stm32f4xx.o
                0x0000000020000000                SystemCoreClock
 .data.uwTickPrio
                0x0000000020000004        0x4 ./Drivers/STM32F4xx_HAL_Driver/Src/stm32f4xx_hal.o
                0x0000000020000004                uwTickPrio
 .data.uwTickFreq
                0x0000000020000008        0x1 ./Drivers/STM32F4xx_HAL_Driver/Src/stm32f4xx_hal.o
                0x0000000020000008                uwTickFreq
 *fill*         0x0000000020000009        0x3 
 .data.uxTopUsedPriority
                0x000000002000000c        0x4 ./MiddleWares/Third_Party/FreeRTOS/org/Source/tasks.o
                0x000000002000000c                uxTopUsedPriority
 .data.uxCriticalNesting
                0x0000000020000010        0x4 ./MiddleWares/Third_Party/FreeRTOS/org/Source/portable/GCC/ARM_CM4F/port.o
 *(.RamFunc)
 *(.RamFunc*)
                0x0000000020000014                . = ALIGN (0x4)
                0x0000000020000014                _edata = .
                0x0000000008003b88                _siccmram = LOADADDR (.ccmram)

.igot.plt       0x0000000020000014        0x0 load address 0x0000000008003b88
 .igot.plt      0x0000000020000014        0x0 c:/st/stm32cubeide_1.9.0/stm32cubeide/plugins/com.st.stm32cube.ide.mcu.externaltools.gnu-tools-for-stm32.10.3-2021.10.win32_1.0.0.202111181127/tools/bin/../lib/gcc/arm-none-eabi/10.3.1/thumb/v7e-m+fp/hard/crtbegin.o

.ccmram         0x0000000010000000        0x0 load address 0x0000000008003b88
                0x0000000010000000                . = ALIGN (0x4)
                0x0000000010000000                _sccmram = .
 *(.ccmram)
 *(.ccmram*)
                0x0000000010000000                . = ALIGN (0x4)
                0x0000000010000000                _eccmram = .
                0x0000000010000000                . = ALIGN (0x4)

.bss            0x0000000020000014    0x12dd4
                0x0000000020000014                _sbss = .
                0x0000000020000014                __bss_start__ = _sbss
 *(.bss)
 .bss           0x0000000020000014       0x1c c:/st/stm32cubeide_1.9.0/stm32cubeide/plugins/com.st.stm32cube.ide.mcu.externaltools.gnu-tools-for-stm32.10.3-2021.10.win32_1.0.0.202111181127/tools/bin/../lib/gcc/arm-none-eabi/10.3.1/thumb/v7e-m+fp/hard/crtbegin.o
 *(.bss*)
 .bss.myButtonTaskHandle
                0x0000000020000030        0x4 ./Core/Src/main.o
                0x0000000020000030                myButtonTaskHandle
 .bss.myLedTaskHandle
                0x0000000020000034        0x4 ./Core/Src/main.o
                0x0000000020000034                myLedTaskHandle
 .bss.ledConf   0x0000000020000038        0x1 ./Core/Src/main.o
                0x0000000020000038                ledConf
 *fill*         0x0000000020000039        0x3 
 .bss.uwTick    0x000000002000003c        0x4 ./Drivers/STM32F4xx_HAL_Driver/Src/stm32f4xx_hal.o
                0x000000002000003c                uwTick
 .bss.xQueueRegistry
                0x0000000020000040       0x40 ./MiddleWares/Third_Party/FreeRTOS/org/Source/queue.o
                0x0000000020000040                xQueueRegistry
 .bss.pxCurrentTCB
                0x0000000020000080        0x4 ./MiddleWares/Third_Party/FreeRTOS/org/Source/tasks.o
                0x0000000020000080                pxCurrentTCB
 .bss.pxReadyTasksLists
                0x0000000020000084       0x64 ./MiddleWares/Third_Party/FreeRTOS/org/Source/tasks.o
 .bss.xDelayedTaskList1
                0x00000000200000e8       0x14 ./MiddleWares/Third_Party/FreeRTOS/org/Source/tasks.o
 .bss.xDelayedTaskList2
                0x00000000200000fc       0x14 ./MiddleWares/Third_Party/FreeRTOS/org/Source/tasks.o
 .bss.pxDelayedTaskList
                0x0000000020000110        0x4 ./MiddleWares/Third_Party/FreeRTOS/org/Source/tasks.o
 .bss.pxOverflowDelayedTaskList
                0x0000000020000114        0x4 ./MiddleWares/Third_Party/FreeRTOS/org/Source/tasks.o
 .bss.xPendingReadyList
                0x0000000020000118       0x14 ./MiddleWares/Third_Party/FreeRTOS/org/Source/tasks.o
 .bss.xTasksWaitingTermination
                0x000000002000012c       0x14 ./MiddleWares/Third_Party/FreeRTOS/org/Source/tasks.o
 .bss.uxDeletedTasksWaitingCleanUp
                0x0000000020000140        0x4 ./MiddleWares/Third_Party/FreeRTOS/org/Source/tasks.o
 .bss.xSuspendedTaskList
                0x0000000020000144       0x14 ./MiddleWares/Third_Party/FreeRTOS/org/Source/tasks.o
 .bss.uxCurrentNumberOfTasks
                0x0000000020000158        0x4 ./MiddleWares/Third_Party/FreeRTOS/org/Source/tasks.o
 .bss.xTickCount
                0x000000002000015c        0x4 ./MiddleWares/Third_Party/FreeRTOS/org/Source/tasks.o
 .bss.uxTopReadyPriority
                0x0000000020000160        0x4 ./MiddleWares/Third_Party/FreeRTOS/org/Source/tasks.o
 .bss.xSchedulerRunning
                0x0000000020000164        0x4 ./MiddleWares/Third_Party/FreeRTOS/org/Source/tasks.o
 .bss.xPendedTicks
                0x0000000020000168        0x4 ./MiddleWares/Third_Party/FreeRTOS/org/Source/tasks.o
 .bss.xYieldPending
                0x000000002000016c        0x4 ./MiddleWares/Third_Party/FreeRTOS/org/Source/tasks.o
 .bss.xNumOfOverflows
                0x0000000020000170        0x4 ./MiddleWares/Third_Party/FreeRTOS/org/Source/tasks.o
 .bss.uxTaskNumber
                0x0000000020000174        0x4 ./MiddleWares/Third_Party/FreeRTOS/org/Source/tasks.o
 .bss.xNextTaskUnblockTime
                0x0000000020000178        0x4 ./MiddleWares/Third_Party/FreeRTOS/org/Source/tasks.o
 .bss.xIdleTaskHandle
                0x000000002000017c        0x4 ./MiddleWares/Third_Party/FreeRTOS/org/Source/tasks.o
 .bss.uxSchedulerSuspended
                0x0000000020000180        0x4 ./MiddleWares/Third_Party/FreeRTOS/org/Source/tasks.o
 .bss.xActiveTimerList1
                0x0000000020000184       0x14 ./MiddleWares/Third_Party/FreeRTOS/org/Source/timers.o
 .bss.xActiveTimerList2
                0x0000000020000198       0x14 ./MiddleWares/Third_Party/FreeRTOS/org/Source/timers.o
 .bss.pxCurrentTimerList
                0x00000000200001ac        0x4 ./MiddleWares/Third_Party/FreeRTOS/org/Source/timers.o
 .bss.pxOverflowTimerList
                0x00000000200001b0        0x4 ./MiddleWares/Third_Party/FreeRTOS/org/Source/timers.o
 .bss.xTimerQueue
                0x00000000200001b4        0x4 ./MiddleWares/Third_Party/FreeRTOS/org/Source/timers.o
 .bss.xTimerTaskHandle
                0x00000000200001b8        0x4 ./MiddleWares/Third_Party/FreeRTOS/org/Source/timers.o
 .bss.xLastTime.0
                0x00000000200001bc        0x4 ./MiddleWares/Third_Party/FreeRTOS/org/Source/timers.o
 .bss.ucMaxSysCallPriority
                0x00000000200001c0        0x1 ./MiddleWares/Third_Party/FreeRTOS/org/Source/portable/GCC/ARM_CM4F/port.o
 *fill*         0x00000000200001c1        0x3 
 .bss.ulMaxPRIGROUPValue
                0x00000000200001c4        0x4 ./MiddleWares/Third_Party/FreeRTOS/org/Source/portable/GCC/ARM_CM4F/port.o
 .bss.ucHeap    0x00000000200001c8    0x12c00 ./MiddleWares/Third_Party/FreeRTOS/org/Source/portable/MemMang/heap_4.o
 .bss.xStart    0x0000000020012dc8        0x8 ./MiddleWares/Third_Party/FreeRTOS/org/Source/portable/MemMang/heap_4.o
 .bss.pxEnd     0x0000000020012dd0        0x4 ./MiddleWares/Third_Party/FreeRTOS/org/Source/portable/MemMang/heap_4.o
 .bss.xFreeBytesRemaining
                0x0000000020012dd4        0x4 ./MiddleWares/Third_Party/FreeRTOS/org/Source/portable/MemMang/heap_4.o
 .bss.xMinimumEverFreeBytesRemaining
                0x0000000020012dd8        0x4 ./MiddleWares/Third_Party/FreeRTOS/org/Source/portable/MemMang/heap_4.o
 .bss.xNumberOfSuccessfulAllocations
                0x0000000020012ddc        0x4 ./MiddleWares/Third_Party/FreeRTOS/org/Source/portable/MemMang/heap_4.o
 .bss.xNumberOfSuccessfulFrees
                0x0000000020012de0        0x4 ./MiddleWares/Third_Party/FreeRTOS/org/Source/portable/MemMang/heap_4.o
 .bss.xBlockAllocatedBit
                0x0000000020012de4        0x4 ./MiddleWares/Third_Party/FreeRTOS/org/Source/portable/MemMang/heap_4.o
 *(COMMON)
                0x0000000020012de8                . = ALIGN (0x4)
                0x0000000020012de8                _ebss = .
                0x0000000020012de8                __bss_end__ = _ebss

._user_heap_stack
                0x0000000020012de8      0x600
                0x0000000020012de8                . = ALIGN (0x8)
                [!provide]                        PROVIDE (end = .)
                0x0000000020012de8                PROVIDE (_end = .)
                0x0000000020012fe8                . = (. + _Min_Heap_Size)
 *fill*         0x0000000020012de8      0x200 
                0x00000000200133e8                . = (. + _Min_Stack_Size)
 *fill*         0x0000000020012fe8      0x400 
                0x00000000200133e8                . = ALIGN (0x8)

/DISCARD/
 libc.a(*)
 libm.a(*)
 libgcc.a(*)

.ARM.attributes
                0x0000000000000000       0x30
 *(.ARM.attributes)
 .ARM.attributes
                0x0000000000000000       0x1e c:/st/stm32cubeide_1.9.0/stm32cubeide/plugins/com.st.stm32cube.ide.mcu.externaltools.gnu-tools-for-stm32.10.3-2021.10.win32_1.0.0.202111181127/tools/bin/../lib/gcc/arm-none-eabi/10.3.1/thumb/v7e-m+fp/hard/crti.o
 .ARM.attributes
                0x000000000000001e       0x34 c:/st/stm32cubeide_1.9.0/stm32cubeide/plugins/com.st.stm32cube.ide.mcu.externaltools.gnu-tools-for-stm32.10.3-2021.10.win32_1.0.0.202111181127/tools/bin/../lib/gcc/arm-none-eabi/10.3.1/thumb/v7e-m+fp/hard/crtbegin.o
 .ARM.attributes
                0x0000000000000052       0x34 ./Core/Src/main.o
 .ARM.attributes
                0x0000000000000086       0x34 ./Core/Src/stm32f4xx_hal_msp.o
 .ARM.attributes
                0x00000000000000ba       0x34 ./Core/Src/stm32f4xx_it.o
 .ARM.attributes
                0x00000000000000ee       0x34 ./Core/Src/system_stm32f4xx.o
 .ARM.attributes
                0x0000000000000122       0x21 ./Core/Startup/startup_stm32f407vgtx.o
 .ARM.attributes
                0x0000000000000143       0x34 ./Drivers/STM32F4xx_HAL_Driver/Src/stm32f4xx_hal.o
 .ARM.attributes
                0x0000000000000177       0x34 ./Drivers/STM32F4xx_HAL_Driver/Src/stm32f4xx_hal_cortex.o
 .ARM.attributes
                0x00000000000001ab       0x34 ./Drivers/STM32F4xx_HAL_Driver/Src/stm32f4xx_hal_gpio.o
 .ARM.attributes
                0x00000000000001df       0x34 ./Drivers/STM32F4xx_HAL_Driver/Src/stm32f4xx_hal_rcc.o
 .ARM.attributes
                0x0000000000000213       0x34 ./MiddleWares/Third_Party/FreeRTOS/org/Source/list.o
 .ARM.attributes
                0x0000000000000247       0x34 ./MiddleWares/Third_Party/FreeRTOS/org/Source/queue.o
 .ARM.attributes
                0x000000000000027b       0x34 ./MiddleWares/Third_Party/FreeRTOS/org/Source/tasks.o
 .ARM.attributes
                0x00000000000002af       0x34 ./MiddleWares/Third_Party/FreeRTOS/org/Source/timers.o
 .ARM.attributes
                0x00000000000002e3       0x34 ./MiddleWares/Third_Party/FreeRTOS/org/Source/portable/GCC/ARM_CM4F/port.o
 .ARM.attributes
                0x0000000000000317       0x34 ./MiddleWares/Third_Party/FreeRTOS/org/Source/portable/MemMang/heap_4.o
 .ARM.attributes
                0x000000000000034b       0x34 c:/st/stm32cubeide_1.9.0/stm32cubeide/plugins/com.st.stm32cube.ide.mcu.externaltools.gnu-tools-for-stm32.10.3-2021.10.win32_1.0.0.202111181127/tools/bin/../lib/gcc/arm-none-eabi/10.3.1/../../../../arm-none-eabi/lib/thumb/v7e-m+fp/hard\libc_nano.a(lib_a-init.o)
 .ARM.attributes
                0x000000000000037f       0x34 c:/st/stm32cubeide_1.9.0/stm32cubeide/plugins/com.st.stm32cube.ide.mcu.externaltools.gnu-tools-for-stm32.10.3-2021.10.win32_1.0.0.202111181127/tools/bin/../lib/gcc/arm-none-eabi/10.3.1/../../../../arm-none-eabi/lib/thumb/v7e-m+fp/hard\libc_nano.a(lib_a-memcpy-stub.o)
 .ARM.attributes
                0x00000000000003b3       0x34 c:/st/stm32cubeide_1.9.0/stm32cubeide/plugins/com.st.stm32cube.ide.mcu.externaltools.gnu-tools-for-stm32.10.3-2021.10.win32_1.0.0.202111181127/tools/bin/../lib/gcc/arm-none-eabi/10.3.1/../../../../arm-none-eabi/lib/thumb/v7e-m+fp/hard\libc_nano.a(lib_a-memset.o)
 .ARM.attributes
                0x00000000000003e7       0x1e c:/st/stm32cubeide_1.9.0/stm32cubeide/plugins/com.st.stm32cube.ide.mcu.externaltools.gnu-tools-for-stm32.10.3-2021.10.win32_1.0.0.202111181127/tools/bin/../lib/gcc/arm-none-eabi/10.3.1/thumb/v7e-m+fp/hard\libgcc.a(_aeabi_uldivmod.o)
 .ARM.attributes
                0x0000000000000405       0x34 c:/st/stm32cubeide_1.9.0/stm32cubeide/plugins/com.st.stm32cube.ide.mcu.externaltools.gnu-tools-for-stm32.10.3-2021.10.win32_1.0.0.202111181127/tools/bin/../lib/gcc/arm-none-eabi/10.3.1/thumb/v7e-m+fp/hard\libgcc.a(_udivmoddi4.o)
 .ARM.attributes
                0x0000000000000439       0x1e c:/st/stm32cubeide_1.9.0/stm32cubeide/plugins/com.st.stm32cube.ide.mcu.externaltools.gnu-tools-for-stm32.10.3-2021.10.win32_1.0.0.202111181127/tools/bin/../lib/gcc/arm-none-eabi/10.3.1/thumb/v7e-m+fp/hard\libgcc.a(_dvmd_tls.o)
 .ARM.attributes
                0x0000000000000457       0x1e c:/st/stm32cubeide_1.9.0/stm32cubeide/plugins/com.st.stm32cube.ide.mcu.externaltools.gnu-tools-for-stm32.10.3-2021.10.win32_1.0.0.202111181127/tools/bin/../lib/gcc/arm-none-eabi/10.3.1/thumb/v7e-m+fp/hard/crtn.o
OUTPUT(freeRTOS_HAL_ledControl.elf elf32-littlearm)
LOAD linker stubs
LOAD c:/st/stm32cubeide_1.9.0/stm32cubeide/plugins/com.st.stm32cube.ide.mcu.externaltools.gnu-tools-for-stm32.10.3-2021.10.win32_1.0.0.202111181127/tools/bin/../lib/gcc/arm-none-eabi/10.3.1/../../../../arm-none-eabi/lib/thumb/v7e-m+fp/hard\libc.a
LOAD c:/st/stm32cubeide_1.9.0/stm32cubeide/plugins/com.st.stm32cube.ide.mcu.externaltools.gnu-tools-for-stm32.10.3-2021.10.win32_1.0.0.202111181127/tools/bin/../lib/gcc/arm-none-eabi/10.3.1/../../../../arm-none-eabi/lib/thumb/v7e-m+fp/hard\libm.a
LOAD c:/st/stm32cubeide_1.9.0/stm32cubeide/plugins/com.st.stm32cube.ide.mcu.externaltools.gnu-tools-for-stm32.10.3-2021.10.win32_1.0.0.202111181127/tools/bin/../lib/gcc/arm-none-eabi/10.3.1/thumb/v7e-m+fp/hard\libgcc.a

.debug_info     0x0000000000000000     0x9434
 .debug_info    0x0000000000000000      0x8e8 ./Core/Src/main.o
 .debug_info    0x00000000000008e8      0x2a8 ./Core/Src/stm32f4xx_hal_msp.o
 .debug_info    0x0000000000000b90       0xbf ./Core/Src/stm32f4xx_it.o
 .debug_info    0x0000000000000c4f      0x523 ./Core/Src/system_stm32f4xx.o
 .debug_info    0x0000000000001172       0x22 ./Core/Startup/startup_stm32f407vgtx.o
 .debug_info    0x0000000000001194      0x97c ./Drivers/STM32F4xx_HAL_Driver/Src/stm32f4xx_hal.o
 .debug_info    0x0000000000001b10      0xe1b ./Drivers/STM32F4xx_HAL_Driver/Src/stm32f4xx_hal_cortex.o
 .debug_info    0x000000000000292b      0x76a ./Drivers/STM32F4xx_HAL_Driver/Src/stm32f4xx_hal_gpio.o
 .debug_info    0x0000000000003095      0x966 ./Drivers/STM32F4xx_HAL_Driver/Src/stm32f4xx_hal_rcc.o
 .debug_info    0x00000000000039fb      0x2d1 ./MiddleWares/Third_Party/FreeRTOS/org/Source/list.o
 .debug_info    0x0000000000003ccc     0x1926 ./MiddleWares/Third_Party/FreeRTOS/org/Source/queue.o
 .debug_info    0x00000000000055f2     0x25ab ./MiddleWares/Third_Party/FreeRTOS/org/Source/tasks.o
 .debug_info    0x0000000000007b9d      0xe83 ./MiddleWares/Third_Party/FreeRTOS/org/Source/timers.o
 .debug_info    0x0000000000008a20      0x507 ./MiddleWares/Third_Party/FreeRTOS/org/Source/portable/GCC/ARM_CM4F/port.o
 .debug_info    0x0000000000008f27      0x50d ./MiddleWares/Third_Party/FreeRTOS/org/Source/portable/MemMang/heap_4.o

.debug_abbrev   0x0000000000000000     0x1ce8
 .debug_abbrev  0x0000000000000000      0x274 ./Core/Src/main.o
 .debug_abbrev  0x0000000000000274       0xd4 ./Core/Src/stm32f4xx_hal_msp.o
 .debug_abbrev  0x0000000000000348       0x47 ./Core/Src/stm32f4xx_it.o
 .debug_abbrev  0x000000000000038f      0x116 ./Core/Src/system_stm32f4xx.o
 .debug_abbrev  0x00000000000004a5       0x12 ./Core/Startup/startup_stm32f407vgtx.o
 .debug_abbrev  0x00000000000004b7      0x20d ./Drivers/STM32F4xx_HAL_Driver/Src/stm32f4xx_hal.o
 .debug_abbrev  0x00000000000006c4      0x316 ./Drivers/STM32F4xx_HAL_Driver/Src/stm32f4xx_hal_cortex.o
 .debug_abbrev  0x00000000000009da      0x1c4 ./Drivers/STM32F4xx_HAL_Driver/Src/stm32f4xx_hal_gpio.o
 .debug_abbrev  0x0000000000000b9e      0x2aa ./Drivers/STM32F4xx_HAL_Driver/Src/stm32f4xx_hal_rcc.o
 .debug_abbrev  0x0000000000000e48       0xf2 ./MiddleWares/Third_Party/FreeRTOS/org/Source/list.o
 .debug_abbrev  0x0000000000000f3a      0x312 ./MiddleWares/Third_Party/FreeRTOS/org/Source/queue.o
 .debug_abbrev  0x000000000000124c      0x36c ./MiddleWares/Third_Party/FreeRTOS/org/Source/tasks.o
 .debug_abbrev  0x00000000000015b8      0x2c5 ./MiddleWares/Third_Party/FreeRTOS/org/Source/timers.o
 .debug_abbrev  0x000000000000187d      0x259 ./MiddleWares/Third_Party/FreeRTOS/org/Source/portable/GCC/ARM_CM4F/port.o
 .debug_abbrev  0x0000000000001ad6      0x212 ./MiddleWares/Third_Party/FreeRTOS/org/Source/portable/MemMang/heap_4.o

.debug_aranges  0x0000000000000000      0x8f8
 .debug_aranges
                0x0000000000000000       0x48 ./Core/Src/main.o
 .debug_aranges
                0x0000000000000048       0x20 ./Core/Src/stm32f4xx_hal_msp.o
 .debug_aranges
                0x0000000000000068       0x38 ./Core/Src/stm32f4xx_it.o
 .debug_aranges
                0x00000000000000a0       0x28 ./Core/Src/system_stm32f4xx.o
 .debug_aranges
                0x00000000000000c8       0x28 ./Core/Startup/startup_stm32f407vgtx.o
 .debug_aranges
                0x00000000000000f0       0xf0 ./Drivers/STM32F4xx_HAL_Driver/Src/stm32f4xx_hal.o
 .debug_aranges
                0x00000000000001e0      0x118 ./Drivers/STM32F4xx_HAL_Driver/Src/stm32f4xx_hal_cortex.o
 .debug_aranges
                0x00000000000002f8       0x58 ./Drivers/STM32F4xx_HAL_Driver/Src/stm32f4xx_hal_gpio.o
 .debug_aranges
                0x0000000000000350       0x88 ./Drivers/STM32F4xx_HAL_Driver/Src/stm32f4xx_hal_rcc.o
 .debug_aranges
                0x00000000000003d8       0x40 ./MiddleWares/Third_Party/FreeRTOS/org/Source/list.o
 .debug_aranges
                0x0000000000000418      0x130 ./MiddleWares/Third_Party/FreeRTOS/org/Source/queue.o
 .debug_aranges
                0x0000000000000548      0x1f8 ./MiddleWares/Third_Party/FreeRTOS/org/Source/tasks.o
 .debug_aranges
                0x0000000000000740       0xe0 ./MiddleWares/Third_Party/FreeRTOS/org/Source/timers.o
 .debug_aranges
                0x0000000000000820       0x80 ./MiddleWares/Third_Party/FreeRTOS/org/Source/portable/GCC/ARM_CM4F/port.o
 .debug_aranges
                0x00000000000008a0       0x58 ./MiddleWares/Third_Party/FreeRTOS/org/Source/portable/MemMang/heap_4.o

.debug_ranges   0x0000000000000000      0x810
 .debug_ranges  0x0000000000000000       0x38 ./Core/Src/main.o
 .debug_ranges  0x0000000000000038       0x10 ./Core/Src/stm32f4xx_hal_msp.o
 .debug_ranges  0x0000000000000048       0x28 ./Core/Src/stm32f4xx_it.o
 .debug_ranges  0x0000000000000070       0x18 ./Core/Src/system_stm32f4xx.o
 .debug_ranges  0x0000000000000088       0x20 ./Core/Startup/startup_stm32f407vgtx.o
 .debug_ranges  0x00000000000000a8       0xe0 ./Drivers/STM32F4xx_HAL_Driver/Src/stm32f4xx_hal.o
 .debug_ranges  0x0000000000000188      0x108 ./Drivers/STM32F4xx_HAL_Driver/Src/stm32f4xx_hal_cortex.o
 .debug_ranges  0x0000000000000290       0x48 ./Drivers/STM32F4xx_HAL_Driver/Src/stm32f4xx_hal_gpio.o
 .debug_ranges  0x00000000000002d8       0x78 ./Drivers/STM32F4xx_HAL_Driver/Src/stm32f4xx_hal_rcc.o
 .debug_ranges  0x0000000000000350       0x30 ./MiddleWares/Third_Party/FreeRTOS/org/Source/list.o
 .debug_ranges  0x0000000000000380      0x120 ./MiddleWares/Third_Party/FreeRTOS/org/Source/queue.o
 .debug_ranges  0x00000000000004a0      0x1e8 ./MiddleWares/Third_Party/FreeRTOS/org/Source/tasks.o
 .debug_ranges  0x0000000000000688       0xd0 ./MiddleWares/Third_Party/FreeRTOS/org/Source/timers.o
 .debug_ranges  0x0000000000000758       0x70 ./MiddleWares/Third_Party/FreeRTOS/org/Source/portable/GCC/ARM_CM4F/port.o
 .debug_ranges  0x00000000000007c8       0x48 ./MiddleWares/Third_Party/FreeRTOS/org/Source/portable/MemMang/heap_4.o

.debug_macro    0x0000000000000000    0x20508
 .debug_macro   0x0000000000000000      0x227 ./Core/Src/main.o
 .debug_macro   0x0000000000000227      0xa78 ./Core/Src/main.o
 .debug_macro   0x0000000000000c9f      0x28f ./Core/Src/main.o
 .debug_macro   0x0000000000000f2e       0x2e ./Core/Src/main.o
 .debug_macro   0x0000000000000f5c       0x2f ./Core/Src/main.o
 .debug_macro   0x0000000000000f8b       0x22 ./Core/Src/main.o
 .debug_macro   0x0000000000000fad       0x8e ./Core/Src/main.o
 .debug_macro   0x000000000000103b       0x51 ./Core/Src/main.o
 .debug_macro   0x000000000000108c      0x103 ./Core/Src/main.o
 .debug_macro   0x000000000000118f       0x6a ./Core/Src/main.o
 .debug_macro   0x00000000000011f9      0x1df ./Core/Src/main.o
 .debug_macro   0x00000000000013d8       0x1c ./Core/Src/main.o
 .debug_macro   0x00000000000013f4       0x22 ./Core/Src/main.o
 .debug_macro   0x0000000000001416       0xd9 ./Core/Src/main.o
 .debug_macro   0x00000000000014ef     0x102d ./Core/Src/main.o
 .debug_macro   0x000000000000251c      0x11f ./Core/Src/main.o
 .debug_macro   0x000000000000263b    0x15e82 ./Core/Src/main.o
 .debug_macro   0x00000000000184bd       0x6d ./Core/Src/main.o
 .debug_macro   0x000000000001852a     0x367e ./Core/Src/main.o
 .debug_macro   0x000000000001bba8      0x174 ./Core/Src/main.o
 .debug_macro   0x000000000001bd1c       0x5c ./Core/Src/main.o
 .debug_macro   0x000000000001bd78      0x96b ./Core/Src/main.o
 .debug_macro   0x000000000001c6e3      0x9fe ./Core/Src/main.o
 .debug_macro   0x000000000001d0e1      0x115 ./Core/Src/main.o
 .debug_macro   0x000000000001d1f6      0x13e ./Core/Src/main.o
 .debug_macro   0x000000000001d334       0xa5 ./Core/Src/main.o
 .debug_macro   0x000000000001d3d9      0x174 ./Core/Src/main.o
 .debug_macro   0x000000000001d54d      0x287 ./Core/Src/main.o
 .debug_macro   0x000000000001d7d4       0x5f ./Core/Src/main.o
 .debug_macro   0x000000000001d833      0x236 ./Core/Src/main.o
 .debug_macro   0x000000000001da69      0x12c ./Core/Src/main.o
 .debug_macro   0x000000000001db95      0x21e ./Core/Src/main.o
 .debug_macro   0x000000000001ddb3       0x2e ./Core/Src/main.o
 .debug_macro   0x000000000001dde1      0x11a ./Core/Src/main.o
 .debug_macro   0x000000000001defb       0x7e ./Core/Src/main.o
 .debug_macro   0x000000000001df79       0x89 ./Core/Src/main.o
 .debug_macro   0x000000000001e002      0x12d ./Core/Src/main.o
 .debug_macro   0x000000000001e12f      0x106 ./Core/Src/main.o
 .debug_macro   0x000000000001e235      0x15a ./Core/Src/main.o
 .debug_macro   0x000000000001e38f       0xea ./Core/Src/main.o
 .debug_macro   0x000000000001e479       0x28 ./Core/Src/main.o
 .debug_macro   0x000000000001e4a1       0x1f ./Core/Src/main.o
 .debug_macro   0x000000000001e4c0       0x12 ./Core/Src/main.o
 .debug_macro   0x000000000001e4d2      0x50b ./Core/Src/main.o
 .debug_macro   0x000000000001e9dd       0xc3 ./Core/Src/main.o
 .debug_macro   0x000000000001eaa0      0x120 ./Core/Src/main.o
 .debug_macro   0x000000000001ebc0      0x1ba ./Core/Src/stm32f4xx_hal_msp.o
 .debug_macro   0x000000000001ed7a      0x1c4 ./Core/Src/stm32f4xx_it.o
 .debug_macro   0x000000000001ef3e      0x1b0 ./Core/Src/system_stm32f4xx.o
 .debug_macro   0x000000000001f0ee      0x210 ./Drivers/STM32F4xx_HAL_Driver/Src/stm32f4xx_hal.o
 .debug_macro   0x000000000001f2fe      0x1b0 ./Drivers/STM32F4xx_HAL_Driver/Src/stm32f4xx_hal_cortex.o
 .debug_macro   0x000000000001f4ae      0x1b6 ./Drivers/STM32F4xx_HAL_Driver/Src/stm32f4xx_hal_gpio.o
 .debug_macro   0x000000000001f664      0x1d4 ./Drivers/STM32F4xx_HAL_Driver/Src/stm32f4xx_hal_rcc.o
 .debug_macro   0x000000000001f838      0x198 ./MiddleWares/Third_Party/FreeRTOS/org/Source/list.o
 .debug_macro   0x000000000001f9d0      0x221 ./MiddleWares/Third_Party/FreeRTOS/org/Source/queue.o
 .debug_macro   0x000000000001fbf1       0x16 ./MiddleWares/Third_Party/FreeRTOS/org/Source/queue.o
 .debug_macro   0x000000000001fc07       0x20 ./MiddleWares/Third_Party/FreeRTOS/org/Source/queue.o
 .debug_macro   0x000000000001fc27       0x80 ./MiddleWares/Third_Party/FreeRTOS/org/Source/queue.o
 .debug_macro   0x000000000001fca7      0x27e ./MiddleWares/Third_Party/FreeRTOS/org/Source/tasks.o
 .debug_macro   0x000000000001ff25       0x17 ./MiddleWares/Third_Party/FreeRTOS/org/Source/tasks.o
 .debug_macro   0x000000000001ff3c      0x1e7 ./MiddleWares/Third_Party/FreeRTOS/org/Source/timers.o
 .debug_macro   0x0000000000020123       0x97 ./MiddleWares/Third_Party/FreeRTOS/org/Source/timers.o
 .debug_macro   0x00000000000201ba      0x19b ./MiddleWares/Third_Party/FreeRTOS/org/Source/portable/GCC/ARM_CM4F/port.o
 .debug_macro   0x0000000000020355      0x1b3 ./MiddleWares/Third_Party/FreeRTOS/org/Source/portable/MemMang/heap_4.o

.debug_line     0x0000000000000000     0xa77f
 .debug_line    0x0000000000000000      0x95e ./Core/Src/main.o
 .debug_line    0x000000000000095e      0x66e ./Core/Src/stm32f4xx_hal_msp.o
 .debug_line    0x0000000000000fcc      0x6c1 ./Core/Src/stm32f4xx_it.o
 .debug_line    0x000000000000168d      0x6f0 ./Core/Src/system_stm32f4xx.o
 .debug_line    0x0000000000001d7d       0x88 ./Core/Startup/startup_stm32f407vgtx.o
 .debug_line    0x0000000000001e05      0x956 ./Drivers/STM32F4xx_HAL_Driver/Src/stm32f4xx_hal.o
 .debug_line    0x000000000000275b      0xc05 ./Drivers/STM32F4xx_HAL_Driver/Src/stm32f4xx_hal_cortex.o
 .debug_line    0x0000000000003360      0xaca ./Drivers/STM32F4xx_HAL_Driver/Src/stm32f4xx_hal_gpio.o
 .debug_line    0x0000000000003e2a      0xcd0 ./Drivers/STM32F4xx_HAL_Driver/Src/stm32f4xx_hal_rcc.o
 .debug_line    0x0000000000004afa      0x7cf ./MiddleWares/Third_Party/FreeRTOS/org/Source/list.o
 .debug_line    0x00000000000052c9     0x16f8 ./MiddleWares/Third_Party/FreeRTOS/org/Source/queue.o
 .debug_line    0x00000000000069c1     0x1e13 ./MiddleWares/Third_Party/FreeRTOS/org/Source/tasks.o
 .debug_line    0x00000000000087d4      0xcdb ./MiddleWares/Third_Party/FreeRTOS/org/Source/timers.o
 .debug_line    0x00000000000094af      0x8b6 ./MiddleWares/Third_Party/FreeRTOS/org/Source/portable/GCC/ARM_CM4F/port.o
 .debug_line    0x0000000000009d65      0xa1a ./MiddleWares/Third_Party/FreeRTOS/org/Source/portable/MemMang/heap_4.o

.debug_str      0x0000000000000000    0xc7aa7
 .debug_str     0x0000000000000000    0xbfa23 ./Core/Src/main.o
                                      0xbfcf2 (size before relaxing)
 .debug_str     0x00000000000bfa23       0x2c ./Core/Src/stm32f4xx_hal_msp.o
                                      0xba9e6 (size before relaxing)
 .debug_str     0x00000000000bfa4f       0x74 ./Core/Src/stm32f4xx_it.o
                                      0xba917 (size before relaxing)
 .debug_str     0x00000000000bfac3       0xdb ./Core/Src/system_stm32f4xx.o
                                      0xbaa96 (size before relaxing)
 .debug_str     0x00000000000bfb9e       0x36 ./Core/Startup/startup_stm32f407vgtx.o
                                         0x7f (size before relaxing)
 .debug_str     0x00000000000bfbd4      0xb13 ./Drivers/STM32F4xx_HAL_Driver/Src/stm32f4xx_hal.o
                                      0xbb61a (size before relaxing)
 .debug_str     0x00000000000c06e7      0x34d ./Drivers/STM32F4xx_HAL_Driver/Src/stm32f4xx_hal_cortex.o
                                      0xbb34d (size before relaxing)
 .debug_str     0x00000000000c0a34      0x10d ./Drivers/STM32F4xx_HAL_Driver/Src/stm32f4xx_hal_gpio.o
                                      0xbac11 (size before relaxing)
 .debug_str     0x00000000000c0b41      0x233 ./Drivers/STM32F4xx_HAL_Driver/Src/stm32f4xx_hal_rcc.o
                                      0xbaeca (size before relaxing)
 .debug_str     0x00000000000c0d74     0x3020 ./MiddleWares/Third_Party/FreeRTOS/org/Source/list.o
                                       0xac81 (size before relaxing)
 .debug_str     0x00000000000c3d94     0x122a ./MiddleWares/Third_Party/FreeRTOS/org/Source/queue.o
                                       0xd11b (size before relaxing)
 .debug_str     0x00000000000c4fbe     0x1ae5 ./MiddleWares/Third_Party/FreeRTOS/org/Source/tasks.o
                                       0xdd7a (size before relaxing)
 .debug_str     0x00000000000c6aa3      0x55d ./MiddleWares/Third_Party/FreeRTOS/org/Source/timers.o
                                       0xd4de (size before relaxing)
 .debug_str     0x00000000000c7000      0x77f ./MiddleWares/Third_Party/FreeRTOS/org/Source/portable/GCC/ARM_CM4F/port.o
                                       0x976d (size before relaxing)
 .debug_str     0x00000000000c777f      0x328 ./MiddleWares/Third_Party/FreeRTOS/org/Source/portable/MemMang/heap_4.o
                                       0xc14a (size before relaxing)

.comment        0x0000000000000000       0x50
 .comment       0x0000000000000000       0x50 ./Core/Src/main.o
                                         0x51 (size before relaxing)
 .comment       0x0000000000000050       0x51 ./Core/Src/stm32f4xx_hal_msp.o
 .comment       0x0000000000000050       0x51 ./Core/Src/stm32f4xx_it.o
 .comment       0x0000000000000050       0x51 ./Core/Src/system_stm32f4xx.o
 .comment       0x0000000000000050       0x51 ./Drivers/STM32F4xx_HAL_Driver/Src/stm32f4xx_hal.o
 .comment       0x0000000000000050       0x51 ./Drivers/STM32F4xx_HAL_Driver/Src/stm32f4xx_hal_cortex.o
 .comment       0x0000000000000050       0x51 ./Drivers/STM32F4xx_HAL_Driver/Src/stm32f4xx_hal_gpio.o
 .comment       0x0000000000000050       0x51 ./Drivers/STM32F4xx_HAL_Driver/Src/stm32f4xx_hal_rcc.o
 .comment       0x0000000000000050       0x51 ./MiddleWares/Third_Party/FreeRTOS/org/Source/list.o
 .comment       0x0000000000000050       0x51 ./MiddleWares/Third_Party/FreeRTOS/org/Source/queue.o
 .comment       0x0000000000000050       0x51 ./MiddleWares/Third_Party/FreeRTOS/org/Source/tasks.o
 .comment       0x0000000000000050       0x51 ./MiddleWares/Third_Party/FreeRTOS/org/Source/timers.o
 .comment       0x0000000000000050       0x51 ./MiddleWares/Third_Party/FreeRTOS/org/Source/portable/GCC/ARM_CM4F/port.o
 .comment       0x0000000000000050       0x51 ./MiddleWares/Third_Party/FreeRTOS/org/Source/portable/MemMang/heap_4.o

.debug_frame    0x0000000000000000     0x2320
 .debug_frame   0x0000000000000000       0xd0 ./Core/Src/main.o
 .debug_frame   0x00000000000000d0       0x38 ./Core/Src/stm32f4xx_hal_msp.o
 .debug_frame   0x0000000000000108       0x78 ./Core/Src/stm32f4xx_it.o
 .debug_frame   0x0000000000000180       0x58 ./Core/Src/system_stm32f4xx.o
 .debug_frame   0x00000000000001d8      0x374 ./Drivers/STM32F4xx_HAL_Driver/Src/stm32f4xx_hal.o
 .debug_frame   0x000000000000054c      0x498 ./Drivers/STM32F4xx_HAL_Driver/Src/stm32f4xx_hal_cortex.o
 .debug_frame   0x00000000000009e4      0x14c ./Drivers/STM32F4xx_HAL_Driver/Src/stm32f4xx_hal_gpio.o
 .debug_frame   0x0000000000000b30      0x1f4 ./Drivers/STM32F4xx_HAL_Driver/Src/stm32f4xx_hal_rcc.o
 .debug_frame   0x0000000000000d24       0xd8 ./MiddleWares/Third_Party/FreeRTOS/org/Source/list.o
 .debug_frame   0x0000000000000dfc      0x534 ./MiddleWares/Third_Party/FreeRTOS/org/Source/queue.o
 .debug_frame   0x0000000000001330      0x8a4 ./MiddleWares/Third_Party/FreeRTOS/org/Source/tasks.o
 .debug_frame   0x0000000000001bd4      0x3a4 ./MiddleWares/Third_Party/FreeRTOS/org/Source/timers.o
 .debug_frame   0x0000000000001f78      0x1a8 ./MiddleWares/Third_Party/FreeRTOS/org/Source/portable/GCC/ARM_CM4F/port.o
 .debug_frame   0x0000000000002120      0x12c ./MiddleWares/Third_Party/FreeRTOS/org/Source/portable/MemMang/heap_4.o
 .debug_frame   0x000000000000224c       0x2c c:/st/stm32cubeide_1.9.0/stm32cubeide/plugins/com.st.stm32cube.ide.mcu.externaltools.gnu-tools-for-stm32.10.3-2021.10.win32_1.0.0.202111181127/tools/bin/../lib/gcc/arm-none-eabi/10.3.1/../../../../arm-none-eabi/lib/thumb/v7e-m+fp/hard\libc_nano.a(lib_a-init.o)
 .debug_frame   0x0000000000002278       0x28 c:/st/stm32cubeide_1.9.0/stm32cubeide/plugins/com.st.stm32cube.ide.mcu.externaltools.gnu-tools-for-stm32.10.3-2021.10.win32_1.0.0.202111181127/tools/bin/../lib/gcc/arm-none-eabi/10.3.1/../../../../arm-none-eabi/lib/thumb/v7e-m+fp/hard\libc_nano.a(lib_a-memcpy-stub.o)
 .debug_frame   0x00000000000022a0       0x20 c:/st/stm32cubeide_1.9.0/stm32cubeide/plugins/com.st.stm32cube.ide.mcu.externaltools.gnu-tools-for-stm32.10.3-2021.10.win32_1.0.0.202111181127/tools/bin/../lib/gcc/arm-none-eabi/10.3.1/../../../../arm-none-eabi/lib/thumb/v7e-m+fp/hard\libc_nano.a(lib_a-memset.o)
 .debug_frame   0x00000000000022c0       0x2c c:/st/stm32cubeide_1.9.0/stm32cubeide/plugins/com.st.stm32cube.ide.mcu.externaltools.gnu-tools-for-stm32.10.3-2021.10.win32_1.0.0.202111181127/tools/bin/../lib/gcc/arm-none-eabi/10.3.1/thumb/v7e-m+fp/hard\libgcc.a(_aeabi_uldivmod.o)
 .debug_frame   0x00000000000022ec       0x34 c:/st/stm32cubeide_1.9.0/stm32cubeide/plugins/com.st.stm32cube.ide.mcu.externaltools.gnu-tools-for-stm32.10.3-2021.10.win32_1.0.0.202111181127/tools/bin/../lib/gcc/arm-none-eabi/10.3.1/thumb/v7e-m+fp/hard\libgcc.a(_udivmoddi4.o)
